2026-02-21 22:44:50.116 [INFO] Loaded dataset: rectgen_d2_N200000_alpha200_seed1 Dim= 2 R= 200000 S= 200000
2026-02-21 22:44:50.116 [INFO] Baseline: ours_highdims_adaptive method= ours variant= adaptive Dim= 2
2026-02-21 22:44:57.075 [INFO] Run ok (rep= 0 ) Dim= 2 wall_ms= 6958.27 count= 8.00296e+07 (exact) samples= 100000
2026-02-21 22:45:04.507 [INFO] Run ok (rep= 1 ) Dim= 2 wall_ms= 7432.44 count= 8.00296e+07 (exact) samples= 100000
2026-02-21 22:45:12.045 [INFO] Run ok (rep= 2 ) Dim= 2 wall_ms= 7537.58 count= 8.00296e+07 (exact) samples= 100000
2026-02-21 22:45:19.497 [INFO] Run ok (rep= 3 ) Dim= 2 wall_ms= 7452.26 count= 8.00296e+07 (exact) samples= 100000
2026-02-21 22:45:26.944 [INFO] Run ok (rep= 4 ) Dim= 2 wall_ms= 7446.34 count= 8.00296e+07 (exact) samples= 100000
2026-02-21 22:45:26.944 [INFO] Wall-time summary (ms) [all]: {"n":5,"mean":7365.38,"stdev":231.296,"sem":103.439,"min":6958.27,"max":7537.58,"median":7446.34,"p90":7503.45,"p95":7520.51,"p99":7534.16}
2026-02-21 22:45:26.944 [INFO] Wall-time summary (ms) [ok-only]: {"n":5,"mean":7365.38,"stdev":231.296,"sem":103.439,"min":6958.27,"max":7537.58,"median":7446.34,"p90":7503.45,"p95":7520.51,"p99":7534.16} ok_rate= 1
2026-02-21 22:45:26.944 [INFO] Wrote results to: results/exp2_d2/B_N/rectgen_d2_N200000_alpha200_seed1/t100000/sjs_sampling/ours/adaptive/run.csv
	Command being timed: "timeout -k 30s 7200s /home/dhy/PhD/SJS/build/release/sjs_run --dataset_source=binary --dataset=rectgen_d2_N200000_alpha200_seed1 --dim=2 --path_r=data/synthetic/exp2_d2/rectgen_d2_N200000_alpha200_seed1/R.bin --path_s=data/synthetic/exp2_d2/rectgen_d2_N200000_alpha200_seed1/S.bin --method=ours --variant=adaptive --t=100000 --seed=1 --repeats=5 --threads=1 --out_dir=results/exp2_d2/B_N/rectgen_d2_N200000_alpha200_seed1/t100000/sjs_sampling/ours/adaptive --results_file=results/exp2_d2/B_N/rectgen_d2_N200000_alpha200_seed1/t100000/sjs_sampling/ours/adaptive/run.csv --write_samples=0 --verify=0 --enum_cap=0 --budget=10000000 --w_small=1024 --prefetch=1"
	User time (seconds): 37.31
	System time (seconds): 0.11
	Percent of CPU this job got: 99%
	Elapsed (wall clock) time (h:mm:ss or m:ss): 0:37.44
	Average shared text size (kbytes): 0
	Average unshared data size (kbytes): 0
	Average stack size (kbytes): 0
	Average total size (kbytes): 0
	Maximum resident set size (kbytes): 384156
	Average resident set size (kbytes): 0
	Major (requiring I/O) page faults: 0
	Minor (reclaiming a frame) page faults: 123866
	Voluntary context switches: 3
	Involuntary context switches: 3672
	Swaps: 0
	File system inputs: 0
	File system outputs: 32
	Socket messages sent: 0
	Socket messages received: 0
	Signals delivered: 0
	Page size (bytes): 4096
	Exit status: 0
