2026-02-21 22:34:30.240 [INFO] Loaded dataset: rectgen_d2_N1000000_alpha1000_seed1 Dim= 2 R= 1000000 S= 1000000
2026-02-21 22:34:30.240 [INFO] Baseline: ours_highdims_sampling method= ours variant= sampling Dim= 2
2026-02-21 22:35:18.835 [INFO] Run ok (rep= 0 ) Dim= 2 wall_ms= 48594.7 count= 1.99532e+09 (exact) samples= 100000
2026-02-21 22:36:10.910 [INFO] Run ok (rep= 1 ) Dim= 2 wall_ms= 52075.5 count= 1.99532e+09 (exact) samples= 100000
2026-02-21 22:37:02.732 [INFO] Run ok (rep= 2 ) Dim= 2 wall_ms= 51821.3 count= 1.99532e+09 (exact) samples= 100000
2026-02-21 22:37:54.487 [INFO] Run ok (rep= 3 ) Dim= 2 wall_ms= 51755.6 count= 1.99532e+09 (exact) samples= 100000
2026-02-21 22:38:49.402 [INFO] Run ok (rep= 4 ) Dim= 2 wall_ms= 54914.9 count= 1.99532e+09 (exact) samples= 100000
2026-02-21 22:38:49.403 [INFO] Wall-time summary (ms) [all]: {"n":5,"mean":51832.4,"stdev":2238.84,"sem":1001.24,"min":48594.7,"max":54914.9,"median":51821.3,"p90":53779.2,"p95":54347.1,"p99":54801.4}
2026-02-21 22:38:49.403 [INFO] Wall-time summary (ms) [ok-only]: {"n":5,"mean":51832.4,"stdev":2238.84,"sem":1001.24,"min":48594.7,"max":54914.9,"median":51821.3,"p90":53779.2,"p95":54347.1,"p99":54801.4} ok_rate= 1
2026-02-21 22:38:49.403 [INFO] Wrote results to: results/exp2_d2/A_alpha/rectgen_d2_N1000000_alpha1000_seed1/t100000/sjs_adaptive/ours/sampling/run.csv
	Command being timed: "timeout -k 30s 7200s /home/dhy/PhD/SJS/build/release/sjs_run --dataset_source=binary --dataset=rectgen_d2_N1000000_alpha1000_seed1 --dim=2 --path_r=data/synthetic/exp2_d2/rectgen_d2_N1000000_alpha1000_seed1/R.bin --path_s=data/synthetic/exp2_d2/rectgen_d2_N1000000_alpha1000_seed1/S.bin --method=ours --variant=sampling --t=100000 --seed=1 --repeats=5 --threads=1 --out_dir=results/exp2_d2/A_alpha/rectgen_d2_N1000000_alpha1000_seed1/t100000/sjs_adaptive/ours/sampling --results_file=results/exp2_d2/A_alpha/rectgen_d2_N1000000_alpha1000_seed1/t100000/sjs_adaptive/ours/sampling/run.csv --write_samples=0 --verify=0 --enum_cap=0 --budget=10000000 --w_small=1024 --prefetch=1"
	User time (seconds): 260.21
	System time (seconds): 2.39
	Percent of CPU this job got: 99%
	Elapsed (wall clock) time (h:mm:ss or m:ss): 4:22.70
	Average shared text size (kbytes): 0
	Average unshared data size (kbytes): 0
	Average stack size (kbytes): 0
	Average total size (kbytes): 0
	Maximum resident set size (kbytes): 1559916
	Average resident set size (kbytes): 0
	Major (requiring I/O) page faults: 0
	Minor (reclaiming a frame) page faults: 884094
	Voluntary context switches: 3
	Involuntary context switches: 26212
	Swaps: 0
	File system inputs: 0
	File system outputs: 64
	Socket messages sent: 0
	Socket messages received: 0
	Signals delivered: 0
	Page size (bytes): 4096
	Exit status: 0
