2026-02-21 20:41:20.718 [INFO] Loaded dataset: rectgen_d2_N1000000_alpha200_seed1 Dim= 2 R= 1000000 S= 1000000
2026-02-21 20:41:20.718 [INFO] Baseline: kd_tree_sampling method= kd_tree variant= sampling Dim= 2
2026-02-21 20:41:36.597 [INFO] Run ok (rep= 0 ) Dim= 2 wall_ms= 15878.9 count= 4.03242e+08 (exact) samples= 30000000
2026-02-21 20:41:52.472 [INFO] Run ok (rep= 1 ) Dim= 2 wall_ms= 15866.2 count= 4.03242e+08 (exact) samples= 30000000
2026-02-21 20:42:08.301 [INFO] Run ok (rep= 2 ) Dim= 2 wall_ms= 15819.5 count= 4.03242e+08 (exact) samples= 30000000
2026-02-21 20:42:24.150 [INFO] Run ok (rep= 3 ) Dim= 2 wall_ms= 15840.2 count= 4.03242e+08 (exact) samples= 30000000
2026-02-21 20:42:40.016 [INFO] Run ok (rep= 4 ) Dim= 2 wall_ms= 15857.1 count= 4.03242e+08 (exact) samples= 30000000
2026-02-21 20:42:40.024 [INFO] Wall-time summary (ms) [all]: {"n":5,"mean":15852.4,"stdev":23.1551,"sem":10.3553,"min":15819.5,"max":15878.9,"median":15857.1,"p90":15873.8,"p95":15876.3,"p99":15878.4}
2026-02-21 20:42:40.024 [INFO] Wall-time summary (ms) [ok-only]: {"n":5,"mean":15852.4,"stdev":23.1551,"sem":10.3553,"min":15819.5,"max":15878.9,"median":15857.1,"p90":15873.8,"p95":15876.3,"p99":15878.4} ok_rate= 1
2026-02-21 20:42:40.024 [INFO] Wrote results to: results/exp2_d2/C_t/rectgen_d2_N1000000_alpha200_seed1/t30000000/kds_sampling/kd_tree/sampling/run.csv
	Command being timed: "timeout -k 30s 7200s /home/dhy/PhD/SJS/build/release/sjs_run --dataset_source=binary --dataset=rectgen_d2_N1000000_alpha200_seed1 --dim=2 --path_r=data/synthetic/exp2_d2/rectgen_d2_N1000000_alpha200_seed1/R.bin --path_s=data/synthetic/exp2_d2/rectgen_d2_N1000000_alpha200_seed1/S.bin --method=kd_tree --variant=sampling --t=30000000 --seed=1 --repeats=5 --threads=1 --out_dir=results/exp2_d2/C_t/rectgen_d2_N1000000_alpha200_seed1/t30000000/kds_sampling/kd_tree/sampling --results_file=results/exp2_d2/C_t/rectgen_d2_N1000000_alpha200_seed1/t30000000/kds_sampling/kd_tree/sampling/run.csv --write_samples=0 --verify=0 --enum_cap=0 --budget=10000000 --w_small=1024 --prefetch=1"
	User time (seconds): 78.78
	System time (seconds): 0.62
	Percent of CPU this job got: 99%
	Elapsed (wall clock) time (h:mm:ss or m:ss): 1:19.46
	Average shared text size (kbytes): 0
	Average unshared data size (kbytes): 0
	Average stack size (kbytes): 0
	Average total size (kbytes): 0
	Maximum resident set size (kbytes): 490960
	Average resident set size (kbytes): 0
	Major (requiring I/O) page faults: 0
	Minor (reclaiming a frame) page faults: 657868
	Voluntary context switches: 3
	Involuntary context switches: 8440
	Swaps: 0
	File system inputs: 0
	File system outputs: 32
	Socket messages sent: 0
	Socket messages received: 0
	Signals delivered: 0
	Page size (bytes): 4096
	Exit status: 0
