2026-02-21 22:49:56.212 [INFO] Loaded dataset: rectgen_d2_N2000000_alpha200_seed1 Dim= 2 R= 2000000 S= 2000000
2026-02-21 22:49:56.213 [INFO] Baseline: kd_tree_sampling method= kd_tree variant= sampling Dim= 2
2026-02-21 22:50:11.448 [INFO] Run ok (rep= 0 ) Dim= 2 wall_ms= 15235.4 count= 8.04064e+08 (exact) samples= 100000
2026-02-21 22:50:26.668 [INFO] Run ok (rep= 1 ) Dim= 2 wall_ms= 15219.4 count= 8.04064e+08 (exact) samples= 100000
2026-02-21 22:50:41.892 [INFO] Run ok (rep= 2 ) Dim= 2 wall_ms= 15224.1 count= 8.04064e+08 (exact) samples= 100000
2026-02-21 22:50:57.128 [INFO] Run ok (rep= 3 ) Dim= 2 wall_ms= 15235.8 count= 8.04064e+08 (exact) samples= 100000
2026-02-21 22:51:12.364 [INFO] Run ok (rep= 4 ) Dim= 2 wall_ms= 15236.2 count= 8.04064e+08 (exact) samples= 100000
2026-02-21 22:51:12.364 [INFO] Wall-time summary (ms) [all]: {"n":5,"mean":15230.2,"stdev":7.88834,"sem":3.52777,"min":15219.4,"max":15236.2,"median":15235.4,"p90":15236,"p95":15236.1,"p99":15236.2}
2026-02-21 22:51:12.364 [INFO] Wall-time summary (ms) [ok-only]: {"n":5,"mean":15230.2,"stdev":7.88834,"sem":3.52777,"min":15219.4,"max":15236.2,"median":15235.4,"p90":15236,"p95":15236.1,"p99":15236.2} ok_rate= 1
2026-02-21 22:51:12.364 [INFO] Wrote results to: results/exp2_d2/B_N/rectgen_d2_N2000000_alpha200_seed1/t100000/kds_sampling/kd_tree/sampling/run.csv
	Command being timed: "timeout -k 30s 7200s /home/dhy/PhD/SJS/build/release/sjs_run --dataset_source=binary --dataset=rectgen_d2_N2000000_alpha200_seed1 --dim=2 --path_r=data/synthetic/exp2_d2/rectgen_d2_N2000000_alpha200_seed1/R.bin --path_s=data/synthetic/exp2_d2/rectgen_d2_N2000000_alpha200_seed1/S.bin --method=kd_tree --variant=sampling --t=100000 --seed=1 --repeats=5 --threads=1 --out_dir=results/exp2_d2/B_N/rectgen_d2_N2000000_alpha200_seed1/t100000/kds_sampling/kd_tree/sampling --results_file=results/exp2_d2/B_N/rectgen_d2_N2000000_alpha200_seed1/t100000/kds_sampling/kd_tree/sampling/run.csv --write_samples=0 --verify=0 --enum_cap=0 --budget=10000000 --w_small=1024 --prefetch=1"
	User time (seconds): 76.26
	System time (seconds): 0.13
	Percent of CPU this job got: 99%
	Elapsed (wall clock) time (h:mm:ss or m:ss): 1:16.45
	Average shared text size (kbytes): 0
	Average unshared data size (kbytes): 0
	Average stack size (kbytes): 0
	Average total size (kbytes): 0
	Maximum resident set size (kbytes): 321860
	Average resident set size (kbytes): 0
	Major (requiring I/O) page faults: 0
	Minor (reclaiming a frame) page faults: 144105
	Voluntary context switches: 3
	Involuntary context switches: 7622
	Swaps: 0
	File system inputs: 0
	File system outputs: 32
	Socket messages sent: 0
	Socket messages received: 0
	Signals delivered: 0
	Page size (bytes): 4096
	Exit status: 0
