2026-02-21 17:34:45.981 [INFO] Loaded dataset: rectgen_d2_N1000000_alpha1000_seed1 Dim= 2 R= 1000000 S= 1000000
2026-02-21 17:34:45.981 [INFO] Baseline: range_tree_enum+sampling method= range_tree variant= enum_sampling Dim= 2
2026-02-21 17:37:16.329 [INFO] Run ok (rep= 0 ) Dim= 2 wall_ms= 150348 count= 1.99532e+09 (exact) samples= 100000
2026-02-21 17:39:38.021 [INFO] Run ok (rep= 1 ) Dim= 2 wall_ms= 141692 count= 1.99532e+09 (exact) samples= 100000
2026-02-21 17:41:59.209 [INFO] Run ok (rep= 2 ) Dim= 2 wall_ms= 141187 count= 1.99532e+09 (exact) samples= 100000
2026-02-21 17:44:19.903 [INFO] Run ok (rep= 3 ) Dim= 2 wall_ms= 140694 count= 1.99532e+09 (exact) samples= 100000
2026-02-21 17:46:40.109 [INFO] Run ok (rep= 4 ) Dim= 2 wall_ms= 140206 count= 1.99532e+09 (exact) samples= 100000
2026-02-21 17:46:40.110 [INFO] Wall-time summary (ms) [all]: {"n":5,"mean":142826,"stdev":4241.25,"sem":1896.74,"min":140206,"max":150348,"median":141187,"p90":146886,"p95":148617,"p99":150001}
2026-02-21 17:46:40.110 [INFO] Wall-time summary (ms) [ok-only]: {"n":5,"mean":142826,"stdev":4241.25,"sem":1896.74,"min":140206,"max":150348,"median":141187,"p90":146886,"p95":148617,"p99":150001} ok_rate= 1
2026-02-21 17:46:40.110 [INFO] Wrote results to: results/exp2_d2/A_alpha/rectgen_d2_N1000000_alpha1000_seed1/t100000/rt_enum/range_tree/enum_sampling/run.csv
	Command being timed: "timeout -k 30s 7200s /home/dhy/PhD/SJS/build/release/sjs_run --dataset_source=binary --dataset=rectgen_d2_N1000000_alpha1000_seed1 --dim=2 --path_r=data/synthetic/exp2_d2/rectgen_d2_N1000000_alpha1000_seed1/R.bin --path_s=data/synthetic/exp2_d2/rectgen_d2_N1000000_alpha1000_seed1/S.bin --method=range_tree --variant=enum_sampling --t=100000 --seed=1 --repeats=5 --threads=1 --out_dir=results/exp2_d2/A_alpha/rectgen_d2_N1000000_alpha1000_seed1/t100000/rt_enum/range_tree/enum_sampling --results_file=results/exp2_d2/A_alpha/rectgen_d2_N1000000_alpha1000_seed1/t100000/rt_enum/range_tree/enum_sampling/run.csv --write_samples=0 --verify=0 --enum_cap=0 --budget=10000000 --w_small=1024 --prefetch=1"
	User time (seconds): 707.70
	System time (seconds): 6.52
	Percent of CPU this job got: 99%
	Elapsed (wall clock) time (h:mm:ss or m:ss): 11:54.57
	Average shared text size (kbytes): 0
	Average unshared data size (kbytes): 0
	Average stack size (kbytes): 0
	Average total size (kbytes): 0
	Maximum resident set size (kbytes): 17308048
	Average resident set size (kbytes): 0
	Major (requiring I/O) page faults: 0
	Minor (reclaiming a frame) page faults: 8306976
	Voluntary context switches: 3
	Involuntary context switches: 77781
	Swaps: 0
	File system inputs: 0
	File system outputs: 64
	Socket messages sent: 0
	Socket messages received: 0
	Signals delivered: 0
	Page size (bytes): 4096
	Exit status: 0
