2026-02-21 22:22:03.915 [INFO] Loaded dataset: rectgen_d2_N1000000_alpha1_seed1 Dim= 2 R= 1000000 S= 1000000
2026-02-21 22:22:03.915 [INFO] Baseline: kd_tree_sampling method= kd_tree variant= sampling Dim= 2
2026-02-21 22:22:04.938 [INFO] Run ok (rep= 0 ) Dim= 2 wall_ms= 1023.04 count= 2.01488e+06 (exact) samples= 100000
2026-02-21 22:22:05.942 [INFO] Run ok (rep= 1 ) Dim= 2 wall_ms= 1004.19 count= 2.01488e+06 (exact) samples= 100000
2026-02-21 22:22:06.942 [INFO] Run ok (rep= 2 ) Dim= 2 wall_ms= 999.536 count= 2.01488e+06 (exact) samples= 100000
2026-02-21 22:22:07.940 [INFO] Run ok (rep= 3 ) Dim= 2 wall_ms= 998.501 count= 2.01488e+06 (exact) samples= 100000
2026-02-21 22:22:08.940 [INFO] Run ok (rep= 4 ) Dim= 2 wall_ms= 999.252 count= 2.01488e+06 (exact) samples= 100000
2026-02-21 22:22:08.940 [INFO] Wall-time summary (ms) [all]: {"n":5,"mean":1004.9,"stdev":10.3813,"sem":4.64267,"min":998.501,"max":1023.04,"median":999.536,"p90":1015.5,"p95":1019.27,"p99":1022.28}
2026-02-21 22:22:08.940 [INFO] Wall-time summary (ms) [ok-only]: {"n":5,"mean":1004.9,"stdev":10.3813,"sem":4.64267,"min":998.501,"max":1023.04,"median":999.536,"p90":1015.5,"p95":1019.27,"p99":1022.28} ok_rate= 1
2026-02-21 22:22:08.940 [INFO] Wrote results to: results/exp2_d2/A_alpha/rectgen_d2_N1000000_alpha1_seed1/t100000/kds_sampling/kd_tree/sampling/run.csv
	Command being timed: "timeout -k 30s 7200s /home/dhy/PhD/SJS/build/release/sjs_run --dataset_source=binary --dataset=rectgen_d2_N1000000_alpha1_seed1 --dim=2 --path_r=data/synthetic/exp2_d2/rectgen_d2_N1000000_alpha1_seed1/R.bin --path_s=data/synthetic/exp2_d2/rectgen_d2_N1000000_alpha1_seed1/S.bin --method=kd_tree --variant=sampling --t=100000 --seed=1 --repeats=5 --threads=1 --out_dir=results/exp2_d2/A_alpha/rectgen_d2_N1000000_alpha1_seed1/t100000/kds_sampling/kd_tree/sampling --results_file=results/exp2_d2/A_alpha/rectgen_d2_N1000000_alpha1_seed1/t100000/kds_sampling/kd_tree/sampling/run.csv --write_samples=0 --verify=0 --enum_cap=0 --budget=10000000 --w_small=1024 --prefetch=1"
	User time (seconds): 5.10
	System time (seconds): 0.06
	Percent of CPU this job got: 99%
	Elapsed (wall clock) time (h:mm:ss or m:ss): 0:05.17
	Average shared text size (kbytes): 0
	Average unshared data size (kbytes): 0
	Average stack size (kbytes): 0
	Average total size (kbytes): 0
	Maximum resident set size (kbytes): 164104
	Average resident set size (kbytes): 0
	Major (requiring I/O) page faults: 0
	Minor (reclaiming a frame) page faults: 72387
	Voluntary context switches: 3
	Involuntary context switches: 525
	Swaps: 0
	File system inputs: 0
	File system outputs: 24
	Socket messages sent: 0
	Socket messages received: 0
	Signals delivered: 0
	Page size (bytes): 4096
	Exit status: 0
