2026-02-21 22:25:04.277 [INFO] Loaded dataset: rectgen_d2_N1000000_alpha10_seed1 Dim= 2 R= 1000000 S= 1000000
2026-02-21 22:25:04.277 [INFO] Baseline: ours_highdims_adaptive method= ours variant= adaptive Dim= 2
2026-02-21 22:25:45.333 [INFO] Run ok (rep= 0 ) Dim= 2 wall_ms= 41056.3 count= 2.01001e+07 (exact) samples= 100000
2026-02-21 22:26:30.264 [INFO] Run ok (rep= 1 ) Dim= 2 wall_ms= 44931.1 count= 2.01001e+07 (exact) samples= 100000
2026-02-21 22:27:15.837 [INFO] Run ok (rep= 2 ) Dim= 2 wall_ms= 45570 count= 2.01001e+07 (exact) samples= 100000
2026-02-21 22:28:01.227 [INFO] Run ok (rep= 3 ) Dim= 2 wall_ms= 45389 count= 2.01001e+07 (exact) samples= 100000
2026-02-21 22:28:44.576 [INFO] Run ok (rep= 4 ) Dim= 2 wall_ms= 43347.4 count= 2.01001e+07 (exact) samples= 100000
2026-02-21 22:28:44.577 [INFO] Wall-time summary (ms) [all]: {"n":5,"mean":44058.8,"stdev":1893.12,"sem":846.628,"min":41056.3,"max":45570,"median":44931.1,"p90":45497.6,"p95":45533.8,"p99":45562.8}
2026-02-21 22:28:44.577 [INFO] Wall-time summary (ms) [ok-only]: {"n":5,"mean":44058.8,"stdev":1893.12,"sem":846.628,"min":41056.3,"max":45570,"median":44931.1,"p90":45497.6,"p95":45533.8,"p99":45562.8} ok_rate= 1
2026-02-21 22:28:44.577 [INFO] Wrote results to: results/exp2_d2/A_alpha/rectgen_d2_N1000000_alpha10_seed1/t100000/sjs_sampling/ours/adaptive/run.csv
	Command being timed: "timeout -k 30s 7200s /home/dhy/PhD/SJS/build/release/sjs_run --dataset_source=binary --dataset=rectgen_d2_N1000000_alpha10_seed1 --dim=2 --path_r=data/synthetic/exp2_d2/rectgen_d2_N1000000_alpha10_seed1/R.bin --path_s=data/synthetic/exp2_d2/rectgen_d2_N1000000_alpha10_seed1/S.bin --method=ours --variant=adaptive --t=100000 --seed=1 --repeats=5 --threads=1 --out_dir=results/exp2_d2/A_alpha/rectgen_d2_N1000000_alpha10_seed1/t100000/sjs_sampling/ours/adaptive --results_file=results/exp2_d2/A_alpha/rectgen_d2_N1000000_alpha10_seed1/t100000/sjs_sampling/ours/adaptive/run.csv --write_samples=0 --verify=0 --enum_cap=0 --budget=10000000 --w_small=1024 --prefetch=1"
	User time (seconds): 221.57
	System time (seconds): 1.91
	Percent of CPU this job got: 99%
	Elapsed (wall clock) time (h:mm:ss or m:ss): 3:43.57
	Average shared text size (kbytes): 0
	Average unshared data size (kbytes): 0
	Average stack size (kbytes): 0
	Average total size (kbytes): 0
	Maximum resident set size (kbytes): 1620112
	Average resident set size (kbytes): 0
	Major (requiring I/O) page faults: 0
	Minor (reclaiming a frame) page faults: 918443
	Voluntary context switches: 3
	Involuntary context switches: 22607
	Swaps: 0
	File system inputs: 0
	File system outputs: 64
	Socket messages sent: 0
	Socket messages received: 0
	Signals delivered: 0
	Page size (bytes): 4096
	Exit status: 0
