2026-02-21 22:44:50.114 [INFO] Loaded dataset: rectgen_d2_N200000_alpha200_seed1 Dim= 2 R= 200000 S= 200000
2026-02-21 22:44:50.114 [INFO] Baseline: range_tree_adaptive method= range_tree variant= adaptive Dim= 2
2026-02-21 22:44:59.000 [INFO] Run ok (rep= 0 ) Dim= 2 wall_ms= 8885.93 count= 8.00296e+07 (exact) samples= 100000
2026-02-21 22:45:07.831 [INFO] Run ok (rep= 1 ) Dim= 2 wall_ms= 8830.47 count= 8.00296e+07 (exact) samples= 100000
2026-02-21 22:45:16.650 [INFO] Run ok (rep= 2 ) Dim= 2 wall_ms= 8819.08 count= 8.00296e+07 (exact) samples= 100000
2026-02-21 22:45:25.408 [INFO] Run ok (rep= 3 ) Dim= 2 wall_ms= 8758.65 count= 8.00296e+07 (exact) samples= 100000
2026-02-21 22:45:34.252 [INFO] Run ok (rep= 4 ) Dim= 2 wall_ms= 8843.29 count= 8.00296e+07 (exact) samples= 100000
2026-02-21 22:45:34.252 [INFO] Wall-time summary (ms) [all]: {"n":5,"mean":8827.48,"stdev":46.0504,"sem":20.5944,"min":8758.65,"max":8885.93,"median":8830.47,"p90":8868.87,"p95":8877.4,"p99":8884.22}
2026-02-21 22:45:34.252 [INFO] Wall-time summary (ms) [ok-only]: {"n":5,"mean":8827.48,"stdev":46.0504,"sem":20.5944,"min":8758.65,"max":8885.93,"median":8830.47,"p90":8868.87,"p95":8877.4,"p99":8884.22} ok_rate= 1
2026-02-21 22:45:34.252 [INFO] Wrote results to: results/exp2_d2/B_N/rectgen_d2_N200000_alpha200_seed1/t100000/rt_sampling/range_tree/adaptive/run.csv
	Command being timed: "timeout -k 30s 7200s /home/dhy/PhD/SJS/build/release/sjs_run --dataset_source=binary --dataset=rectgen_d2_N200000_alpha200_seed1 --dim=2 --path_r=data/synthetic/exp2_d2/rectgen_d2_N200000_alpha200_seed1/R.bin --path_s=data/synthetic/exp2_d2/rectgen_d2_N200000_alpha200_seed1/S.bin --method=range_tree --variant=adaptive --t=100000 --seed=1 --repeats=5 --threads=1 --out_dir=results/exp2_d2/B_N/rectgen_d2_N200000_alpha200_seed1/t100000/rt_sampling/range_tree/adaptive --results_file=results/exp2_d2/B_N/rectgen_d2_N200000_alpha200_seed1/t100000/rt_sampling/range_tree/adaptive/run.csv --write_samples=0 --verify=0 --enum_cap=0 --budget=10000000 --w_small=1024 --prefetch=1"
	User time (seconds): 44.12
	System time (seconds): 0.05
	Percent of CPU this job got: 99%
	Elapsed (wall clock) time (h:mm:ss or m:ss): 0:44.19
	Average shared text size (kbytes): 0
	Average unshared data size (kbytes): 0
	Average stack size (kbytes): 0
	Average total size (kbytes): 0
	Maximum resident set size (kbytes): 208424
	Average resident set size (kbytes): 0
	Major (requiring I/O) page faults: 0
	Minor (reclaiming a frame) page faults: 71854
	Voluntary context switches: 3
	Involuntary context switches: 4308
	Swaps: 0
	File system inputs: 0
	File system outputs: 32
	Socket messages sent: 0
	Socket messages received: 0
	Signals delivered: 0
	Page size (bytes): 4096
	Exit status: 0
