2026-02-21 21:28:42.215 [INFO] Loaded dataset: rectgen_d2_N1000000_alpha200_seed1 Dim= 2 R= 1000000 S= 1000000
2026-02-21 21:28:42.215 [INFO] Baseline: ours_highdims_sampling method= ours variant= sampling Dim= 2
2026-02-21 21:30:07.085 [INFO] Run ok (rep= 0 ) Dim= 2 wall_ms= 84869.7 count= 4.03242e+08 (exact) samples= 300000000
2026-02-21 21:31:34.979 [INFO] Run ok (rep= 1 ) Dim= 2 wall_ms= 87859.9 count= 4.03242e+08 (exact) samples= 300000000
2026-02-21 21:33:03.201 [INFO] Run ok (rep= 2 ) Dim= 2 wall_ms= 88188.1 count= 4.03242e+08 (exact) samples= 300000000
2026-02-21 21:34:31.337 [INFO] Run ok (rep= 3 ) Dim= 2 wall_ms= 88101.7 count= 4.03242e+08 (exact) samples= 300000000
2026-02-21 21:35:59.604 [INFO] Run ok (rep= 4 ) Dim= 2 wall_ms= 88233.6 count= 4.03242e+08 (exact) samples= 300000000
2026-02-21 21:35:59.638 [INFO] Wall-time summary (ms) [all]: {"n":5,"mean":87450.6,"stdev":1449.95,"sem":648.437,"min":84869.7,"max":88233.6,"median":88101.7,"p90":88215.4,"p95":88224.5,"p99":88231.8}
2026-02-21 21:35:59.638 [INFO] Wall-time summary (ms) [ok-only]: {"n":5,"mean":87450.6,"stdev":1449.95,"sem":648.437,"min":84869.7,"max":88233.6,"median":88101.7,"p90":88215.4,"p95":88224.5,"p99":88231.8} ok_rate= 1
2026-02-21 21:35:59.638 [INFO] Wrote results to: results/exp2_d2/C_t/rectgen_d2_N1000000_alpha200_seed1/t300000000/sjs_adaptive/ours/sampling/run.csv
	Command being timed: "timeout -k 30s 7200s /home/dhy/PhD/SJS/build/release/sjs_run --dataset_source=binary --dataset=rectgen_d2_N1000000_alpha200_seed1 --dim=2 --path_r=data/synthetic/exp2_d2/rectgen_d2_N1000000_alpha200_seed1/R.bin --path_s=data/synthetic/exp2_d2/rectgen_d2_N1000000_alpha200_seed1/S.bin --method=ours --variant=sampling --t=300000000 --seed=1 --repeats=5 --threads=1 --out_dir=results/exp2_d2/C_t/rectgen_d2_N1000000_alpha200_seed1/t300000000/sjs_adaptive/ours/sampling --results_file=results/exp2_d2/C_t/rectgen_d2_N1000000_alpha200_seed1/t300000000/sjs_adaptive/ours/sampling/run.csv --write_samples=0 --verify=0 --enum_cap=0 --budget=10000000 --w_small=1024 --prefetch=1"
	User time (seconds): 435.24
	System time (seconds): 5.31
	Percent of CPU this job got: 99%
	Elapsed (wall clock) time (h:mm:ss or m:ss): 7:20.77
	Average shared text size (kbytes): 0
	Average unshared data size (kbytes): 0
	Average stack size (kbytes): 0
	Average total size (kbytes): 0
	Maximum resident set size (kbytes): 5031072
	Average resident set size (kbytes): 0
	Major (requiring I/O) page faults: 0
	Minor (reclaiming a frame) page faults: 6382919
	Voluntary context switches: 3
	Involuntary context switches: 42166
	Swaps: 0
	File system inputs: 0
	File system outputs: 64
	Socket messages sent: 0
	Socket messages received: 0
	Signals delivered: 0
	Page size (bytes): 4096
	Exit status: 0
