2026-02-21 17:55:15.539 [INFO] Loaded dataset: rectgen_d2_N1000000_alpha200_seed1 Dim= 2 R= 1000000 S= 1000000
2026-02-21 17:55:15.539 [INFO] Baseline: range_tree_enum+sampling method= range_tree variant= enum_sampling Dim= 2
2026-02-21 17:56:15.167 [INFO] Run ok (rep= 0 ) Dim= 2 wall_ms= 59627.3 count= 4.03242e+08 (exact) samples= 100000
2026-02-21 17:57:12.253 [INFO] Run ok (rep= 1 ) Dim= 2 wall_ms= 57085.8 count= 4.03242e+08 (exact) samples= 100000
2026-02-21 17:58:09.874 [INFO] Run ok (rep= 2 ) Dim= 2 wall_ms= 57620.8 count= 4.03242e+08 (exact) samples= 100000
2026-02-21 17:59:07.130 [INFO] Run ok (rep= 3 ) Dim= 2 wall_ms= 57256.4 count= 4.03242e+08 (exact) samples= 100000
2026-02-21 18:00:05.455 [INFO] Run ok (rep= 4 ) Dim= 2 wall_ms= 58324.7 count= 4.03242e+08 (exact) samples= 100000
2026-02-21 18:00:05.455 [INFO] Wall-time summary (ms) [all]: {"n":5,"mean":57983,"stdev":1034.96,"sem":462.846,"min":57085.8,"max":59627.3,"median":57620.8,"p90":59106.3,"p95":59366.8,"p99":59575.2}
2026-02-21 18:00:05.455 [INFO] Wall-time summary (ms) [ok-only]: {"n":5,"mean":57983,"stdev":1034.96,"sem":462.846,"min":57085.8,"max":59627.3,"median":57620.8,"p90":59106.3,"p95":59366.8,"p99":59575.2} ok_rate= 1
2026-02-21 18:00:05.455 [INFO] Wrote results to: results/exp2_d2/B_N/rectgen_d2_N1000000_alpha200_seed1/t100000/rt_enum/range_tree/enum_sampling/run.csv
	Command being timed: "timeout -k 30s 7200s /home/dhy/PhD/SJS/build/release/sjs_run --dataset_source=binary --dataset=rectgen_d2_N1000000_alpha200_seed1 --dim=2 --path_r=data/synthetic/exp2_d2/rectgen_d2_N1000000_alpha200_seed1/R.bin --path_s=data/synthetic/exp2_d2/rectgen_d2_N1000000_alpha200_seed1/S.bin --method=range_tree --variant=enum_sampling --t=100000 --seed=1 --repeats=5 --threads=1 --out_dir=results/exp2_d2/B_N/rectgen_d2_N1000000_alpha200_seed1/t100000/rt_enum/range_tree/enum_sampling --results_file=results/exp2_d2/B_N/rectgen_d2_N1000000_alpha200_seed1/t100000/rt_enum/range_tree/enum_sampling/run.csv --write_samples=0 --verify=0 --enum_cap=0 --budget=10000000 --w_small=1024 --prefetch=1"
	User time (seconds): 287.57
	System time (seconds): 2.48
	Percent of CPU this job got: 99%
	Elapsed (wall clock) time (h:mm:ss or m:ss): 4:50.19
	Average shared text size (kbytes): 0
	Average unshared data size (kbytes): 0
	Average stack size (kbytes): 0
	Average total size (kbytes): 0
	Maximum resident set size (kbytes): 4693536
	Average resident set size (kbytes): 0
	Major (requiring I/O) page faults: 0
	Minor (reclaiming a frame) page faults: 2444014
	Voluntary context switches: 3
	Involuntary context switches: 30727
	Swaps: 0
	File system inputs: 0
	File system outputs: 64
	Socket messages sent: 0
	Socket messages received: 0
	Signals delivered: 0
	Page size (bytes): 4096
	Exit status: 0
