2026-02-21 20:20:51.176 [INFO] Loaded dataset: rectgen_d2_N1000000_alpha200_seed1 Dim= 2 R= 1000000 S= 1000000
2026-02-21 20:20:51.176 [INFO] Baseline: range_tree_enum+sampling method= range_tree variant= enum_sampling Dim= 2
2026-02-21 20:21:52.335 [INFO] Run ok (rep= 0 ) Dim= 2 wall_ms= 61158.4 count= 4.03242e+08 (exact) samples= 30000000
2026-02-21 20:22:51.304 [INFO] Run ok (rep= 1 ) Dim= 2 wall_ms= 58966.1 count= 4.03242e+08 (exact) samples= 30000000
2026-02-21 20:23:49.938 [INFO] Run ok (rep= 2 ) Dim= 2 wall_ms= 58629.9 count= 4.03242e+08 (exact) samples= 30000000
2026-02-21 20:24:49.248 [INFO] Run ok (rep= 3 ) Dim= 2 wall_ms= 59306.1 count= 4.03242e+08 (exact) samples= 30000000
2026-02-21 20:25:48.343 [INFO] Run ok (rep= 4 ) Dim= 2 wall_ms= 59090.9 count= 4.03242e+08 (exact) samples= 30000000
2026-02-21 20:25:48.347 [INFO] Wall-time summary (ms) [all]: {"n":5,"mean":59430.3,"stdev":996.648,"sem":445.715,"min":58629.9,"max":61158.4,"median":59090.9,"p90":60417.5,"p95":60788,"p99":61084.4}
2026-02-21 20:25:48.347 [INFO] Wall-time summary (ms) [ok-only]: {"n":5,"mean":59430.3,"stdev":996.648,"sem":445.715,"min":58629.9,"max":61158.4,"median":59090.9,"p90":60417.5,"p95":60788,"p99":61084.4} ok_rate= 1
2026-02-21 20:25:48.347 [INFO] Wrote results to: results/exp2_d2/C_t/rectgen_d2_N1000000_alpha200_seed1/t30000000/rt_enum/range_tree/enum_sampling/run.csv
	Command being timed: "timeout -k 30s 7200s /home/dhy/PhD/SJS/build/release/sjs_run --dataset_source=binary --dataset=rectgen_d2_N1000000_alpha200_seed1 --dim=2 --path_r=data/synthetic/exp2_d2/rectgen_d2_N1000000_alpha200_seed1/R.bin --path_s=data/synthetic/exp2_d2/rectgen_d2_N1000000_alpha200_seed1/S.bin --method=range_tree --variant=enum_sampling --t=30000000 --seed=1 --repeats=5 --threads=1 --out_dir=results/exp2_d2/C_t/rectgen_d2_N1000000_alpha200_seed1/t30000000/rt_enum/range_tree/enum_sampling --results_file=results/exp2_d2/C_t/rectgen_d2_N1000000_alpha200_seed1/t30000000/rt_enum/range_tree/enum_sampling/run.csv --write_samples=0 --verify=0 --enum_cap=0 --budget=10000000 --w_small=1024 --prefetch=1"
	User time (seconds): 294.63
	System time (seconds): 2.67
	Percent of CPU this job got: 99%
	Elapsed (wall clock) time (h:mm:ss or m:ss): 4:57.44
	Average shared text size (kbytes): 0
	Average unshared data size (kbytes): 0
	Average stack size (kbytes): 0
	Average total size (kbytes): 0
	Maximum resident set size (kbytes): 4693652
	Average resident set size (kbytes): 0
	Major (requiring I/O) page faults: 0
	Minor (reclaiming a frame) page faults: 2347772
	Voluntary context switches: 3
	Involuntary context switches: 32008
	Swaps: 0
	File system inputs: 0
	File system outputs: 64
	Socket messages sent: 0
	Socket messages received: 0
	Signals delivered: 0
	Page size (bytes): 4096
	Exit status: 0
