2026-02-21 22:53:05.928 [INFO] Loaded dataset: rectgen_d2_N5000000_alpha200_seed1 Dim= 2 R= 5000000 S= 5000000
2026-02-21 22:53:05.928 [INFO] Baseline: range_tree_sampling method= range_tree variant= sampling Dim= 2
2026-02-21 23:03:34.044 [INFO] Run ok (rep= 0 ) Dim= 2 wall_ms= 628115 count= 2.00523e+09 (exact) samples= 100000
2026-02-21 23:14:05.181 [INFO] Run ok (rep= 1 ) Dim= 2 wall_ms= 631137 count= 2.00523e+09 (exact) samples= 100000
2026-02-21 23:24:09.426 [INFO] Run ok (rep= 2 ) Dim= 2 wall_ms= 604245 count= 2.00523e+09 (exact) samples= 100000
2026-02-21 23:34:21.232 [INFO] Run ok (rep= 3 ) Dim= 2 wall_ms= 611807 count= 2.00523e+09 (exact) samples= 100000
2026-02-21 23:44:43.855 [INFO] Run ok (rep= 4 ) Dim= 2 wall_ms= 622623 count= 2.00523e+09 (exact) samples= 100000
2026-02-21 23:44:43.855 [INFO] Wall-time summary (ms) [all]: {"n":5,"mean":619585,"stdev":11305.5,"sem":5055.98,"min":604245,"max":631137,"median":622623,"p90":629928,"p95":630533,"p99":631016}
2026-02-21 23:44:43.855 [INFO] Wall-time summary (ms) [ok-only]: {"n":5,"mean":619585,"stdev":11305.5,"sem":5055.98,"min":604245,"max":631137,"median":622623,"p90":629928,"p95":630533,"p99":631016} ok_rate= 1
2026-02-21 23:44:43.855 [INFO] Wrote results to: results/exp2_d2/B_N/rectgen_d2_N5000000_alpha200_seed1/t100000/rt_adaptive/range_tree/sampling/run.csv
	Command being timed: "timeout -k 30s 7200s /home/dhy/PhD/SJS/build/release/sjs_run --dataset_source=binary --dataset=rectgen_d2_N5000000_alpha200_seed1 --dim=2 --path_r=data/synthetic/exp2_d2/rectgen_d2_N5000000_alpha200_seed1/R.bin --path_s=data/synthetic/exp2_d2/rectgen_d2_N5000000_alpha200_seed1/S.bin --method=range_tree --variant=sampling --t=100000 --seed=1 --repeats=5 --threads=1 --out_dir=results/exp2_d2/B_N/rectgen_d2_N5000000_alpha200_seed1/t100000/rt_adaptive/range_tree/sampling --results_file=results/exp2_d2/B_N/rectgen_d2_N5000000_alpha200_seed1/t100000/rt_adaptive/range_tree/sampling/run.csv --write_samples=0 --verify=0 --enum_cap=0 --budget=10000000 --w_small=1024 --prefetch=1"
	User time (seconds): 3091.43
	System time (seconds): 6.67
	Percent of CPU this job got: 99%
	Elapsed (wall clock) time (h:mm:ss or m:ss): 51:39.05
	Average shared text size (kbytes): 0
	Average unshared data size (kbytes): 0
	Average stack size (kbytes): 0
	Average total size (kbytes): 0
	Maximum resident set size (kbytes): 2936260
	Average resident set size (kbytes): 0
	Major (requiring I/O) page faults: 0
	Minor (reclaiming a frame) page faults: 1923126
	Voluntary context switches: 3
	Involuntary context switches: 324185
	Swaps: 0
	File system inputs: 0
	File system outputs: 64
	Socket messages sent: 0
	Socket messages received: 0
	Signals delivered: 0
	Page size (bytes): 4096
	Exit status: 0
