2026-02-21 22:25:04.282 [INFO] Loaded dataset: rectgen_d2_N1000000_alpha10_seed1 Dim= 2 R= 1000000 S= 1000000
2026-02-21 22:25:04.282 [INFO] Baseline: range_tree_sampling method= range_tree variant= sampling Dim= 2
2026-02-21 22:25:47.879 [INFO] Run ok (rep= 0 ) Dim= 2 wall_ms= 43596.8 count= 2.01001e+07 (exact) samples= 100000
2026-02-21 22:26:32.021 [INFO] Run ok (rep= 1 ) Dim= 2 wall_ms= 44141.8 count= 2.01001e+07 (exact) samples= 100000
2026-02-21 22:27:15.858 [INFO] Run ok (rep= 2 ) Dim= 2 wall_ms= 43836.6 count= 2.01001e+07 (exact) samples= 100000
2026-02-21 22:28:00.159 [INFO] Run ok (rep= 3 ) Dim= 2 wall_ms= 44300.7 count= 2.01001e+07 (exact) samples= 100000
2026-02-21 22:28:44.412 [INFO] Run ok (rep= 4 ) Dim= 2 wall_ms= 44253.5 count= 2.01001e+07 (exact) samples= 100000
2026-02-21 22:28:44.412 [INFO] Wall-time summary (ms) [all]: {"n":5,"mean":44025.9,"stdev":300.283,"sem":134.291,"min":43596.8,"max":44300.7,"median":44141.8,"p90":44281.8,"p95":44291.2,"p99":44298.8}
2026-02-21 22:28:44.412 [INFO] Wall-time summary (ms) [ok-only]: {"n":5,"mean":44025.9,"stdev":300.283,"sem":134.291,"min":43596.8,"max":44300.7,"median":44141.8,"p90":44281.8,"p95":44291.2,"p99":44298.8} ok_rate= 1
2026-02-21 22:28:44.412 [INFO] Wrote results to: results/exp2_d2/A_alpha/rectgen_d2_N1000000_alpha10_seed1/t100000/rt_adaptive/range_tree/sampling/run.csv
	Command being timed: "timeout -k 30s 7200s /home/dhy/PhD/SJS/build/release/sjs_run --dataset_source=binary --dataset=rectgen_d2_N1000000_alpha10_seed1 --dim=2 --path_r=data/synthetic/exp2_d2/rectgen_d2_N1000000_alpha10_seed1/R.bin --path_s=data/synthetic/exp2_d2/rectgen_d2_N1000000_alpha10_seed1/S.bin --method=range_tree --variant=sampling --t=100000 --seed=1 --repeats=5 --threads=1 --out_dir=results/exp2_d2/A_alpha/rectgen_d2_N1000000_alpha10_seed1/t100000/rt_adaptive/range_tree/sampling --results_file=results/exp2_d2/A_alpha/rectgen_d2_N1000000_alpha10_seed1/t100000/rt_adaptive/range_tree/sampling/run.csv --write_samples=0 --verify=0 --enum_cap=0 --budget=10000000 --w_small=1024 --prefetch=1"
	User time (seconds): 220.07
	System time (seconds): 0.19
	Percent of CPU this job got: 99%
	Elapsed (wall clock) time (h:mm:ss or m:ss): 3:40.35
	Average shared text size (kbytes): 0
	Average unshared data size (kbytes): 0
	Average stack size (kbytes): 0
	Average total size (kbytes): 0
	Maximum resident set size (kbytes): 678768
	Average resident set size (kbytes): 0
	Major (requiring I/O) page faults: 0
	Minor (reclaiming a frame) page faults: 250129
	Voluntary context switches: 3
	Involuntary context switches: 22290
	Swaps: 0
	File system inputs: 0
	File system outputs: 64
	Socket messages sent: 0
	Socket messages received: 0
	Signals delivered: 0
	Page size (bytes): 4096
	Exit status: 0
