2026-02-21 19:49:10.154 [INFO] Loaded dataset: rectgen_d2_N1000000_alpha200_seed1 Dim= 2 R= 1000000 S= 1000000
2026-02-21 19:49:10.155 [INFO] Baseline: ours_highdims_enum+sampling method= ours variant= enum_sampling Dim= 2
2026-02-21 19:49:50.782 [INFO] Run ok (rep= 0 ) Dim= 2 wall_ms= 40627.2 count= 4.03242e+08 (exact) samples= 3000000
2026-02-21 19:50:32.660 [INFO] Run ok (rep= 1 ) Dim= 2 wall_ms= 41877.3 count= 4.03242e+08 (exact) samples= 3000000
2026-02-21 19:51:14.456 [INFO] Run ok (rep= 2 ) Dim= 2 wall_ms= 41796.3 count= 4.03242e+08 (exact) samples= 3000000
2026-02-21 19:51:56.071 [INFO] Run ok (rep= 3 ) Dim= 2 wall_ms= 41614.3 count= 4.03242e+08 (exact) samples= 3000000
2026-02-21 19:52:37.734 [INFO] Run ok (rep= 4 ) Dim= 2 wall_ms= 41662.8 count= 4.03242e+08 (exact) samples= 3000000
2026-02-21 19:52:37.734 [INFO] Wall-time summary (ms) [all]: {"n":5,"mean":41515.6,"stdev":507.536,"sem":226.977,"min":40627.2,"max":41877.3,"median":41662.8,"p90":41844.9,"p95":41861.1,"p99":41874.1}
2026-02-21 19:52:37.734 [INFO] Wall-time summary (ms) [ok-only]: {"n":5,"mean":41515.6,"stdev":507.536,"sem":226.977,"min":40627.2,"max":41877.3,"median":41662.8,"p90":41844.9,"p95":41861.1,"p99":41874.1} ok_rate= 1
2026-02-21 19:52:37.734 [INFO] Wrote results to: results/exp2_d2/C_t/rectgen_d2_N1000000_alpha200_seed1/t3000000/sjs_enum/ours/enum_sampling/run.csv
	Command being timed: "timeout -k 30s 7200s /home/dhy/PhD/SJS/build/release/sjs_run --dataset_source=binary --dataset=rectgen_d2_N1000000_alpha200_seed1 --dim=2 --path_r=data/synthetic/exp2_d2/rectgen_d2_N1000000_alpha200_seed1/R.bin --path_s=data/synthetic/exp2_d2/rectgen_d2_N1000000_alpha200_seed1/S.bin --method=ours --variant=enum_sampling --t=3000000 --seed=1 --repeats=5 --threads=1 --out_dir=results/exp2_d2/C_t/rectgen_d2_N1000000_alpha200_seed1/t3000000/sjs_enum/ours/enum_sampling --results_file=results/exp2_d2/C_t/rectgen_d2_N1000000_alpha200_seed1/t3000000/sjs_enum/ours/enum_sampling/run.csv --write_samples=0 --verify=0 --enum_cap=0 --budget=10000000 --w_small=1024 --prefetch=1"
	User time (seconds): 208.41
	System time (seconds): 2.55
	Percent of CPU this job got: 99%
	Elapsed (wall clock) time (h:mm:ss or m:ss): 3:31.06
	Average shared text size (kbytes): 0
	Average unshared data size (kbytes): 0
	Average stack size (kbytes): 0
	Average total size (kbytes): 0
	Maximum resident set size (kbytes): 5409876
	Average resident set size (kbytes): 0
	Major (requiring I/O) page faults: 0
	Minor (reclaiming a frame) page faults: 2280030
	Voluntary context switches: 3
	Involuntary context switches: 22523
	Swaps: 0
	File system inputs: 0
	File system outputs: 64
	Socket messages sent: 0
	Socket messages received: 0
	Signals delivered: 0
	Page size (bytes): 4096
	Exit status: 0
