2026-02-21 18:00:05.874 [INFO] Loaded dataset: rectgen_d2_N2000000_alpha200_seed1 Dim= 2 R= 2000000 S= 2000000
2026-02-21 18:00:05.874 [INFO] Baseline: ours_highdims_enum+sampling method= ours variant= enum_sampling Dim= 2
2026-02-21 18:01:38.873 [INFO] Run ok (rep= 0 ) Dim= 2 wall_ms= 92999.2 count= 8.04064e+08 (exact) samples= 100000
2026-02-21 18:03:14.099 [INFO] Run ok (rep= 1 ) Dim= 2 wall_ms= 95225.4 count= 8.04064e+08 (exact) samples= 100000
2026-02-21 18:04:49.047 [INFO] Run ok (rep= 2 ) Dim= 2 wall_ms= 94947.9 count= 8.04064e+08 (exact) samples= 100000
2026-02-21 18:06:23.875 [INFO] Run ok (rep= 3 ) Dim= 2 wall_ms= 94827.9 count= 8.04064e+08 (exact) samples= 100000
2026-02-21 18:07:58.642 [INFO] Run ok (rep= 4 ) Dim= 2 wall_ms= 94766.7 count= 8.04064e+08 (exact) samples= 100000
2026-02-21 18:07:58.642 [INFO] Wall-time summary (ms) [all]: {"n":5,"mean":94553.4,"stdev":886.488,"sem":396.449,"min":92999.2,"max":95225.4,"median":94827.9,"p90":95114.4,"p95":95169.9,"p99":95214.3}
2026-02-21 18:07:58.642 [INFO] Wall-time summary (ms) [ok-only]: {"n":5,"mean":94553.4,"stdev":886.488,"sem":396.449,"min":92999.2,"max":95225.4,"median":94827.9,"p90":95114.4,"p95":95169.9,"p99":95214.3} ok_rate= 1
2026-02-21 18:07:58.642 [INFO] Wrote results to: results/exp2_d2/B_N/rectgen_d2_N2000000_alpha200_seed1/t100000/sjs_enum/ours/enum_sampling/run.csv
	Command being timed: "timeout -k 30s 7200s /home/dhy/PhD/SJS/build/release/sjs_run --dataset_source=binary --dataset=rectgen_d2_N2000000_alpha200_seed1 --dim=2 --path_r=data/synthetic/exp2_d2/rectgen_d2_N2000000_alpha200_seed1/R.bin --path_s=data/synthetic/exp2_d2/rectgen_d2_N2000000_alpha200_seed1/S.bin --method=ours --variant=enum_sampling --t=100000 --seed=1 --repeats=5 --threads=1 --out_dir=results/exp2_d2/B_N/rectgen_d2_N2000000_alpha200_seed1/t100000/sjs_enum/ours/enum_sampling --results_file=results/exp2_d2/B_N/rectgen_d2_N2000000_alpha200_seed1/t100000/sjs_enum/ours/enum_sampling/run.csv --write_samples=0 --verify=0 --enum_cap=0 --budget=10000000 --w_small=1024 --prefetch=1"
	User time (seconds): 474.37
	System time (seconds): 5.23
	Percent of CPU this job got: 99%
	Elapsed (wall clock) time (h:mm:ss or m:ss): 7:59.84
	Average shared text size (kbytes): 0
	Average unshared data size (kbytes): 0
	Average stack size (kbytes): 0
	Average total size (kbytes): 0
	Maximum resident set size (kbytes): 10783516
	Average resident set size (kbytes): 0
	Major (requiring I/O) page faults: 0
	Minor (reclaiming a frame) page faults: 4569188
	Voluntary context switches: 3
	Involuntary context switches: 50164
	Swaps: 0
	File system inputs: 0
	File system outputs: 64
	Socket messages sent: 0
	Socket messages received: 0
	Signals delivered: 0
	Page size (bytes): 4096
	Exit status: 0
