2026-02-21 22:35:58.419 [INFO] Loaded dataset: rectgen_d2_N1000000_alpha1000_seed1 Dim= 2 R= 1000000 S= 1000000
2026-02-21 22:35:58.420 [INFO] Baseline: range_tree_sampling method= range_tree variant= sampling Dim= 2
2026-02-21 22:37:44.056 [INFO] Run ok (rep= 0 ) Dim= 2 wall_ms= 105637 count= 1.99532e+09 (exact) samples= 100000
2026-02-21 22:39:28.717 [INFO] Run ok (rep= 1 ) Dim= 2 wall_ms= 104661 count= 1.99532e+09 (exact) samples= 100000
2026-02-21 22:41:11.483 [INFO] Run ok (rep= 2 ) Dim= 2 wall_ms= 102766 count= 1.99532e+09 (exact) samples= 100000
2026-02-21 22:42:53.678 [INFO] Run ok (rep= 3 ) Dim= 2 wall_ms= 102194 count= 1.99532e+09 (exact) samples= 100000
2026-02-21 22:44:37.499 [INFO] Run ok (rep= 4 ) Dim= 2 wall_ms= 103821 count= 1.99532e+09 (exact) samples= 100000
2026-02-21 22:44:37.499 [INFO] Wall-time summary (ms) [all]: {"n":5,"mean":103816,"stdev":1392.88,"sem":622.917,"min":102194,"max":105637,"median":103821,"p90":105246,"p95":105441,"p99":105598}
2026-02-21 22:44:37.499 [INFO] Wall-time summary (ms) [ok-only]: {"n":5,"mean":103816,"stdev":1392.88,"sem":622.917,"min":102194,"max":105637,"median":103821,"p90":105246,"p95":105441,"p99":105598} ok_rate= 1
2026-02-21 22:44:37.499 [INFO] Wrote results to: results/exp2_d2/A_alpha/rectgen_d2_N1000000_alpha1000_seed1/t100000/rt_adaptive/range_tree/sampling/run.csv
	Command being timed: "timeout -k 30s 7200s /home/dhy/PhD/SJS/build/release/sjs_run --dataset_source=binary --dataset=rectgen_d2_N1000000_alpha1000_seed1 --dim=2 --path_r=data/synthetic/exp2_d2/rectgen_d2_N1000000_alpha1000_seed1/R.bin --path_s=data/synthetic/exp2_d2/rectgen_d2_N1000000_alpha1000_seed1/S.bin --method=range_tree --variant=sampling --t=100000 --seed=1 --repeats=5 --threads=1 --out_dir=results/exp2_d2/A_alpha/rectgen_d2_N1000000_alpha1000_seed1/t100000/rt_adaptive/range_tree/sampling --results_file=results/exp2_d2/A_alpha/rectgen_d2_N1000000_alpha1000_seed1/t100000/rt_adaptive/range_tree/sampling/run.csv --write_samples=0 --verify=0 --enum_cap=0 --budget=10000000 --w_small=1024 --prefetch=1"
	User time (seconds): 518.47
	System time (seconds): 0.66
	Percent of CPU this job got: 99%
	Elapsed (wall clock) time (h:mm:ss or m:ss): 8:39.31
	Average shared text size (kbytes): 0
	Average unshared data size (kbytes): 0
	Average stack size (kbytes): 0
	Average total size (kbytes): 0
	Maximum resident set size (kbytes): 764164
	Average resident set size (kbytes): 0
	Major (requiring I/O) page faults: 0
	Minor (reclaiming a frame) page faults: 385613
	Voluntary context switches: 3
	Involuntary context switches: 50875
	Swaps: 0
	File system inputs: 0
	File system outputs: 64
	Socket messages sent: 0
	Socket messages received: 0
	Signals delivered: 0
	Page size (bytes): 4096
	Exit status: 0
