2026-02-21 22:23:25.670 [INFO] Loaded dataset: rectgen_d2_N1000000_alpha3_seed1 Dim= 2 R= 1000000 S= 1000000
2026-02-21 22:23:25.670 [INFO] Baseline: ours_highdims_adaptive method= ours variant= adaptive Dim= 2
2026-02-21 22:23:50.300 [INFO] Run ok (rep= 0 ) Dim= 2 wall_ms= 24629.9 count= 6.03379e+06 (exact) samples= 100000
2026-02-21 22:24:17.900 [INFO] Run ok (rep= 1 ) Dim= 2 wall_ms= 27600.5 count= 6.03379e+06 (exact) samples= 100000
2026-02-21 22:24:45.265 [INFO] Run ok (rep= 2 ) Dim= 2 wall_ms= 27361.7 count= 6.03379e+06 (exact) samples= 100000
2026-02-21 22:25:12.747 [INFO] Run ok (rep= 3 ) Dim= 2 wall_ms= 27479.7 count= 6.03379e+06 (exact) samples= 100000
2026-02-21 22:25:40.249 [INFO] Run ok (rep= 4 ) Dim= 2 wall_ms= 27500.8 count= 6.03379e+06 (exact) samples= 100000
2026-02-21 22:25:40.250 [INFO] Wall-time summary (ms) [all]: {"n":5,"mean":26914.5,"stdev":1279.95,"sem":572.41,"min":24629.9,"max":27600.5,"median":27479.7,"p90":27560.6,"p95":27580.5,"p99":27596.5}
2026-02-21 22:25:40.250 [INFO] Wall-time summary (ms) [ok-only]: {"n":5,"mean":26914.5,"stdev":1279.95,"sem":572.41,"min":24629.9,"max":27600.5,"median":27479.7,"p90":27560.6,"p95":27580.5,"p99":27596.5} ok_rate= 1
2026-02-21 22:25:40.250 [INFO] Wrote results to: results/exp2_d2/A_alpha/rectgen_d2_N1000000_alpha3_seed1/t100000/sjs_sampling/ours/adaptive/run.csv
	Command being timed: "timeout -k 30s 7200s /home/dhy/PhD/SJS/build/release/sjs_run --dataset_source=binary --dataset=rectgen_d2_N1000000_alpha3_seed1 --dim=2 --path_r=data/synthetic/exp2_d2/rectgen_d2_N1000000_alpha3_seed1/R.bin --path_s=data/synthetic/exp2_d2/rectgen_d2_N1000000_alpha3_seed1/S.bin --method=ours --variant=adaptive --t=100000 --seed=1 --repeats=5 --threads=1 --out_dir=results/exp2_d2/A_alpha/rectgen_d2_N1000000_alpha3_seed1/t100000/sjs_sampling/ours/adaptive --results_file=results/exp2_d2/A_alpha/rectgen_d2_N1000000_alpha3_seed1/t100000/sjs_sampling/ours/adaptive/run.csv --write_samples=0 --verify=0 --enum_cap=0 --budget=10000000 --w_small=1024 --prefetch=1"
	User time (seconds): 136.65
	System time (seconds): 1.10
	Percent of CPU this job got: 99%
	Elapsed (wall clock) time (h:mm:ss or m:ss): 2:17.81
	Average shared text size (kbytes): 0
	Average unshared data size (kbytes): 0
	Average stack size (kbytes): 0
	Average total size (kbytes): 0
	Maximum resident set size (kbytes): 1599336
	Average resident set size (kbytes): 0
	Major (requiring I/O) page faults: 0
	Minor (reclaiming a frame) page faults: 536760
	Voluntary context switches: 3
	Involuntary context switches: 13925
	Swaps: 0
	File system inputs: 0
	File system outputs: 40
	Socket messages sent: 0
	Socket messages received: 0
	Signals delivered: 0
	Page size (bytes): 4096
	Exit status: 0
