2026-02-21 16:56:50.547 [INFO] Loaded dataset: rectgen_d2_N1000000_alpha1_seed1 Dim= 2 R= 1000000 S= 1000000
2026-02-21 16:56:50.548 [INFO] Baseline: range_tree_enum+sampling method= range_tree variant= enum_sampling Dim= 2
2026-02-21 16:57:10.091 [INFO] Run ok (rep= 0 ) Dim= 2 wall_ms= 19543.7 count= 2.01488e+06 (exact) samples= 100000
2026-02-21 16:57:29.465 [INFO] Run ok (rep= 1 ) Dim= 2 wall_ms= 19373.2 count= 2.01488e+06 (exact) samples= 100000
2026-02-21 16:57:48.992 [INFO] Run ok (rep= 2 ) Dim= 2 wall_ms= 19526.9 count= 2.01488e+06 (exact) samples= 100000
2026-02-21 16:58:08.603 [INFO] Run ok (rep= 3 ) Dim= 2 wall_ms= 19611.3 count= 2.01488e+06 (exact) samples= 100000
2026-02-21 16:58:28.001 [INFO] Run ok (rep= 4 ) Dim= 2 wall_ms= 19397.7 count= 2.01488e+06 (exact) samples= 100000
2026-02-21 16:58:28.001 [INFO] Wall-time summary (ms) [all]: {"n":5,"mean":19490.6,"stdev":101.399,"sem":45.3469,"min":19373.2,"max":19611.3,"median":19526.9,"p90":19584.3,"p95":19597.8,"p99":19608.6}
2026-02-21 16:58:28.001 [INFO] Wall-time summary (ms) [ok-only]: {"n":5,"mean":19490.6,"stdev":101.399,"sem":45.3469,"min":19373.2,"max":19611.3,"median":19526.9,"p90":19584.3,"p95":19597.8,"p99":19608.6} ok_rate= 1
2026-02-21 16:58:28.001 [INFO] Wrote results to: results/exp2_d2/A_alpha/rectgen_d2_N1000000_alpha1_seed1/t100000/rt_enum/range_tree/enum_sampling/run.csv
	Command being timed: "timeout -k 30s 7200s /home/dhy/PhD/SJS/build/release/sjs_run --dataset_source=binary --dataset=rectgen_d2_N1000000_alpha1_seed1 --dim=2 --path_r=data/synthetic/exp2_d2/rectgen_d2_N1000000_alpha1_seed1/R.bin --path_s=data/synthetic/exp2_d2/rectgen_d2_N1000000_alpha1_seed1/S.bin --method=range_tree --variant=enum_sampling --t=100000 --seed=1 --repeats=5 --threads=1 --out_dir=results/exp2_d2/A_alpha/rectgen_d2_N1000000_alpha1_seed1/t100000/rt_enum/range_tree/enum_sampling --results_file=results/exp2_d2/A_alpha/rectgen_d2_N1000000_alpha1_seed1/t100000/rt_enum/range_tree/enum_sampling/run.csv --write_samples=0 --verify=0 --enum_cap=0 --budget=10000000 --w_small=1024 --prefetch=1"
	User time (seconds): 97.43
	System time (seconds): 0.18
	Percent of CPU this job got: 99%
	Elapsed (wall clock) time (h:mm:ss or m:ss): 1:37.66
	Average shared text size (kbytes): 0
	Average unshared data size (kbytes): 0
	Average stack size (kbytes): 0
	Average total size (kbytes): 0
	Maximum resident set size (kbytes): 673472
	Average resident set size (kbytes): 0
	Major (requiring I/O) page faults: 0
	Minor (reclaiming a frame) page faults: 220778
	Voluntary context switches: 3
	Involuntary context switches: 10076
	Swaps: 0
	File system inputs: 0
	File system outputs: 40
	Socket messages sent: 0
	Socket messages received: 0
	Signals delivered: 0
	Page size (bytes): 4096
	Exit status: 0
