2026-02-21 22:25:04.273 [INFO] Loaded dataset: rectgen_d2_N1000000_alpha10_seed1 Dim= 2 R= 1000000 S= 1000000
2026-02-21 22:25:04.273 [INFO] Baseline: ours_highdims_sampling method= ours variant= sampling Dim= 2
2026-02-21 22:25:44.289 [INFO] Run ok (rep= 0 ) Dim= 2 wall_ms= 40016.2 count= 2.01001e+07 (exact) samples= 100000
2026-02-21 22:26:28.425 [INFO] Run ok (rep= 1 ) Dim= 2 wall_ms= 44135.8 count= 2.01001e+07 (exact) samples= 100000
2026-02-21 22:27:11.977 [INFO] Run ok (rep= 2 ) Dim= 2 wall_ms= 43551.5 count= 2.01001e+07 (exact) samples= 100000
2026-02-21 22:27:54.814 [INFO] Run ok (rep= 3 ) Dim= 2 wall_ms= 42837 count= 2.01001e+07 (exact) samples= 100000
2026-02-21 22:28:37.534 [INFO] Run ok (rep= 4 ) Dim= 2 wall_ms= 42719.5 count= 2.01001e+07 (exact) samples= 100000
2026-02-21 22:28:37.534 [INFO] Wall-time summary (ms) [all]: {"n":5,"mean":42652,"stdev":1580.89,"sem":706.994,"min":40016.2,"max":44135.8,"median":42837,"p90":43902.1,"p95":44018.9,"p99":44112.4}
2026-02-21 22:28:37.534 [INFO] Wall-time summary (ms) [ok-only]: {"n":5,"mean":42652,"stdev":1580.89,"sem":706.994,"min":40016.2,"max":44135.8,"median":42837,"p90":43902.1,"p95":44018.9,"p99":44112.4} ok_rate= 1
2026-02-21 22:28:37.534 [INFO] Wrote results to: results/exp2_d2/A_alpha/rectgen_d2_N1000000_alpha10_seed1/t100000/sjs_adaptive/ours/sampling/run.csv
	Command being timed: "timeout -k 30s 7200s /home/dhy/PhD/SJS/build/release/sjs_run --dataset_source=binary --dataset=rectgen_d2_N1000000_alpha10_seed1 --dim=2 --path_r=data/synthetic/exp2_d2/rectgen_d2_N1000000_alpha10_seed1/R.bin --path_s=data/synthetic/exp2_d2/rectgen_d2_N1000000_alpha10_seed1/S.bin --method=ours --variant=sampling --t=100000 --seed=1 --repeats=5 --threads=1 --out_dir=results/exp2_d2/A_alpha/rectgen_d2_N1000000_alpha10_seed1/t100000/sjs_adaptive/ours/sampling --results_file=results/exp2_d2/A_alpha/rectgen_d2_N1000000_alpha10_seed1/t100000/sjs_adaptive/ours/sampling/run.csv --write_samples=0 --verify=0 --enum_cap=0 --budget=10000000 --w_small=1024 --prefetch=1"
	User time (seconds): 215.15
	System time (seconds): 1.31
	Percent of CPU this job got: 99%
	Elapsed (wall clock) time (h:mm:ss or m:ss): 3:36.54
	Average shared text size (kbytes): 0
	Average unshared data size (kbytes): 0
	Average stack size (kbytes): 0
	Average total size (kbytes): 0
	Maximum resident set size (kbytes): 1484008
	Average resident set size (kbytes): 0
	Major (requiring I/O) page faults: 0
	Minor (reclaiming a frame) page faults: 802351
	Voluntary context switches: 3
	Involuntary context switches: 21949
	Swaps: 0
	File system inputs: 0
	File system outputs: 64
	Socket messages sent: 0
	Socket messages received: 0
	Signals delivered: 0
	Page size (bytes): 4096
	Exit status: 0
