2026-02-21 22:22:03.916 [INFO] Loaded dataset: rectgen_d2_N1000000_alpha3_seed1 Dim= 2 R= 1000000 S= 1000000
2026-02-21 22:22:03.917 [INFO] Baseline: ours_highdims_sampling method= ours variant= sampling Dim= 2
2026-02-21 22:22:40.782 [INFO] Run ok (rep= 0 ) Dim= 2 wall_ms= 36865.5 count= 6.03379e+06 (exact) samples= 100000
2026-02-21 22:23:19.924 [INFO] Run ok (rep= 1 ) Dim= 2 wall_ms= 39141.9 count= 6.03379e+06 (exact) samples= 100000
2026-02-21 22:23:59.121 [INFO] Run ok (rep= 2 ) Dim= 2 wall_ms= 39196.4 count= 6.03379e+06 (exact) samples= 100000
2026-02-21 22:24:38.609 [INFO] Run ok (rep= 3 ) Dim= 2 wall_ms= 39488.4 count= 6.03379e+06 (exact) samples= 100000
2026-02-21 22:25:17.430 [INFO] Run ok (rep= 4 ) Dim= 2 wall_ms= 38821.1 count= 6.03379e+06 (exact) samples= 100000
2026-02-21 22:25:17.431 [INFO] Wall-time summary (ms) [all]: {"n":5,"mean":38702.7,"stdev":1053.95,"sem":471.34,"min":36865.5,"max":39488.4,"median":39141.9,"p90":39371.6,"p95":39430,"p99":39476.7}
2026-02-21 22:25:17.431 [INFO] Wall-time summary (ms) [ok-only]: {"n":5,"mean":38702.7,"stdev":1053.95,"sem":471.34,"min":36865.5,"max":39488.4,"median":39141.9,"p90":39371.6,"p95":39430,"p99":39476.7} ok_rate= 1
2026-02-21 22:25:17.431 [INFO] Wrote results to: results/exp2_d2/A_alpha/rectgen_d2_N1000000_alpha3_seed1/t100000/sjs_adaptive/ours/sampling/run.csv
	Command being timed: "timeout -k 30s 7200s /home/dhy/PhD/SJS/build/release/sjs_run --dataset_source=binary --dataset=rectgen_d2_N1000000_alpha3_seed1 --dim=2 --path_r=data/synthetic/exp2_d2/rectgen_d2_N1000000_alpha3_seed1/R.bin --path_s=data/synthetic/exp2_d2/rectgen_d2_N1000000_alpha3_seed1/S.bin --method=ours --variant=sampling --t=100000 --seed=1 --repeats=5 --threads=1 --out_dir=results/exp2_d2/A_alpha/rectgen_d2_N1000000_alpha3_seed1/t100000/sjs_adaptive/ours/sampling --results_file=results/exp2_d2/A_alpha/rectgen_d2_N1000000_alpha3_seed1/t100000/sjs_adaptive/ours/sampling/run.csv --write_samples=0 --verify=0 --enum_cap=0 --budget=10000000 --w_small=1024 --prefetch=1"
	User time (seconds): 195.53
	System time (seconds): 1.17
	Percent of CPU this job got: 99%
	Elapsed (wall clock) time (h:mm:ss or m:ss): 3:16.78
	Average shared text size (kbytes): 0
	Average unshared data size (kbytes): 0
	Average stack size (kbytes): 0
	Average total size (kbytes): 0
	Maximum resident set size (kbytes): 1478948
	Average resident set size (kbytes): 0
	Major (requiring I/O) page faults: 0
	Minor (reclaiming a frame) page faults: 503635
	Voluntary context switches: 3
	Involuntary context switches: 19897
	Swaps: 0
	File system inputs: 0
	File system outputs: 64
	Socket messages sent: 0
	Socket messages received: 0
	Signals delivered: 0
	Page size (bytes): 4096
	Exit status: 0
