2026-02-21 22:21:58.216 [INFO] Loaded dataset: rectgen_d2_N1000000_alpha1_seed1 Dim= 2 R= 1000000 S= 1000000
2026-02-21 22:21:58.217 [INFO] Baseline: ours_highdims_adaptive method= ours variant= adaptive Dim= 2
2026-02-21 22:22:21.247 [INFO] Run ok (rep= 0 ) Dim= 2 wall_ms= 23030.1 count= 2.01488e+06 (exact) samples= 100000
2026-02-21 22:22:46.972 [INFO] Run ok (rep= 1 ) Dim= 2 wall_ms= 25724.8 count= 2.01488e+06 (exact) samples= 100000
2026-02-21 22:23:12.864 [INFO] Run ok (rep= 2 ) Dim= 2 wall_ms= 25890.8 count= 2.01488e+06 (exact) samples= 100000
2026-02-21 22:23:38.527 [INFO] Run ok (rep= 3 ) Dim= 2 wall_ms= 25661.9 count= 2.01488e+06 (exact) samples= 100000
2026-02-21 22:24:04.206 [INFO] Run ok (rep= 4 ) Dim= 2 wall_ms= 25678 count= 2.01488e+06 (exact) samples= 100000
2026-02-21 22:24:04.208 [INFO] Wall-time summary (ms) [all]: {"n":5,"mean":25197.1,"stdev":1214.81,"sem":543.279,"min":23030.1,"max":25890.8,"median":25678,"p90":25824.4,"p95":25857.6,"p99":25884.1}
2026-02-21 22:24:04.208 [INFO] Wall-time summary (ms) [ok-only]: {"n":5,"mean":25197.1,"stdev":1214.81,"sem":543.279,"min":23030.1,"max":25890.8,"median":25678,"p90":25824.4,"p95":25857.6,"p99":25884.1} ok_rate= 1
2026-02-21 22:24:04.208 [INFO] Wrote results to: results/exp2_d2/A_alpha/rectgen_d2_N1000000_alpha1_seed1/t100000/sjs_sampling/ours/adaptive/run.csv
	Command being timed: "timeout -k 30s 7200s /home/dhy/PhD/SJS/build/release/sjs_run --dataset_source=binary --dataset=rectgen_d2_N1000000_alpha1_seed1 --dim=2 --path_r=data/synthetic/exp2_d2/rectgen_d2_N1000000_alpha1_seed1/R.bin --path_s=data/synthetic/exp2_d2/rectgen_d2_N1000000_alpha1_seed1/S.bin --method=ours --variant=adaptive --t=100000 --seed=1 --repeats=5 --threads=1 --out_dir=results/exp2_d2/A_alpha/rectgen_d2_N1000000_alpha1_seed1/t100000/sjs_sampling/ours/adaptive --results_file=results/exp2_d2/A_alpha/rectgen_d2_N1000000_alpha1_seed1/t100000/sjs_sampling/ours/adaptive/run.csv --write_samples=0 --verify=0 --enum_cap=0 --budget=10000000 --w_small=1024 --prefetch=1"
	User time (seconds): 127.90
	System time (seconds): 1.26
	Percent of CPU this job got: 99%
	Elapsed (wall clock) time (h:mm:ss or m:ss): 2:09.22
	Average shared text size (kbytes): 0
	Average unshared data size (kbytes): 0
	Average stack size (kbytes): 0
	Average total size (kbytes): 0
	Maximum resident set size (kbytes): 1580864
	Average resident set size (kbytes): 0
	Major (requiring I/O) page faults: 0
	Minor (reclaiming a frame) page faults: 529905
	Voluntary context switches: 3
	Involuntary context switches: 13082
	Swaps: 0
	File system inputs: 0
	File system outputs: 40
	Socket messages sent: 0
	Socket messages received: 0
	Signals delivered: 0
	Page size (bytes): 4096
	Exit status: 0
