2026-02-21 23:03:39.087 [INFO] Loaded dataset: rectgen_d2_N1000000_alpha200_seed1 Dim= 2 R= 1000000 S= 1000000
2026-02-21 23:03:39.087 [INFO] Baseline: ours_highdims_sampling method= ours variant= sampling Dim= 2
2026-02-21 23:04:27.084 [INFO] Run ok (rep= 0 ) Dim= 2 wall_ms= 47997 count= 4.03242e+08 (exact) samples= 100000
2026-02-21 23:05:18.027 [INFO] Run ok (rep= 1 ) Dim= 2 wall_ms= 50943 count= 4.03242e+08 (exact) samples= 100000
2026-02-21 23:06:09.675 [INFO] Run ok (rep= 2 ) Dim= 2 wall_ms= 51647.5 count= 4.03242e+08 (exact) samples= 100000
2026-02-21 23:07:00.680 [INFO] Run ok (rep= 3 ) Dim= 2 wall_ms= 51005.1 count= 4.03242e+08 (exact) samples= 100000
2026-02-21 23:07:51.652 [INFO] Run ok (rep= 4 ) Dim= 2 wall_ms= 50972 count= 4.03242e+08 (exact) samples= 100000
2026-02-21 23:07:51.652 [INFO] Wall-time summary (ms) [all]: {"n":5,"mean":50512.9,"stdev":1436.58,"sem":642.46,"min":47997,"max":51647.5,"median":50972,"p90":51390.5,"p95":51519,"p99":51621.8}
2026-02-21 23:07:51.652 [INFO] Wall-time summary (ms) [ok-only]: {"n":5,"mean":50512.9,"stdev":1436.58,"sem":642.46,"min":47997,"max":51647.5,"median":50972,"p90":51390.5,"p95":51519,"p99":51621.8} ok_rate= 1
2026-02-21 23:07:51.652 [INFO] Wrote results to: results/exp2_d2/C_t/rectgen_d2_N1000000_alpha200_seed1/t100000/sjs_adaptive/ours/sampling/run.csv
	Command being timed: "timeout -k 30s 7200s /home/dhy/PhD/SJS/build/release/sjs_run --dataset_source=binary --dataset=rectgen_d2_N1000000_alpha200_seed1 --dim=2 --path_r=data/synthetic/exp2_d2/rectgen_d2_N1000000_alpha200_seed1/R.bin --path_s=data/synthetic/exp2_d2/rectgen_d2_N1000000_alpha200_seed1/S.bin --method=ours --variant=sampling --t=100000 --seed=1 --repeats=5 --threads=1 --out_dir=results/exp2_d2/C_t/rectgen_d2_N1000000_alpha200_seed1/t100000/sjs_adaptive/ours/sampling --results_file=results/exp2_d2/C_t/rectgen_d2_N1000000_alpha200_seed1/t100000/sjs_adaptive/ours/sampling/run.csv --write_samples=0 --verify=0 --enum_cap=0 --budget=10000000 --w_small=1024 --prefetch=1"
	User time (seconds): 255.21
	System time (seconds): 0.60
	Percent of CPU this job got: 99%
	Elapsed (wall clock) time (h:mm:ss or m:ss): 4:15.92
	Average shared text size (kbytes): 0
	Average unshared data size (kbytes): 0
	Average stack size (kbytes): 0
	Average total size (kbytes): 0
	Maximum resident set size (kbytes): 1516448
	Average resident set size (kbytes): 0
	Major (requiring I/O) page faults: 0
	Minor (reclaiming a frame) page faults: 523138
	Voluntary context switches: 3
	Involuntary context switches: 25567
	Swaps: 0
	File system inputs: 0
	File system outputs: 64
	Socket messages sent: 0
	Socket messages received: 0
	Signals delivered: 0
	Page size (bytes): 4096
	Exit status: 0
