2026-02-21 22:44:50.157 [INFO] Loaded dataset: rectgen_d2_N500000_alpha200_seed1 Dim= 2 R= 500000 S= 500000
2026-02-21 22:44:50.157 [INFO] Baseline: ours_highdims_sampling method= ours variant= sampling Dim= 2
2026-02-21 22:45:11.229 [INFO] Run ok (rep= 0 ) Dim= 2 wall_ms= 21071.8 count= 1.98605e+08 (exact) samples= 100000
2026-02-21 22:45:33.754 [INFO] Run ok (rep= 1 ) Dim= 2 wall_ms= 22524.5 count= 1.98605e+08 (exact) samples= 100000
2026-02-21 22:45:56.431 [INFO] Run ok (rep= 2 ) Dim= 2 wall_ms= 22677 count= 1.98605e+08 (exact) samples= 100000
2026-02-21 22:46:19.063 [INFO] Run ok (rep= 3 ) Dim= 2 wall_ms= 22632 count= 1.98605e+08 (exact) samples= 100000
2026-02-21 22:46:41.568 [INFO] Run ok (rep= 4 ) Dim= 2 wall_ms= 22505.4 count= 1.98605e+08 (exact) samples= 100000
2026-02-21 22:46:41.569 [INFO] Wall-time summary (ms) [all]: {"n":5,"mean":22282.1,"stdev":680.432,"sem":304.299,"min":21071.8,"max":22677,"median":22524.5,"p90":22659,"p95":22668,"p99":22675.2}
2026-02-21 22:46:41.569 [INFO] Wall-time summary (ms) [ok-only]: {"n":5,"mean":22282.1,"stdev":680.432,"sem":304.299,"min":21071.8,"max":22677,"median":22524.5,"p90":22659,"p95":22668,"p99":22675.2} ok_rate= 1
2026-02-21 22:46:41.569 [INFO] Wrote results to: results/exp2_d2/B_N/rectgen_d2_N500000_alpha200_seed1/t100000/sjs_adaptive/ours/sampling/run.csv
	Command being timed: "timeout -k 30s 7200s /home/dhy/PhD/SJS/build/release/sjs_run --dataset_source=binary --dataset=rectgen_d2_N500000_alpha200_seed1 --dim=2 --path_r=data/synthetic/exp2_d2/rectgen_d2_N500000_alpha200_seed1/R.bin --path_s=data/synthetic/exp2_d2/rectgen_d2_N500000_alpha200_seed1/S.bin --method=ours --variant=sampling --t=100000 --seed=1 --repeats=5 --threads=1 --out_dir=results/exp2_d2/B_N/rectgen_d2_N500000_alpha200_seed1/t100000/sjs_adaptive/ours/sampling --results_file=results/exp2_d2/B_N/rectgen_d2_N500000_alpha200_seed1/t100000/sjs_adaptive/ours/sampling/run.csv --write_samples=0 --verify=0 --enum_cap=0 --budget=10000000 --w_small=1024 --prefetch=1"
	User time (seconds): 112.75
	System time (seconds): 0.29
	Percent of CPU this job got: 99%
	Elapsed (wall clock) time (h:mm:ss or m:ss): 1:53.09
	Average shared text size (kbytes): 0
	Average unshared data size (kbytes): 0
	Average stack size (kbytes): 0
	Average total size (kbytes): 0
	Maximum resident set size (kbytes): 766132
	Average resident set size (kbytes): 0
	Major (requiring I/O) page faults: 0
	Minor (reclaiming a frame) page faults: 263478
	Voluntary context switches: 3
	Involuntary context switches: 11149
	Swaps: 0
	File system inputs: 0
	File system outputs: 40
	Socket messages sent: 0
	Socket messages received: 0
	Signals delivered: 0
	Page size (bytes): 4096
	Exit status: 0
