2026-02-21 23:56:14.873 [INFO] Loaded dataset: rectgen_d2_N1000000_alpha200_seed1 Dim= 2 R= 1000000 S= 1000000
2026-02-21 23:56:14.873 [INFO] Baseline: ours_highdims_sampling method= ours variant= sampling Dim= 2
2026-02-21 23:57:12.711 [INFO] Run ok (rep= 0 ) Dim= 2 wall_ms= 57837.9 count= 4.03242e+08 (exact) samples= 3000000
2026-02-21 23:58:11.901 [INFO] Run ok (rep= 1 ) Dim= 2 wall_ms= 59190.3 count= 4.03242e+08 (exact) samples= 3000000
2026-02-21 23:59:11.280 [INFO] Run ok (rep= 2 ) Dim= 2 wall_ms= 59378.8 count= 4.03242e+08 (exact) samples= 3000000
2026-02-22 00:00:10.632 [INFO] Run ok (rep= 3 ) Dim= 2 wall_ms= 59351.9 count= 4.03242e+08 (exact) samples= 3000000
2026-02-22 00:01:10.117 [INFO] Run ok (rep= 4 ) Dim= 2 wall_ms= 59484.5 count= 4.03242e+08 (exact) samples= 3000000
2026-02-22 00:01:10.117 [INFO] Wall-time summary (ms) [all]: {"n":5,"mean":59048.7,"stdev":684.989,"sem":306.337,"min":57837.9,"max":59484.5,"median":59351.9,"p90":59442.2,"p95":59463.3,"p99":59480.2}
2026-02-22 00:01:10.117 [INFO] Wall-time summary (ms) [ok-only]: {"n":5,"mean":59048.7,"stdev":684.989,"sem":306.337,"min":57837.9,"max":59484.5,"median":59351.9,"p90":59442.2,"p95":59463.3,"p99":59480.2} ok_rate= 1
2026-02-22 00:01:10.117 [INFO] Wrote results to: results/exp2_d2/C_t/rectgen_d2_N1000000_alpha200_seed1/t3000000/sjs_adaptive/ours/sampling/run.csv
	Command being timed: "timeout -k 30s 7200s /home/dhy/PhD/SJS/build/release/sjs_run --dataset_source=binary --dataset=rectgen_d2_N1000000_alpha200_seed1 --dim=2 --path_r=data/synthetic/exp2_d2/rectgen_d2_N1000000_alpha200_seed1/R.bin --path_s=data/synthetic/exp2_d2/rectgen_d2_N1000000_alpha200_seed1/S.bin --method=ours --variant=sampling --t=3000000 --seed=1 --repeats=5 --threads=1 --out_dir=results/exp2_d2/C_t/rectgen_d2_N1000000_alpha200_seed1/t3000000/sjs_adaptive/ours/sampling --results_file=results/exp2_d2/C_t/rectgen_d2_N1000000_alpha200_seed1/t3000000/sjs_adaptive/ours/sampling/run.csv --write_samples=0 --verify=0 --enum_cap=0 --budget=10000000 --w_small=1024 --prefetch=1"
	User time (seconds): 297.13
	System time (seconds): 1.42
	Percent of CPU this job got: 99%
	Elapsed (wall clock) time (h:mm:ss or m:ss): 4:58.65
	Average shared text size (kbytes): 0
	Average unshared data size (kbytes): 0
	Average stack size (kbytes): 0
	Average total size (kbytes): 0
	Maximum resident set size (kbytes): 1523188
	Average resident set size (kbytes): 0
	Major (requiring I/O) page faults: 0
	Minor (reclaiming a frame) page faults: 700708
	Voluntary context switches: 3
	Involuntary context switches: 30535
	Swaps: 0
	File system inputs: 0
	File system outputs: 64
	Socket messages sent: 0
	Socket messages received: 0
	Signals delivered: 0
	Page size (bytes): 4096
	Exit status: 0
