2026-02-21 22:19:08.142 [INFO] Loaded dataset: rectgen_d2_N1000000_alpha0p1_seed1 Dim= 2 R= 1000000 S= 1000000
2026-02-21 22:19:08.142 [INFO] Baseline: ours_highdims_sampling method= ours variant= sampling Dim= 2
2026-02-21 22:19:40.247 [INFO] Run ok (rep= 0 ) Dim= 2 wall_ms= 32104.7 count= 199476 (exact) samples= 100000
2026-02-21 22:20:14.201 [INFO] Run ok (rep= 1 ) Dim= 2 wall_ms= 33954.3 count= 199476 (exact) samples= 100000
2026-02-21 22:20:47.781 [INFO] Run ok (rep= 2 ) Dim= 2 wall_ms= 33579.4 count= 199476 (exact) samples= 100000
2026-02-21 22:21:21.476 [INFO] Run ok (rep= 3 ) Dim= 2 wall_ms= 33695.1 count= 199476 (exact) samples= 100000
2026-02-21 22:21:55.063 [INFO] Run ok (rep= 4 ) Dim= 2 wall_ms= 33587.3 count= 199476 (exact) samples= 100000
2026-02-21 22:21:55.063 [INFO] Wall-time summary (ms) [all]: {"n":5,"mean":33384.2,"stdev":731.121,"sem":326.967,"min":32104.7,"max":33954.3,"median":33587.3,"p90":33850.7,"p95":33902.5,"p99":33944}
2026-02-21 22:21:55.063 [INFO] Wall-time summary (ms) [ok-only]: {"n":5,"mean":33384.2,"stdev":731.121,"sem":326.967,"min":32104.7,"max":33954.3,"median":33587.3,"p90":33850.7,"p95":33902.5,"p99":33944} ok_rate= 1
2026-02-21 22:21:55.063 [INFO] Wrote results to: results/exp2_d2/A_alpha/rectgen_d2_N1000000_alpha0p1_seed1/t100000/sjs_adaptive/ours/sampling/run.csv
	Command being timed: "timeout -k 30s 7200s /home/dhy/PhD/SJS/build/release/sjs_run --dataset_source=binary --dataset=rectgen_d2_N1000000_alpha0p1_seed1 --dim=2 --path_r=data/synthetic/exp2_d2/rectgen_d2_N1000000_alpha0p1_seed1/R.bin --path_s=data/synthetic/exp2_d2/rectgen_d2_N1000000_alpha0p1_seed1/S.bin --method=ours --variant=sampling --t=100000 --seed=1 --repeats=5 --threads=1 --out_dir=results/exp2_d2/A_alpha/rectgen_d2_N1000000_alpha0p1_seed1/t100000/sjs_adaptive/ours/sampling --results_file=results/exp2_d2/A_alpha/rectgen_d2_N1000000_alpha0p1_seed1/t100000/sjs_adaptive/ours/sampling/run.csv --write_samples=0 --verify=0 --enum_cap=0 --budget=10000000 --w_small=1024 --prefetch=1"
	User time (seconds): 169.08
	System time (seconds): 0.93
	Percent of CPU this job got: 99%
	Elapsed (wall clock) time (h:mm:ss or m:ss): 2:50.07
	Average shared text size (kbytes): 0
	Average unshared data size (kbytes): 0
	Average stack size (kbytes): 0
	Average total size (kbytes): 0
	Maximum resident set size (kbytes): 1473600
	Average resident set size (kbytes): 0
	Major (requiring I/O) page faults: 0
	Minor (reclaiming a frame) page faults: 662141
	Voluntary context switches: 3
	Involuntary context switches: 17494
	Swaps: 0
	File system inputs: 0
	File system outputs: 40
	Socket messages sent: 0
	Socket messages received: 0
	Signals delivered: 0
	Page size (bytes): 4096
	Exit status: 0
