2026-02-21 17:00:48.064 [INFO] Loaded dataset: rectgen_d2_N1000000_alpha3_seed1 Dim= 2 R= 1000000 S= 1000000
2026-02-21 17:00:48.064 [INFO] Baseline: range_tree_enum+sampling method= range_tree variant= enum_sampling Dim= 2
2026-02-21 17:01:09.930 [INFO] Run ok (rep= 0 ) Dim= 2 wall_ms= 21866.2 count= 6.03379e+06 (exact) samples= 100000
2026-02-21 17:01:31.963 [INFO] Run ok (rep= 1 ) Dim= 2 wall_ms= 22032 count= 6.03379e+06 (exact) samples= 100000
2026-02-21 17:01:53.769 [INFO] Run ok (rep= 2 ) Dim= 2 wall_ms= 21805.8 count= 6.03379e+06 (exact) samples= 100000
2026-02-21 17:02:15.659 [INFO] Run ok (rep= 3 ) Dim= 2 wall_ms= 21890.4 count= 6.03379e+06 (exact) samples= 100000
2026-02-21 17:02:37.618 [INFO] Run ok (rep= 4 ) Dim= 2 wall_ms= 21958.9 count= 6.03379e+06 (exact) samples= 100000
2026-02-21 17:02:37.618 [INFO] Wall-time summary (ms) [all]: {"n":5,"mean":21910.7,"stdev":87.2121,"sem":39.0025,"min":21805.8,"max":22032,"median":21890.4,"p90":22002.7,"p95":22017.4,"p99":22029.1}
2026-02-21 17:02:37.618 [INFO] Wall-time summary (ms) [ok-only]: {"n":5,"mean":21910.7,"stdev":87.2121,"sem":39.0025,"min":21805.8,"max":22032,"median":21890.4,"p90":22002.7,"p95":22017.4,"p99":22029.1} ok_rate= 1
2026-02-21 17:02:37.618 [INFO] Wrote results to: results/exp2_d2/A_alpha/rectgen_d2_N1000000_alpha3_seed1/t100000/rt_enum/range_tree/enum_sampling/run.csv
	Command being timed: "timeout -k 30s 7200s /home/dhy/PhD/SJS/build/release/sjs_run --dataset_source=binary --dataset=rectgen_d2_N1000000_alpha3_seed1 --dim=2 --path_r=data/synthetic/exp2_d2/rectgen_d2_N1000000_alpha3_seed1/R.bin --path_s=data/synthetic/exp2_d2/rectgen_d2_N1000000_alpha3_seed1/S.bin --method=range_tree --variant=enum_sampling --t=100000 --seed=1 --repeats=5 --threads=1 --out_dir=results/exp2_d2/A_alpha/rectgen_d2_N1000000_alpha3_seed1/t100000/rt_enum/range_tree/enum_sampling --results_file=results/exp2_d2/A_alpha/rectgen_d2_N1000000_alpha3_seed1/t100000/rt_enum/range_tree/enum_sampling/run.csv --write_samples=0 --verify=0 --enum_cap=0 --budget=10000000 --w_small=1024 --prefetch=1"
	User time (seconds): 109.27
	System time (seconds): 0.45
	Percent of CPU this job got: 99%
	Elapsed (wall clock) time (h:mm:ss or m:ss): 1:49.77
	Average shared text size (kbytes): 0
	Average unshared data size (kbytes): 0
	Average stack size (kbytes): 0
	Average total size (kbytes): 0
	Maximum resident set size (kbytes): 612496
	Average resident set size (kbytes): 0
	Major (requiring I/O) page faults: 0
	Minor (reclaiming a frame) page faults: 217868
	Voluntary context switches: 3
	Involuntary context switches: 11393
	Swaps: 0
	File system inputs: 0
	File system outputs: 40
	Socket messages sent: 0
	Socket messages received: 0
	Signals delivered: 0
	Page size (bytes): 4096
	Exit status: 0
