2026-02-21 17:02:37.844 [INFO] Loaded dataset: rectgen_d2_N1000000_alpha10_seed1 Dim= 2 R= 1000000 S= 1000000
2026-02-21 17:02:37.844 [INFO] Baseline: ours_highdims_enum+sampling method= ours variant= enum_sampling Dim= 2
2026-02-21 17:03:05.755 [INFO] Run ok (rep= 0 ) Dim= 2 wall_ms= 27911.5 count= 2.01001e+07 (exact) samples= 100000
2026-02-21 17:03:36.735 [INFO] Run ok (rep= 1 ) Dim= 2 wall_ms= 30979.2 count= 2.01001e+07 (exact) samples= 100000
2026-02-21 17:04:07.686 [INFO] Run ok (rep= 2 ) Dim= 2 wall_ms= 30951.4 count= 2.01001e+07 (exact) samples= 100000
2026-02-21 17:04:38.231 [INFO] Run ok (rep= 3 ) Dim= 2 wall_ms= 30544.8 count= 2.01001e+07 (exact) samples= 100000
2026-02-21 17:05:09.142 [INFO] Run ok (rep= 4 ) Dim= 2 wall_ms= 30910.7 count= 2.01001e+07 (exact) samples= 100000
2026-02-21 17:05:09.142 [INFO] Wall-time summary (ms) [all]: {"n":5,"mean":30259.5,"stdev":1324.34,"sem":592.265,"min":27911.5,"max":30979.2,"median":30910.7,"p90":30968.1,"p95":30973.6,"p99":30978.1}
2026-02-21 17:05:09.142 [INFO] Wall-time summary (ms) [ok-only]: {"n":5,"mean":30259.5,"stdev":1324.34,"sem":592.265,"min":27911.5,"max":30979.2,"median":30910.7,"p90":30968.1,"p95":30973.6,"p99":30978.1} ok_rate= 1
2026-02-21 17:05:09.142 [INFO] Wrote results to: results/exp2_d2/A_alpha/rectgen_d2_N1000000_alpha10_seed1/t100000/sjs_enum/ours/enum_sampling/run.csv
	Command being timed: "timeout -k 30s 7200s /home/dhy/PhD/SJS/build/release/sjs_run --dataset_source=binary --dataset=rectgen_d2_N1000000_alpha10_seed1 --dim=2 --path_r=data/synthetic/exp2_d2/rectgen_d2_N1000000_alpha10_seed1/R.bin --path_s=data/synthetic/exp2_d2/rectgen_d2_N1000000_alpha10_seed1/S.bin --method=ours --variant=enum_sampling --t=100000 --seed=1 --repeats=5 --threads=1 --out_dir=results/exp2_d2/A_alpha/rectgen_d2_N1000000_alpha10_seed1/t100000/sjs_enum/ours/enum_sampling --results_file=results/exp2_d2/A_alpha/rectgen_d2_N1000000_alpha10_seed1/t100000/sjs_enum/ours/enum_sampling/run.csv --write_samples=0 --verify=0 --enum_cap=0 --budget=10000000 --w_small=1024 --prefetch=1"
	User time (seconds): 153.43
	System time (seconds): 1.06
	Percent of CPU this job got: 99%
	Elapsed (wall clock) time (h:mm:ss or m:ss): 2:34.56
	Average shared text size (kbytes): 0
	Average unshared data size (kbytes): 0
	Average stack size (kbytes): 0
	Average total size (kbytes): 0
	Maximum resident set size (kbytes): 1565808
	Average resident set size (kbytes): 0
	Major (requiring I/O) page faults: 0
	Minor (reclaiming a frame) page faults: 519155
	Voluntary context switches: 3
	Involuntary context switches: 16020
	Swaps: 0
	File system inputs: 0
	File system outputs: 40
	Socket messages sent: 0
	Socket messages received: 0
	Signals delivered: 0
	Page size (bytes): 4096
	Exit status: 0
