2026-02-21 22:33:01.310 [INFO] Loaded dataset: rectgen_d2_N1000000_alpha300_seed1 Dim= 2 R= 1000000 S= 1000000
2026-02-21 22:33:01.310 [INFO] Baseline: range_tree_adaptive method= range_tree variant= adaptive Dim= 2
2026-02-21 22:34:25.388 [INFO] Run ok (rep= 0 ) Dim= 2 wall_ms= 84077.5 count= 6.05877e+08 (exact) samples= 100000
2026-02-21 22:35:50.087 [INFO] Run ok (rep= 1 ) Dim= 2 wall_ms= 84699.4 count= 6.05877e+08 (exact) samples= 100000
2026-02-21 22:37:14.853 [INFO] Run ok (rep= 2 ) Dim= 2 wall_ms= 84765.7 count= 6.05877e+08 (exact) samples= 100000
2026-02-21 22:38:39.289 [INFO] Run ok (rep= 3 ) Dim= 2 wall_ms= 84435.9 count= 6.05877e+08 (exact) samples= 100000
2026-02-21 22:40:04.033 [INFO] Run ok (rep= 4 ) Dim= 2 wall_ms= 84744.4 count= 6.05877e+08 (exact) samples= 100000
2026-02-21 22:40:04.033 [INFO] Wall-time summary (ms) [all]: {"n":5,"mean":84544.5,"stdev":292.73,"sem":130.913,"min":84077.5,"max":84765.7,"median":84699.4,"p90":84757.1,"p95":84761.4,"p99":84764.8}
2026-02-21 22:40:04.033 [INFO] Wall-time summary (ms) [ok-only]: {"n":5,"mean":84544.5,"stdev":292.73,"sem":130.913,"min":84077.5,"max":84765.7,"median":84699.4,"p90":84757.1,"p95":84761.4,"p99":84764.8} ok_rate= 1
2026-02-21 22:40:04.034 [INFO] Wrote results to: results/exp2_d2/A_alpha/rectgen_d2_N1000000_alpha300_seed1/t100000/rt_sampling/range_tree/adaptive/run.csv
	Command being timed: "timeout -k 30s 7200s /home/dhy/PhD/SJS/build/release/sjs_run --dataset_source=binary --dataset=rectgen_d2_N1000000_alpha300_seed1 --dim=2 --path_r=data/synthetic/exp2_d2/rectgen_d2_N1000000_alpha300_seed1/R.bin --path_s=data/synthetic/exp2_d2/rectgen_d2_N1000000_alpha300_seed1/S.bin --method=range_tree --variant=adaptive --t=100000 --seed=1 --repeats=5 --threads=1 --out_dir=results/exp2_d2/A_alpha/rectgen_d2_N1000000_alpha300_seed1/t100000/rt_sampling/range_tree/adaptive --results_file=results/exp2_d2/A_alpha/rectgen_d2_N1000000_alpha300_seed1/t100000/rt_sampling/range_tree/adaptive/run.csv --write_samples=0 --verify=0 --enum_cap=0 --budget=10000000 --w_small=1024 --prefetch=1"
	User time (seconds): 419.58
	System time (seconds): 3.21
	Percent of CPU this job got: 99%
	Elapsed (wall clock) time (h:mm:ss or m:ss): 7:02.96
	Average shared text size (kbytes): 0
	Average unshared data size (kbytes): 0
	Average stack size (kbytes): 0
	Average total size (kbytes): 0
	Maximum resident set size (kbytes): 818844
	Average resident set size (kbytes): 0
	Major (requiring I/O) page faults: 0
	Minor (reclaiming a frame) page faults: 306700
	Voluntary context switches: 3
	Involuntary context switches: 42088
	Swaps: 0
	File system inputs: 0
	File system outputs: 64
	Socket messages sent: 0
	Socket messages received: 0
	Signals delivered: 0
	Page size (bytes): 4096
	Exit status: 0
