2026-02-21 22:35:58.415 [INFO] Loaded dataset: rectgen_d2_N1000000_alpha1000_seed1 Dim= 2 R= 1000000 S= 1000000
2026-02-21 22:35:58.415 [INFO] Baseline: ours_highdims_adaptive method= ours variant= adaptive Dim= 2
2026-02-21 22:36:48.093 [INFO] Run ok (rep= 0 ) Dim= 2 wall_ms= 49678.2 count= 1.99532e+09 (exact) samples= 100000
2026-02-21 22:37:40.876 [INFO] Run ok (rep= 1 ) Dim= 2 wall_ms= 52783 count= 1.99532e+09 (exact) samples= 100000
2026-02-21 22:38:33.601 [INFO] Run ok (rep= 2 ) Dim= 2 wall_ms= 52724.1 count= 1.99532e+09 (exact) samples= 100000
2026-02-21 22:39:26.149 [INFO] Run ok (rep= 3 ) Dim= 2 wall_ms= 52548.3 count= 1.99532e+09 (exact) samples= 100000
2026-02-21 22:40:18.901 [INFO] Run ok (rep= 4 ) Dim= 2 wall_ms= 52752.3 count= 1.99532e+09 (exact) samples= 100000
2026-02-21 22:40:18.901 [INFO] Wall-time summary (ms) [all]: {"n":5,"mean":52097.2,"stdev":1355.31,"sem":606.115,"min":49678.2,"max":52783,"median":52724.1,"p90":52770.7,"p95":52776.8,"p99":52781.8}
2026-02-21 22:40:18.901 [INFO] Wall-time summary (ms) [ok-only]: {"n":5,"mean":52097.2,"stdev":1355.31,"sem":606.115,"min":49678.2,"max":52783,"median":52724.1,"p90":52770.7,"p95":52776.8,"p99":52781.8} ok_rate= 1
2026-02-21 22:40:18.901 [INFO] Wrote results to: results/exp2_d2/A_alpha/rectgen_d2_N1000000_alpha1000_seed1/t100000/sjs_sampling/ours/adaptive/run.csv
	Command being timed: "timeout -k 30s 7200s /home/dhy/PhD/SJS/build/release/sjs_run --dataset_source=binary --dataset=rectgen_d2_N1000000_alpha1000_seed1 --dim=2 --path_r=data/synthetic/exp2_d2/rectgen_d2_N1000000_alpha1000_seed1/R.bin --path_s=data/synthetic/exp2_d2/rectgen_d2_N1000000_alpha1000_seed1/S.bin --method=ours --variant=adaptive --t=100000 --seed=1 --repeats=5 --threads=1 --out_dir=results/exp2_d2/A_alpha/rectgen_d2_N1000000_alpha1000_seed1/t100000/sjs_sampling/ours/adaptive --results_file=results/exp2_d2/A_alpha/rectgen_d2_N1000000_alpha1000_seed1/t100000/sjs_sampling/ours/adaptive/run.csv --write_samples=0 --verify=0 --enum_cap=0 --budget=10000000 --w_small=1024 --prefetch=1"
	User time (seconds): 262.45
	System time (seconds): 1.39
	Percent of CPU this job got: 99%
	Elapsed (wall clock) time (h:mm:ss or m:ss): 4:23.95
	Average shared text size (kbytes): 0
	Average unshared data size (kbytes): 0
	Average stack size (kbytes): 0
	Average total size (kbytes): 0
	Maximum resident set size (kbytes): 1783712
	Average resident set size (kbytes): 0
	Major (requiring I/O) page faults: 0
	Minor (reclaiming a frame) page faults: 633428
	Voluntary context switches: 2
	Involuntary context switches: 25786
	Swaps: 0
	File system inputs: 0
	File system outputs: 64
	Socket messages sent: 0
	Socket messages received: 0
	Signals delivered: 0
	Page size (bytes): 4096
	Exit status: 0
