2026-02-22 00:01:13.555 [INFO] Loaded dataset: rectgen_d2_N1000000_alpha200_seed1 Dim= 2 R= 1000000 S= 1000000
2026-02-22 00:01:13.555 [INFO] Baseline: range_tree_adaptive method= range_tree variant= adaptive Dim= 2
2026-02-22 00:02:41.658 [INFO] Run ok (rep= 0 ) Dim= 2 wall_ms= 88103 count= 4.03242e+08 (exact) samples= 10000000
2026-02-22 00:04:22.458 [INFO] Run ok (rep= 1 ) Dim= 2 wall_ms= 100797 count= 4.03242e+08 (exact) samples= 10000000
2026-02-22 00:05:56.609 [INFO] Run ok (rep= 2 ) Dim= 2 wall_ms= 94147.8 count= 4.03242e+08 (exact) samples= 10000000
2026-02-22 00:07:24.413 [INFO] Run ok (rep= 3 ) Dim= 2 wall_ms= 87801.6 count= 4.03242e+08 (exact) samples= 10000000
2026-02-22 00:08:51.562 [INFO] Run ok (rep= 4 ) Dim= 2 wall_ms= 87145.9 count= 4.03242e+08 (exact) samples= 10000000
2026-02-22 00:08:51.562 [INFO] Wall-time summary (ms) [all]: {"n":5,"mean":91599,"stdev":5864.36,"sem":2622.62,"min":87145.9,"max":100797,"median":88103,"p90":98137,"p95":99466.8,"p99":100531}
2026-02-22 00:08:51.562 [INFO] Wall-time summary (ms) [ok-only]: {"n":5,"mean":91599,"stdev":5864.36,"sem":2622.62,"min":87145.9,"max":100797,"median":88103,"p90":98137,"p95":99466.8,"p99":100531} ok_rate= 1
2026-02-22 00:08:51.562 [INFO] Wrote results to: results/exp2_d2/C_t/rectgen_d2_N1000000_alpha200_seed1/t10000000/rt_sampling/range_tree/adaptive/run.csv
	Command being timed: "timeout -k 30s 7200s /home/dhy/PhD/SJS/build/release/sjs_run --dataset_source=binary --dataset=rectgen_d2_N1000000_alpha200_seed1 --dim=2 --path_r=data/synthetic/exp2_d2/rectgen_d2_N1000000_alpha200_seed1/R.bin --path_s=data/synthetic/exp2_d2/rectgen_d2_N1000000_alpha200_seed1/S.bin --method=range_tree --variant=adaptive --t=10000000 --seed=1 --repeats=5 --threads=1 --out_dir=results/exp2_d2/C_t/rectgen_d2_N1000000_alpha200_seed1/t10000000/rt_sampling/range_tree/adaptive --results_file=results/exp2_d2/C_t/rectgen_d2_N1000000_alpha200_seed1/t10000000/rt_sampling/range_tree/adaptive/run.csv --write_samples=0 --verify=0 --enum_cap=0 --budget=10000000 --w_small=1024 --prefetch=1"
	User time (seconds): 456.11
	System time (seconds): 1.97
	Percent of CPU this job got: 99%
	Elapsed (wall clock) time (h:mm:ss or m:ss): 7:38.25
	Average shared text size (kbytes): 0
	Average unshared data size (kbytes): 0
	Average stack size (kbytes): 0
	Average total size (kbytes): 0
	Maximum resident set size (kbytes): 965076
	Average resident set size (kbytes): 0
	Major (requiring I/O) page faults: 0
	Minor (reclaiming a frame) page faults: 1193488
	Voluntary context switches: 3
	Involuntary context switches: 47647
	Swaps: 0
	File system inputs: 0
	File system outputs: 64
	Socket messages sent: 0
	Socket messages received: 0
	Signals delivered: 0
	Page size (bytes): 4096
	Exit status: 0
