2026-02-21 22:57:01.535 [INFO] Loaded dataset: rectgen_d2_N5000000_alpha200_seed1 Dim= 2 R= 5000000 S= 5000000
2026-02-21 22:57:01.535 [INFO] Baseline: range_tree_adaptive method= range_tree variant= adaptive Dim= 2
2026-02-21 23:07:14.658 [INFO] Run ok (rep= 0 ) Dim= 2 wall_ms= 613123 count= 2.00523e+09 (exact) samples= 100000
2026-02-21 23:17:55.577 [INFO] Run ok (rep= 1 ) Dim= 2 wall_ms= 640919 count= 2.00523e+09 (exact) samples= 100000
2026-02-21 23:28:28.194 [INFO] Run ok (rep= 2 ) Dim= 2 wall_ms= 632617 count= 2.00523e+09 (exact) samples= 100000
2026-02-21 23:39:06.902 [INFO] Run ok (rep= 3 ) Dim= 2 wall_ms= 638708 count= 2.00523e+09 (exact) samples= 100000
2026-02-21 23:49:51.171 [INFO] Run ok (rep= 4 ) Dim= 2 wall_ms= 644268 count= 2.00523e+09 (exact) samples= 100000
2026-02-21 23:49:51.171 [INFO] Wall-time summary (ms) [all]: {"n":5,"mean":633927,"stdev":12381.5,"sem":5537.2,"min":613123,"max":644268,"median":638708,"p90":642928,"p95":643598,"p99":644134}
2026-02-21 23:49:51.171 [INFO] Wall-time summary (ms) [ok-only]: {"n":5,"mean":633927,"stdev":12381.5,"sem":5537.2,"min":613123,"max":644268,"median":638708,"p90":642928,"p95":643598,"p99":644134} ok_rate= 1
2026-02-21 23:49:51.171 [INFO] Wrote results to: results/exp2_d2/B_N/rectgen_d2_N5000000_alpha200_seed1/t100000/rt_sampling/range_tree/adaptive/run.csv
	Command being timed: "timeout -k 30s 7200s /home/dhy/PhD/SJS/build/release/sjs_run --dataset_source=binary --dataset=rectgen_d2_N5000000_alpha200_seed1 --dim=2 --path_r=data/synthetic/exp2_d2/rectgen_d2_N5000000_alpha200_seed1/R.bin --path_s=data/synthetic/exp2_d2/rectgen_d2_N5000000_alpha200_seed1/S.bin --method=range_tree --variant=adaptive --t=100000 --seed=1 --repeats=5 --threads=1 --out_dir=results/exp2_d2/B_N/rectgen_d2_N5000000_alpha200_seed1/t100000/rt_sampling/range_tree/adaptive --results_file=results/exp2_d2/B_N/rectgen_d2_N5000000_alpha200_seed1/t100000/rt_sampling/range_tree/adaptive/run.csv --write_samples=0 --verify=0 --enum_cap=0 --budget=10000000 --w_small=1024 --prefetch=1"
	User time (seconds): 3141.55
	System time (seconds): 27.98
	Percent of CPU this job got: 99%
	Elapsed (wall clock) time (h:mm:ss or m:ss): 52:50.75
	Average shared text size (kbytes): 0
	Average unshared data size (kbytes): 0
	Average stack size (kbytes): 0
	Average total size (kbytes): 0
	Maximum resident set size (kbytes): 3949220
	Average resident set size (kbytes): 0
	Major (requiring I/O) page faults: 0
	Minor (reclaiming a frame) page faults: 2241041
	Voluntary context switches: 3
	Involuntary context switches: 337357
	Swaps: 0
	File system inputs: 0
	File system outputs: 64
	Socket messages sent: 0
	Socket messages received: 0
	Signals delivered: 0
	Page size (bytes): 4096
	Exit status: 0
