2026-02-21 22:26:35.288 [INFO] Loaded dataset: rectgen_d2_N1000000_alpha30_seed1 Dim= 2 R= 1000000 S= 1000000
2026-02-21 22:26:35.288 [INFO] Baseline: ours_highdims_sampling method= ours variant= sampling Dim= 2
2026-02-21 22:27:18.490 [INFO] Run ok (rep= 0 ) Dim= 2 wall_ms= 43201.3 count= 6.02803e+07 (exact) samples= 100000
2026-02-21 22:28:07.390 [INFO] Run ok (rep= 1 ) Dim= 2 wall_ms= 48900.1 count= 6.02803e+07 (exact) samples= 100000
2026-02-21 22:28:53.884 [INFO] Run ok (rep= 2 ) Dim= 2 wall_ms= 46494.5 count= 6.02803e+07 (exact) samples= 100000
2026-02-21 22:29:41.046 [INFO] Run ok (rep= 3 ) Dim= 2 wall_ms= 47161.2 count= 6.02803e+07 (exact) samples= 100000
2026-02-21 22:30:27.701 [INFO] Run ok (rep= 4 ) Dim= 2 wall_ms= 46655.6 count= 6.02803e+07 (exact) samples= 100000
2026-02-21 22:30:27.701 [INFO] Wall-time summary (ms) [all]: {"n":5,"mean":46482.5,"stdev":2067.72,"sem":924.713,"min":43201.3,"max":48900.1,"median":46655.6,"p90":48204.5,"p95":48552.3,"p99":48830.5}
2026-02-21 22:30:27.701 [INFO] Wall-time summary (ms) [ok-only]: {"n":5,"mean":46482.5,"stdev":2067.72,"sem":924.713,"min":43201.3,"max":48900.1,"median":46655.6,"p90":48204.5,"p95":48552.3,"p99":48830.5} ok_rate= 1
2026-02-21 22:30:27.701 [INFO] Wrote results to: results/exp2_d2/A_alpha/rectgen_d2_N1000000_alpha30_seed1/t100000/sjs_adaptive/ours/sampling/run.csv
	Command being timed: "timeout -k 30s 7200s /home/dhy/PhD/SJS/build/release/sjs_run --dataset_source=binary --dataset=rectgen_d2_N1000000_alpha30_seed1 --dim=2 --path_r=data/synthetic/exp2_d2/rectgen_d2_N1000000_alpha30_seed1/R.bin --path_s=data/synthetic/exp2_d2/rectgen_d2_N1000000_alpha30_seed1/S.bin --method=ours --variant=sampling --t=100000 --seed=1 --repeats=5 --threads=1 --out_dir=results/exp2_d2/A_alpha/rectgen_d2_N1000000_alpha30_seed1/t100000/sjs_adaptive/ours/sampling --results_file=results/exp2_d2/A_alpha/rectgen_d2_N1000000_alpha30_seed1/t100000/sjs_adaptive/ours/sampling/run.csv --write_samples=0 --verify=0 --enum_cap=0 --budget=10000000 --w_small=1024 --prefetch=1"
	User time (seconds): 234.02
	System time (seconds): 1.57
	Percent of CPU this job got: 99%
	Elapsed (wall clock) time (h:mm:ss or m:ss): 3:55.68
	Average shared text size (kbytes): 0
	Average unshared data size (kbytes): 0
	Average stack size (kbytes): 0
	Average total size (kbytes): 0
	Maximum resident set size (kbytes): 1494272
	Average resident set size (kbytes): 0
	Major (requiring I/O) page faults: 0
	Minor (reclaiming a frame) page faults: 863932
	Voluntary context switches: 3
	Involuntary context switches: 23974
	Swaps: 0
	File system inputs: 0
	File system outputs: 64
	Socket messages sent: 0
	Socket messages received: 0
	Signals delivered: 0
	Page size (bytes): 4096
	Exit status: 0
