2026-02-21 22:29:05.386 [INFO] Loaded dataset: rectgen_d2_N1000000_alpha100_seed1 Dim= 2 R= 1000000 S= 1000000
2026-02-21 22:29:05.386 [INFO] Baseline: ours_highdims_adaptive method= ours variant= adaptive Dim= 2
2026-02-21 22:29:53.117 [INFO] Run ok (rep= 0 ) Dim= 2 wall_ms= 47731.3 count= 2.01242e+08 (exact) samples= 100000
2026-02-21 22:30:44.280 [INFO] Run ok (rep= 1 ) Dim= 2 wall_ms= 51162.2 count= 2.01242e+08 (exact) samples= 100000
2026-02-21 22:31:35.125 [INFO] Run ok (rep= 2 ) Dim= 2 wall_ms= 50844.6 count= 2.01242e+08 (exact) samples= 100000
2026-02-21 22:32:25.631 [INFO] Run ok (rep= 3 ) Dim= 2 wall_ms= 50503 count= 2.01242e+08 (exact) samples= 100000
2026-02-21 22:33:16.223 [INFO] Run ok (rep= 4 ) Dim= 2 wall_ms= 50589.9 count= 2.01242e+08 (exact) samples= 100000
2026-02-21 22:33:16.224 [INFO] Wall-time summary (ms) [all]: {"n":5,"mean":50166.2,"stdev":1385.09,"sem":619.433,"min":47731.3,"max":51162.2,"median":50589.9,"p90":51035.1,"p95":51098.6,"p99":51149.5}
2026-02-21 22:33:16.224 [INFO] Wall-time summary (ms) [ok-only]: {"n":5,"mean":50166.2,"stdev":1385.09,"sem":619.433,"min":47731.3,"max":51162.2,"median":50589.9,"p90":51035.1,"p95":51098.6,"p99":51149.5} ok_rate= 1
2026-02-21 22:33:16.224 [INFO] Wrote results to: results/exp2_d2/A_alpha/rectgen_d2_N1000000_alpha100_seed1/t100000/sjs_sampling/ours/adaptive/run.csv
	Command being timed: "timeout -k 30s 7200s /home/dhy/PhD/SJS/build/release/sjs_run --dataset_source=binary --dataset=rectgen_d2_N1000000_alpha100_seed1 --dim=2 --path_r=data/synthetic/exp2_d2/rectgen_d2_N1000000_alpha100_seed1/R.bin --path_s=data/synthetic/exp2_d2/rectgen_d2_N1000000_alpha100_seed1/S.bin --method=ours --variant=adaptive --t=100000 --seed=1 --repeats=5 --threads=1 --out_dir=results/exp2_d2/A_alpha/rectgen_d2_N1000000_alpha100_seed1/t100000/sjs_sampling/ours/adaptive --results_file=results/exp2_d2/A_alpha/rectgen_d2_N1000000_alpha100_seed1/t100000/sjs_sampling/ours/adaptive/run.csv --write_samples=0 --verify=0 --enum_cap=0 --budget=10000000 --w_small=1024 --prefetch=1"
	User time (seconds): 252.74
	System time (seconds): 1.39
	Percent of CPU this job got: 99%
	Elapsed (wall clock) time (h:mm:ss or m:ss): 4:14.23
	Average shared text size (kbytes): 0
	Average unshared data size (kbytes): 0
	Average stack size (kbytes): 0
	Average total size (kbytes): 0
	Maximum resident set size (kbytes): 1633424
	Average resident set size (kbytes): 0
	Major (requiring I/O) page faults: 0
	Minor (reclaiming a frame) page faults: 520578
	Voluntary context switches: 3
	Involuntary context switches: 25668
	Swaps: 0
	File system inputs: 0
	File system outputs: 64
	Socket messages sent: 0
	Socket messages received: 0
	Signals delivered: 0
	Page size (bytes): 4096
	Exit status: 0
