2026-02-21 22:40:04.157 [INFO] Loaded dataset: rectgen_d2_N100000_alpha200_seed1 Dim= 2 R= 100000 S= 100000
2026-02-21 22:40:04.157 [INFO] Baseline: ours_highdims_adaptive method= ours variant= adaptive Dim= 2
2026-02-21 22:40:07.027 [INFO] Run ok (rep= 0 ) Dim= 2 wall_ms= 2870.05 count= 4.04015e+07 (exact) samples= 100000
2026-02-21 22:40:10.050 [INFO] Run ok (rep= 1 ) Dim= 2 wall_ms= 3022.33 count= 4.04015e+07 (exact) samples= 100000
2026-02-21 22:40:13.029 [INFO] Run ok (rep= 2 ) Dim= 2 wall_ms= 2979.39 count= 4.04015e+07 (exact) samples= 100000
2026-02-21 22:40:16.021 [INFO] Run ok (rep= 3 ) Dim= 2 wall_ms= 2992.05 count= 4.04015e+07 (exact) samples= 100000
2026-02-21 22:40:18.996 [INFO] Run ok (rep= 4 ) Dim= 2 wall_ms= 2974.45 count= 4.04015e+07 (exact) samples= 100000
2026-02-21 22:40:18.996 [INFO] Wall-time summary (ms) [all]: {"n":5,"mean":2967.66,"stdev":57.6529,"sem":25.7831,"min":2870.05,"max":3022.33,"median":2979.39,"p90":3010.22,"p95":3016.28,"p99":3021.12}
2026-02-21 22:40:18.996 [INFO] Wall-time summary (ms) [ok-only]: {"n":5,"mean":2967.66,"stdev":57.6529,"sem":25.7831,"min":2870.05,"max":3022.33,"median":2979.39,"p90":3010.22,"p95":3016.28,"p99":3021.12} ok_rate= 1
2026-02-21 22:40:18.996 [INFO] Wrote results to: results/exp2_d2/B_N/rectgen_d2_N100000_alpha200_seed1/t100000/sjs_sampling/ours/adaptive/run.csv
	Command being timed: "timeout -k 30s 7200s /home/dhy/PhD/SJS/build/release/sjs_run --dataset_source=binary --dataset=rectgen_d2_N100000_alpha200_seed1 --dim=2 --path_r=data/synthetic/exp2_d2/rectgen_d2_N100000_alpha200_seed1/R.bin --path_s=data/synthetic/exp2_d2/rectgen_d2_N100000_alpha200_seed1/S.bin --method=ours --variant=adaptive --t=100000 --seed=1 --repeats=5 --threads=1 --out_dir=results/exp2_d2/B_N/rectgen_d2_N100000_alpha200_seed1/t100000/sjs_sampling/ours/adaptive --results_file=results/exp2_d2/B_N/rectgen_d2_N100000_alpha200_seed1/t100000/sjs_sampling/ours/adaptive/run.csv --write_samples=0 --verify=0 --enum_cap=0 --budget=10000000 --w_small=1024 --prefetch=1"
	User time (seconds): 15.00
	System time (seconds): 0.07
	Percent of CPU this job got: 99%
	Elapsed (wall clock) time (h:mm:ss or m:ss): 0:15.09
	Average shared text size (kbytes): 0
	Average unshared data size (kbytes): 0
	Average stack size (kbytes): 0
	Average total size (kbytes): 0
	Maximum resident set size (kbytes): 215164
	Average resident set size (kbytes): 0
	Major (requiring I/O) page faults: 0
	Minor (reclaiming a frame) page faults: 74908
	Voluntary context switches: 3
	Involuntary context switches: 1452
	Swaps: 0
	File system inputs: 0
	File system outputs: 24
	Socket messages sent: 0
	Socket messages received: 0
	Signals delivered: 0
	Page size (bytes): 4096
	Exit status: 0
