2026-02-21 22:35:58.393 [INFO] Loaded dataset: rectgen_d2_N1000000_alpha1000_seed1 Dim= 2 R= 1000000 S= 1000000
2026-02-21 22:35:58.394 [INFO] Baseline: range_tree_adaptive method= range_tree variant= adaptive Dim= 2
2026-02-21 22:37:44.083 [INFO] Run ok (rep= 0 ) Dim= 2 wall_ms= 105690 count= 1.99532e+09 (exact) samples= 100000
2026-02-21 22:39:30.143 [INFO] Run ok (rep= 1 ) Dim= 2 wall_ms= 106059 count= 1.99532e+09 (exact) samples= 100000
2026-02-21 22:41:17.193 [INFO] Run ok (rep= 2 ) Dim= 2 wall_ms= 107050 count= 1.99532e+09 (exact) samples= 100000
2026-02-21 22:43:02.972 [INFO] Run ok (rep= 3 ) Dim= 2 wall_ms= 105780 count= 1.99532e+09 (exact) samples= 100000
2026-02-21 22:44:49.979 [INFO] Run ok (rep= 4 ) Dim= 2 wall_ms= 107007 count= 1.99532e+09 (exact) samples= 100000
2026-02-21 22:44:49.979 [INFO] Wall-time summary (ms) [all]: {"n":5,"mean":106317,"stdev":663.613,"sem":296.777,"min":105690,"max":107050,"median":106059,"p90":107033,"p95":107041,"p99":107048}
2026-02-21 22:44:49.979 [INFO] Wall-time summary (ms) [ok-only]: {"n":5,"mean":106317,"stdev":663.613,"sem":296.777,"min":105690,"max":107050,"median":106059,"p90":107033,"p95":107041,"p99":107048} ok_rate= 1
2026-02-21 22:44:49.979 [INFO] Wrote results to: results/exp2_d2/A_alpha/rectgen_d2_N1000000_alpha1000_seed1/t100000/rt_sampling/range_tree/adaptive/run.csv
	Command being timed: "timeout -k 30s 7200s /home/dhy/PhD/SJS/build/release/sjs_run --dataset_source=binary --dataset=rectgen_d2_N1000000_alpha1000_seed1 --dim=2 --path_r=data/synthetic/exp2_d2/rectgen_d2_N1000000_alpha1000_seed1/R.bin --path_s=data/synthetic/exp2_d2/rectgen_d2_N1000000_alpha1000_seed1/S.bin --method=range_tree --variant=adaptive --t=100000 --seed=1 --repeats=5 --threads=1 --out_dir=results/exp2_d2/A_alpha/rectgen_d2_N1000000_alpha1000_seed1/t100000/rt_sampling/range_tree/adaptive --results_file=results/exp2_d2/A_alpha/rectgen_d2_N1000000_alpha1000_seed1/t100000/rt_sampling/range_tree/adaptive/run.csv --write_samples=0 --verify=0 --enum_cap=0 --budget=10000000 --w_small=1024 --prefetch=1"
	User time (seconds): 527.50
	System time (seconds): 4.07
	Percent of CPU this job got: 99%
	Elapsed (wall clock) time (h:mm:ss or m:ss): 8:51.79
	Average shared text size (kbytes): 0
	Average unshared data size (kbytes): 0
	Average stack size (kbytes): 0
	Average total size (kbytes): 0
	Maximum resident set size (kbytes): 926488
	Average resident set size (kbytes): 0
	Major (requiring I/O) page faults: 0
	Minor (reclaiming a frame) page faults: 489431
	Voluntary context switches: 3
	Involuntary context switches: 52163
	Swaps: 0
	File system inputs: 0
	File system outputs: 64
	Socket messages sent: 0
	Socket messages received: 0
	Signals delivered: 0
	Page size (bytes): 4096
	Exit status: 0
