2026-02-21 19:24:01.470 [INFO] Loaded dataset: rectgen_d2_N1000000_alpha200_seed1 Dim= 2 R= 1000000 S= 1000000
2026-02-21 19:24:01.470 [INFO] Baseline: ours_highdims_enum+sampling method= ours variant= enum_sampling Dim= 2
2026-02-21 19:24:41.707 [INFO] Run ok (rep= 0 ) Dim= 2 wall_ms= 40237.1 count= 4.03242e+08 (exact) samples= 100000
2026-02-21 19:25:23.148 [INFO] Run ok (rep= 1 ) Dim= 2 wall_ms= 41441.2 count= 4.03242e+08 (exact) samples= 100000
2026-02-21 19:26:04.345 [INFO] Run ok (rep= 2 ) Dim= 2 wall_ms= 41196.4 count= 4.03242e+08 (exact) samples= 100000
2026-02-21 19:26:45.715 [INFO] Run ok (rep= 3 ) Dim= 2 wall_ms= 41369.5 count= 4.03242e+08 (exact) samples= 100000
2026-02-21 19:27:27.004 [INFO] Run ok (rep= 4 ) Dim= 2 wall_ms= 41289.4 count= 4.03242e+08 (exact) samples= 100000
2026-02-21 19:27:27.004 [INFO] Wall-time summary (ms) [all]: {"n":5,"mean":41106.7,"stdev":494.598,"sem":221.191,"min":40237.1,"max":41441.2,"median":41289.4,"p90":41412.5,"p95":41426.9,"p99":41438.3}
2026-02-21 19:27:27.004 [INFO] Wall-time summary (ms) [ok-only]: {"n":5,"mean":41106.7,"stdev":494.598,"sem":221.191,"min":40237.1,"max":41441.2,"median":41289.4,"p90":41412.5,"p95":41426.9,"p99":41438.3} ok_rate= 1
2026-02-21 19:27:27.004 [INFO] Wrote results to: results/exp2_d2/C_t/rectgen_d2_N1000000_alpha200_seed1/t100000/sjs_enum/ours/enum_sampling/run.csv
	Command being timed: "timeout -k 30s 7200s /home/dhy/PhD/SJS/build/release/sjs_run --dataset_source=binary --dataset=rectgen_d2_N1000000_alpha200_seed1 --dim=2 --path_r=data/synthetic/exp2_d2/rectgen_d2_N1000000_alpha200_seed1/R.bin --path_s=data/synthetic/exp2_d2/rectgen_d2_N1000000_alpha200_seed1/S.bin --method=ours --variant=enum_sampling --t=100000 --seed=1 --repeats=5 --threads=1 --out_dir=results/exp2_d2/C_t/rectgen_d2_N1000000_alpha200_seed1/t100000/sjs_enum/ours/enum_sampling --results_file=results/exp2_d2/C_t/rectgen_d2_N1000000_alpha200_seed1/t100000/sjs_enum/ours/enum_sampling/run.csv --write_samples=0 --verify=0 --enum_cap=0 --budget=10000000 --w_small=1024 --prefetch=1"
	User time (seconds): 206.34
	System time (seconds): 2.49
	Percent of CPU this job got: 99%
	Elapsed (wall clock) time (h:mm:ss or m:ss): 3:28.94
	Average shared text size (kbytes): 0
	Average unshared data size (kbytes): 0
	Average stack size (kbytes): 0
	Average total size (kbytes): 0
	Maximum resident set size (kbytes): 5409880
	Average resident set size (kbytes): 0
	Major (requiring I/O) page faults: 0
	Minor (reclaiming a frame) page faults: 2268507
	Voluntary context switches: 3
	Involuntary context switches: 21885
	Swaps: 0
	File system inputs: 0
	File system outputs: 64
	Socket messages sent: 0
	Socket messages received: 0
	Signals delivered: 0
	Page size (bytes): 4096
	Exit status: 0
