2026-02-22 00:01:25.014 [INFO] Loaded dataset: rectgen_d2_N1000000_alpha200_seed1 Dim= 2 R= 1000000 S= 1000000
2026-02-22 00:01:25.014 [INFO] Baseline: kd_tree_sampling method= kd_tree variant= sampling Dim= 2
2026-02-22 00:01:39.197 [INFO] Run ok (rep= 0 ) Dim= 2 wall_ms= 14183.3 count= 4.03242e+08 (exact) samples= 10000000
2026-02-22 00:01:53.386 [INFO] Run ok (rep= 1 ) Dim= 2 wall_ms= 14186.9 count= 4.03242e+08 (exact) samples= 10000000
2026-02-22 00:02:07.533 [INFO] Run ok (rep= 2 ) Dim= 2 wall_ms= 14143.5 count= 4.03242e+08 (exact) samples= 10000000
2026-02-22 00:02:21.685 [INFO] Run ok (rep= 3 ) Dim= 2 wall_ms= 14149.5 count= 4.03242e+08 (exact) samples= 10000000
2026-02-22 00:02:35.844 [INFO] Run ok (rep= 4 ) Dim= 2 wall_ms= 14156.2 count= 4.03242e+08 (exact) samples= 10000000
2026-02-22 00:02:35.848 [INFO] Wall-time summary (ms) [all]: {"n":5,"mean":14163.9,"stdev":19.9218,"sem":8.9093,"min":14143.5,"max":14186.9,"median":14156.2,"p90":14185.4,"p95":14186.2,"p99":14186.8}
2026-02-22 00:02:35.848 [INFO] Wall-time summary (ms) [ok-only]: {"n":5,"mean":14163.9,"stdev":19.9218,"sem":8.9093,"min":14143.5,"max":14186.9,"median":14156.2,"p90":14185.4,"p95":14186.2,"p99":14186.8} ok_rate= 1
2026-02-22 00:02:35.848 [INFO] Wrote results to: results/exp2_d2/C_t/rectgen_d2_N1000000_alpha200_seed1/t10000000/kds_sampling/kd_tree/sampling/run.csv
	Command being timed: "timeout -k 30s 7200s /home/dhy/PhD/SJS/build/release/sjs_run --dataset_source=binary --dataset=rectgen_d2_N1000000_alpha200_seed1 --dim=2 --path_r=data/synthetic/exp2_d2/rectgen_d2_N1000000_alpha200_seed1/R.bin --path_s=data/synthetic/exp2_d2/rectgen_d2_N1000000_alpha200_seed1/S.bin --method=kd_tree --variant=sampling --t=10000000 --seed=1 --repeats=5 --threads=1 --out_dir=results/exp2_d2/C_t/rectgen_d2_N1000000_alpha200_seed1/t10000000/kds_sampling/kd_tree/sampling --results_file=results/exp2_d2/C_t/rectgen_d2_N1000000_alpha200_seed1/t10000000/kds_sampling/kd_tree/sampling/run.csv --write_samples=0 --verify=0 --enum_cap=0 --budget=10000000 --w_small=1024 --prefetch=1"
	User time (seconds): 70.67
	System time (seconds): 0.26
	Percent of CPU this job got: 99%
	Elapsed (wall clock) time (h:mm:ss or m:ss): 1:10.98
	Average shared text size (kbytes): 0
	Average unshared data size (kbytes): 0
	Average stack size (kbytes): 0
	Average total size (kbytes): 0
	Maximum resident set size (kbytes): 256624
	Average resident set size (kbytes): 0
	Major (requiring I/O) page faults: 0
	Minor (reclaiming a frame) page faults: 267245
	Voluntary context switches: 3
	Involuntary context switches: 7312
	Swaps: 0
	File system inputs: 0
	File system outputs: 32
	Socket messages sent: 0
	Socket messages received: 0
	Signals delivered: 0
	Page size (bytes): 4096
	Exit status: 0
