2026-02-21 20:25:48.634 [INFO] Loaded dataset: rectgen_d2_N1000000_alpha200_seed1 Dim= 2 R= 1000000 S= 1000000
2026-02-21 20:25:48.634 [INFO] Baseline: range_tree_sampling method= range_tree variant= sampling Dim= 2
2026-02-21 20:27:19.789 [INFO] Run ok (rep= 0 ) Dim= 2 wall_ms= 91155.1 count= 4.03242e+08 (exact) samples= 30000000
2026-02-21 20:28:51.316 [INFO] Run ok (rep= 1 ) Dim= 2 wall_ms= 91520 count= 4.03242e+08 (exact) samples= 30000000
2026-02-21 20:30:22.191 [INFO] Run ok (rep= 2 ) Dim= 2 wall_ms= 90867.5 count= 4.03242e+08 (exact) samples= 30000000
2026-02-21 20:31:52.900 [INFO] Run ok (rep= 3 ) Dim= 2 wall_ms= 90702.9 count= 4.03242e+08 (exact) samples= 30000000
2026-02-21 20:33:24.137 [INFO] Run ok (rep= 4 ) Dim= 2 wall_ms= 91228.8 count= 4.03242e+08 (exact) samples= 30000000
2026-02-21 20:33:24.143 [INFO] Wall-time summary (ms) [all]: {"n":5,"mean":91094.9,"stdev":319.246,"sem":142.771,"min":90702.9,"max":91520,"median":91155.1,"p90":91403.5,"p95":91461.8,"p99":91508.3}
2026-02-21 20:33:24.143 [INFO] Wall-time summary (ms) [ok-only]: {"n":5,"mean":91094.9,"stdev":319.246,"sem":142.771,"min":90702.9,"max":91520,"median":91155.1,"p90":91403.5,"p95":91461.8,"p99":91508.3} ok_rate= 1
2026-02-21 20:33:24.143 [INFO] Wrote results to: results/exp2_d2/C_t/rectgen_d2_N1000000_alpha200_seed1/t30000000/rt_adaptive/range_tree/sampling/run.csv
	Command being timed: "timeout -k 30s 7200s /home/dhy/PhD/SJS/build/release/sjs_run --dataset_source=binary --dataset=rectgen_d2_N1000000_alpha200_seed1 --dim=2 --path_r=data/synthetic/exp2_d2/rectgen_d2_N1000000_alpha200_seed1/R.bin --path_s=data/synthetic/exp2_d2/rectgen_d2_N1000000_alpha200_seed1/S.bin --method=range_tree --variant=sampling --t=30000000 --seed=1 --repeats=5 --threads=1 --out_dir=results/exp2_d2/C_t/rectgen_d2_N1000000_alpha200_seed1/t30000000/rt_adaptive/range_tree/sampling --results_file=results/exp2_d2/C_t/rectgen_d2_N1000000_alpha200_seed1/t30000000/rt_adaptive/range_tree/sampling/run.csv --write_samples=0 --verify=0 --enum_cap=0 --budget=10000000 --w_small=1024 --prefetch=1"
	User time (seconds): 452.78
	System time (seconds): 2.75
	Percent of CPU this job got: 99%
	Elapsed (wall clock) time (h:mm:ss or m:ss): 7:35.73
	Average shared text size (kbytes): 0
	Average unshared data size (kbytes): 0
	Average stack size (kbytes): 0
	Average total size (kbytes): 0
	Maximum resident set size (kbytes): 1125024
	Average resident set size (kbytes): 0
	Major (requiring I/O) page faults: 0
	Minor (reclaiming a frame) page faults: 829226
	Voluntary context switches: 3
	Involuntary context switches: 48682
	Swaps: 0
	File system inputs: 0
	File system outputs: 64
	Socket messages sent: 0
	Socket messages received: 0
	Signals delivered: 0
	Page size (bytes): 4096
	Exit status: 0
