2026-02-21 22:33:01.225 [INFO] Loaded dataset: rectgen_d2_N1000000_alpha300_seed1 Dim= 2 R= 1000000 S= 1000000
2026-02-21 22:33:01.225 [INFO] Baseline: range_tree_sampling method= range_tree variant= sampling Dim= 2
2026-02-21 22:34:24.912 [INFO] Run ok (rep= 0 ) Dim= 2 wall_ms= 83686.5 count= 6.05877e+08 (exact) samples= 100000
2026-02-21 22:35:47.114 [INFO] Run ok (rep= 1 ) Dim= 2 wall_ms= 82202.1 count= 6.05877e+08 (exact) samples= 100000
2026-02-21 22:37:08.884 [INFO] Run ok (rep= 2 ) Dim= 2 wall_ms= 81770 count= 6.05877e+08 (exact) samples= 100000
2026-02-21 22:38:31.600 [INFO] Run ok (rep= 3 ) Dim= 2 wall_ms= 82715.6 count= 6.05877e+08 (exact) samples= 100000
2026-02-21 22:39:54.800 [INFO] Run ok (rep= 4 ) Dim= 2 wall_ms= 83200.5 count= 6.05877e+08 (exact) samples= 100000
2026-02-21 22:39:54.800 [INFO] Wall-time summary (ms) [all]: {"n":5,"mean":82715,"stdev":764.154,"sem":341.74,"min":81770,"max":83686.5,"median":82715.6,"p90":83492.1,"p95":83589.3,"p99":83667.1}
2026-02-21 22:39:54.800 [INFO] Wall-time summary (ms) [ok-only]: {"n":5,"mean":82715,"stdev":764.154,"sem":341.74,"min":81770,"max":83686.5,"median":82715.6,"p90":83492.1,"p95":83589.3,"p99":83667.1} ok_rate= 1
2026-02-21 22:39:54.800 [INFO] Wrote results to: results/exp2_d2/A_alpha/rectgen_d2_N1000000_alpha300_seed1/t100000/rt_adaptive/range_tree/sampling/run.csv
	Command being timed: "timeout -k 30s 7200s /home/dhy/PhD/SJS/build/release/sjs_run --dataset_source=binary --dataset=rectgen_d2_N1000000_alpha300_seed1 --dim=2 --path_r=data/synthetic/exp2_d2/rectgen_d2_N1000000_alpha300_seed1/R.bin --path_s=data/synthetic/exp2_d2/rectgen_d2_N1000000_alpha300_seed1/S.bin --method=range_tree --variant=sampling --t=100000 --seed=1 --repeats=5 --threads=1 --out_dir=results/exp2_d2/A_alpha/rectgen_d2_N1000000_alpha300_seed1/t100000/rt_adaptive/range_tree/sampling --results_file=results/exp2_d2/A_alpha/rectgen_d2_N1000000_alpha300_seed1/t100000/rt_adaptive/range_tree/sampling/run.csv --write_samples=0 --verify=0 --enum_cap=0 --budget=10000000 --w_small=1024 --prefetch=1"
	User time (seconds): 413.06
	System time (seconds): 0.60
	Percent of CPU this job got: 99%
	Elapsed (wall clock) time (h:mm:ss or m:ss): 6:53.80
	Average shared text size (kbytes): 0
	Average unshared data size (kbytes): 0
	Average stack size (kbytes): 0
	Average total size (kbytes): 0
	Maximum resident set size (kbytes): 660476
	Average resident set size (kbytes): 0
	Major (requiring I/O) page faults: 0
	Minor (reclaiming a frame) page faults: 372920
	Voluntary context switches: 3
	Involuntary context switches: 41195
	Swaps: 0
	File system inputs: 0
	File system outputs: 64
	Socket messages sent: 0
	Socket messages received: 0
	Signals delivered: 0
	Page size (bytes): 4096
	Exit status: 0
