2026-02-21 22:21:58.234 [INFO] Loaded dataset: rectgen_d2_N1000000_alpha1_seed1 Dim= 2 R= 1000000 S= 1000000
2026-02-21 22:21:58.234 [INFO] Baseline: ours_highdims_sampling method= ours variant= sampling Dim= 2
2026-02-21 22:22:33.633 [INFO] Run ok (rep= 0 ) Dim= 2 wall_ms= 35398.4 count= 2.01488e+06 (exact) samples= 100000
2026-02-21 22:23:10.555 [INFO] Run ok (rep= 1 ) Dim= 2 wall_ms= 36921.7 count= 2.01488e+06 (exact) samples= 100000
2026-02-21 22:23:47.317 [INFO] Run ok (rep= 2 ) Dim= 2 wall_ms= 36761.9 count= 2.01488e+06 (exact) samples= 100000
2026-02-21 22:24:24.164 [INFO] Run ok (rep= 3 ) Dim= 2 wall_ms= 36847.7 count= 2.01488e+06 (exact) samples= 100000
2026-02-21 22:25:01.076 [INFO] Run ok (rep= 4 ) Dim= 2 wall_ms= 36911.4 count= 2.01488e+06 (exact) samples= 100000
2026-02-21 22:25:01.076 [INFO] Wall-time summary (ms) [all]: {"n":5,"mean":36568.2,"stdev":657.057,"sem":293.845,"min":35398.4,"max":36921.7,"median":36847.7,"p90":36917.6,"p95":36919.7,"p99":36921.3}
2026-02-21 22:25:01.076 [INFO] Wall-time summary (ms) [ok-only]: {"n":5,"mean":36568.2,"stdev":657.057,"sem":293.845,"min":35398.4,"max":36921.7,"median":36847.7,"p90":36917.6,"p95":36919.7,"p99":36921.3} ok_rate= 1
2026-02-21 22:25:01.076 [INFO] Wrote results to: results/exp2_d2/A_alpha/rectgen_d2_N1000000_alpha1_seed1/t100000/sjs_adaptive/ours/sampling/run.csv
	Command being timed: "timeout -k 30s 7200s /home/dhy/PhD/SJS/build/release/sjs_run --dataset_source=binary --dataset=rectgen_d2_N1000000_alpha1_seed1 --dim=2 --path_r=data/synthetic/exp2_d2/rectgen_d2_N1000000_alpha1_seed1/R.bin --path_s=data/synthetic/exp2_d2/rectgen_d2_N1000000_alpha1_seed1/S.bin --method=ours --variant=sampling --t=100000 --seed=1 --repeats=5 --threads=1 --out_dir=results/exp2_d2/A_alpha/rectgen_d2_N1000000_alpha1_seed1/t100000/sjs_adaptive/ours/sampling --results_file=results/exp2_d2/A_alpha/rectgen_d2_N1000000_alpha1_seed1/t100000/sjs_adaptive/ours/sampling/run.csv --write_samples=0 --verify=0 --enum_cap=0 --budget=10000000 --w_small=1024 --prefetch=1"
	User time (seconds): 184.87
	System time (seconds): 1.09
	Percent of CPU this job got: 99%
	Elapsed (wall clock) time (h:mm:ss or m:ss): 3:06.03
	Average shared text size (kbytes): 0
	Average unshared data size (kbytes): 0
	Average stack size (kbytes): 0
	Average total size (kbytes): 0
	Maximum resident set size (kbytes): 1476012
	Average resident set size (kbytes): 0
	Major (requiring I/O) page faults: 0
	Minor (reclaiming a frame) page faults: 684234
	Voluntary context switches: 3
	Involuntary context switches: 19040
	Swaps: 0
	File system inputs: 0
	File system outputs: 64
	Socket messages sent: 0
	Socket messages received: 0
	Signals delivered: 0
	Page size (bytes): 4096
	Exit status: 0
