2026-02-21 22:21:58.230 [INFO] Loaded dataset: rectgen_d2_N1000000_alpha0p3_seed1 Dim= 2 R= 1000000 S= 1000000
2026-02-21 22:21:58.230 [INFO] Baseline: range_tree_adaptive method= range_tree variant= adaptive Dim= 2
2026-02-21 22:22:15.625 [INFO] Run ok (rep= 0 ) Dim= 2 wall_ms= 17394.3 count= 596881 (exact) samples= 100000
2026-02-21 22:22:32.995 [INFO] Run ok (rep= 1 ) Dim= 2 wall_ms= 17370.4 count= 596881 (exact) samples= 100000
2026-02-21 22:22:50.619 [INFO] Run ok (rep= 2 ) Dim= 2 wall_ms= 17622 count= 596881 (exact) samples= 100000
2026-02-21 22:23:08.075 [INFO] Run ok (rep= 3 ) Dim= 2 wall_ms= 17456.5 count= 596881 (exact) samples= 100000
2026-02-21 22:23:25.450 [INFO] Run ok (rep= 4 ) Dim= 2 wall_ms= 17373.7 count= 596881 (exact) samples= 100000
2026-02-21 22:23:25.450 [INFO] Wall-time summary (ms) [all]: {"n":5,"mean":17443.4,"stdev":105.686,"sem":47.2643,"min":17370.4,"max":17622,"median":17394.3,"p90":17555.8,"p95":17588.9,"p99":17615.4}
2026-02-21 22:23:25.450 [INFO] Wall-time summary (ms) [ok-only]: {"n":5,"mean":17443.4,"stdev":105.686,"sem":47.2643,"min":17370.4,"max":17622,"median":17394.3,"p90":17555.8,"p95":17588.9,"p99":17615.4} ok_rate= 1
2026-02-21 22:23:25.450 [INFO] Wrote results to: results/exp2_d2/A_alpha/rectgen_d2_N1000000_alpha0p3_seed1/t100000/rt_sampling/range_tree/adaptive/run.csv
	Command being timed: "timeout -k 30s 7200s /home/dhy/PhD/SJS/build/release/sjs_run --dataset_source=binary --dataset=rectgen_d2_N1000000_alpha0p3_seed1 --dim=2 --path_r=data/synthetic/exp2_d2/rectgen_d2_N1000000_alpha0p3_seed1/R.bin --path_s=data/synthetic/exp2_d2/rectgen_d2_N1000000_alpha0p3_seed1/S.bin --method=range_tree --variant=adaptive --t=100000 --seed=1 --repeats=5 --threads=1 --out_dir=results/exp2_d2/A_alpha/rectgen_d2_N1000000_alpha0p3_seed1/t100000/rt_sampling/range_tree/adaptive --results_file=results/exp2_d2/A_alpha/rectgen_d2_N1000000_alpha0p3_seed1/t100000/rt_sampling/range_tree/adaptive/run.csv --write_samples=0 --verify=0 --enum_cap=0 --budget=10000000 --w_small=1024 --prefetch=1"
	User time (seconds): 87.18
	System time (seconds): 0.21
	Percent of CPU this job got: 99%
	Elapsed (wall clock) time (h:mm:ss or m:ss): 1:27.43
	Average shared text size (kbytes): 0
	Average unshared data size (kbytes): 0
	Average stack size (kbytes): 0
	Average total size (kbytes): 0
	Maximum resident set size (kbytes): 694396
	Average resident set size (kbytes): 0
	Major (requiring I/O) page faults: 0
	Minor (reclaiming a frame) page faults: 302447
	Voluntary context switches: 3
	Involuntary context switches: 8858
	Swaps: 0
	File system inputs: 0
	File system outputs: 40
	Socket messages sent: 0
	Socket messages received: 0
	Signals delivered: 0
	Page size (bytes): 4096
	Exit status: 0
