2026-02-21 22:19:08.142 [INFO] Loaded dataset: rectgen_d2_N1000000_alpha0p3_seed1 Dim= 2 R= 1000000 S= 1000000
2026-02-21 22:19:08.142 [INFO] Baseline: ours_highdims_adaptive method= ours variant= adaptive Dim= 2
2026-02-21 22:19:29.351 [INFO] Run ok (rep= 0 ) Dim= 2 wall_ms= 21208.9 count= 596881 (exact) samples= 100000
2026-02-21 22:19:53.457 [INFO] Run ok (rep= 1 ) Dim= 2 wall_ms= 24105.6 count= 596881 (exact) samples= 100000
2026-02-21 22:20:17.383 [INFO] Run ok (rep= 2 ) Dim= 2 wall_ms= 23924.7 count= 596881 (exact) samples= 100000
2026-02-21 22:20:41.350 [INFO] Run ok (rep= 3 ) Dim= 2 wall_ms= 23965 count= 596881 (exact) samples= 100000
2026-02-21 22:21:05.195 [INFO] Run ok (rep= 4 ) Dim= 2 wall_ms= 23842.8 count= 596881 (exact) samples= 100000
2026-02-21 22:21:05.197 [INFO] Wall-time summary (ms) [all]: {"n":5,"mean":23409.4,"stdev":1233.8,"sem":551.77,"min":21208.9,"max":24105.6,"median":23924.7,"p90":24049.4,"p95":24077.5,"p99":24100}
2026-02-21 22:21:05.197 [INFO] Wall-time summary (ms) [ok-only]: {"n":5,"mean":23409.4,"stdev":1233.8,"sem":551.77,"min":21208.9,"max":24105.6,"median":23924.7,"p90":24049.4,"p95":24077.5,"p99":24100} ok_rate= 1
2026-02-21 22:21:05.197 [INFO] Wrote results to: results/exp2_d2/A_alpha/rectgen_d2_N1000000_alpha0p3_seed1/t100000/sjs_sampling/ours/adaptive/run.csv
	Command being timed: "timeout -k 30s 7200s /home/dhy/PhD/SJS/build/release/sjs_run --dataset_source=binary --dataset=rectgen_d2_N1000000_alpha0p3_seed1 --dim=2 --path_r=data/synthetic/exp2_d2/rectgen_d2_N1000000_alpha0p3_seed1/R.bin --path_s=data/synthetic/exp2_d2/rectgen_d2_N1000000_alpha0p3_seed1/S.bin --method=ours --variant=adaptive --t=100000 --seed=1 --repeats=5 --threads=1 --out_dir=results/exp2_d2/A_alpha/rectgen_d2_N1000000_alpha0p3_seed1/t100000/sjs_sampling/ours/adaptive --results_file=results/exp2_d2/A_alpha/rectgen_d2_N1000000_alpha0p3_seed1/t100000/sjs_sampling/ours/adaptive/run.csv --write_samples=0 --verify=0 --enum_cap=0 --budget=10000000 --w_small=1024 --prefetch=1"
	User time (seconds): 119.24
	System time (seconds): 0.95
	Percent of CPU this job got: 99%
	Elapsed (wall clock) time (h:mm:ss or m:ss): 2:00.25
	Average shared text size (kbytes): 0
	Average unshared data size (kbytes): 0
	Average stack size (kbytes): 0
	Average total size (kbytes): 0
	Maximum resident set size (kbytes): 1573476
	Average resident set size (kbytes): 0
	Major (requiring I/O) page faults: 0
	Minor (reclaiming a frame) page faults: 528086
	Voluntary context switches: 3
	Involuntary context switches: 12196
	Swaps: 0
	File system inputs: 0
	File system outputs: 40
	Socket messages sent: 0
	Socket messages received: 0
	Signals delivered: 0
	Page size (bytes): 4096
	Exit status: 0
