2026-02-21 17:23:29.630 [INFO] Loaded dataset: rectgen_d2_N1000000_alpha300_seed1 Dim= 2 R= 1000000 S= 1000000
2026-02-21 17:23:29.630 [INFO] Baseline: range_tree_enum+sampling method= range_tree variant= enum_sampling Dim= 2
2026-02-21 17:24:41.918 [INFO] Run ok (rep= 0 ) Dim= 2 wall_ms= 72287.1 count= 6.05877e+08 (exact) samples= 100000
2026-02-21 17:25:56.047 [INFO] Run ok (rep= 1 ) Dim= 2 wall_ms= 74128.8 count= 6.05877e+08 (exact) samples= 100000
2026-02-21 17:27:06.062 [INFO] Run ok (rep= 2 ) Dim= 2 wall_ms= 70015.6 count= 6.05877e+08 (exact) samples= 100000
2026-02-21 17:28:14.920 [INFO] Run ok (rep= 3 ) Dim= 2 wall_ms= 68857.7 count= 6.05877e+08 (exact) samples= 100000
2026-02-21 17:29:24.243 [INFO] Run ok (rep= 4 ) Dim= 2 wall_ms= 69322.5 count= 6.05877e+08 (exact) samples= 100000
2026-02-21 17:29:24.243 [INFO] Wall-time summary (ms) [all]: {"n":5,"mean":70922.3,"stdev":2224.22,"sem":994.702,"min":68857.7,"max":74128.8,"median":70015.6,"p90":73392.1,"p95":73760.5,"p99":74055.2}
2026-02-21 17:29:24.243 [INFO] Wall-time summary (ms) [ok-only]: {"n":5,"mean":70922.3,"stdev":2224.22,"sem":994.702,"min":68857.7,"max":74128.8,"median":70015.6,"p90":73392.1,"p95":73760.5,"p99":74055.2} ok_rate= 1
2026-02-21 17:29:24.243 [INFO] Wrote results to: results/exp2_d2/A_alpha/rectgen_d2_N1000000_alpha300_seed1/t100000/rt_enum/range_tree/enum_sampling/run.csv
	Command being timed: "timeout -k 30s 7200s /home/dhy/PhD/SJS/build/release/sjs_run --dataset_source=binary --dataset=rectgen_d2_N1000000_alpha300_seed1 --dim=2 --path_r=data/synthetic/exp2_d2/rectgen_d2_N1000000_alpha300_seed1/R.bin --path_s=data/synthetic/exp2_d2/rectgen_d2_N1000000_alpha300_seed1/S.bin --method=range_tree --variant=enum_sampling --t=100000 --seed=1 --repeats=5 --threads=1 --out_dir=results/exp2_d2/A_alpha/rectgen_d2_N1000000_alpha300_seed1/t100000/rt_enum/range_tree/enum_sampling --results_file=results/exp2_d2/A_alpha/rectgen_d2_N1000000_alpha300_seed1/t100000/rt_enum/range_tree/enum_sampling/run.csv --write_samples=0 --verify=0 --enum_cap=0 --budget=10000000 --w_small=1024 --prefetch=1"
	User time (seconds): 349.18
	System time (seconds): 5.59
	Percent of CPU this job got: 99%
	Elapsed (wall clock) time (h:mm:ss or m:ss): 5:54.92
	Average shared text size (kbytes): 0
	Average unshared data size (kbytes): 0
	Average stack size (kbytes): 0
	Average total size (kbytes): 0
	Maximum resident set size (kbytes): 8894816
	Average resident set size (kbytes): 0
	Major (requiring I/O) page faults: 0
	Minor (reclaiming a frame) page faults: 4808335
	Voluntary context switches: 3
	Involuntary context switches: 36643
	Swaps: 0
	File system inputs: 0
	File system outputs: 64
	Socket messages sent: 0
	Socket messages received: 0
	Signals delivered: 0
	Page size (bytes): 4096
	Exit status: 0
