2026-02-21 23:23:40.316 [INFO] Loaded dataset: rectgen_d2_N1000000_alpha200_seed1 Dim= 2 R= 1000000 S= 1000000
2026-02-21 23:23:40.316 [INFO] Baseline: kd_tree_sampling method= kd_tree variant= sampling Dim= 2
2026-02-21 23:23:46.896 [INFO] Run ok (rep= 0 ) Dim= 2 wall_ms= 6580.1 count= 4.03242e+08 (exact) samples= 100000
2026-02-21 23:23:53.467 [INFO] Run ok (rep= 1 ) Dim= 2 wall_ms= 6570.62 count= 4.03242e+08 (exact) samples= 100000
2026-02-21 23:24:00.036 [INFO] Run ok (rep= 2 ) Dim= 2 wall_ms= 6568.3 count= 4.03242e+08 (exact) samples= 100000
2026-02-21 23:24:06.601 [INFO] Run ok (rep= 3 ) Dim= 2 wall_ms= 6565.69 count= 4.03242e+08 (exact) samples= 100000
2026-02-21 23:24:13.167 [INFO] Run ok (rep= 4 ) Dim= 2 wall_ms= 6565.41 count= 4.03242e+08 (exact) samples= 100000
2026-02-21 23:24:13.167 [INFO] Wall-time summary (ms) [all]: {"n":5,"mean":6570.02,"stdev":6.01925,"sem":2.69189,"min":6565.41,"max":6580.1,"median":6568.3,"p90":6576.31,"p95":6578.2,"p99":6579.72}
2026-02-21 23:24:13.167 [INFO] Wall-time summary (ms) [ok-only]: {"n":5,"mean":6570.02,"stdev":6.01925,"sem":2.69189,"min":6565.41,"max":6580.1,"median":6568.3,"p90":6576.31,"p95":6578.2,"p99":6579.72} ok_rate= 1
2026-02-21 23:24:13.167 [INFO] Wrote results to: results/exp2_d2/C_t/rectgen_d2_N1000000_alpha200_seed1/t100000/kds_sampling/kd_tree/sampling/run.csv
	Command being timed: "timeout -k 30s 7200s /home/dhy/PhD/SJS/build/release/sjs_run --dataset_source=binary --dataset=rectgen_d2_N1000000_alpha200_seed1 --dim=2 --path_r=data/synthetic/exp2_d2/rectgen_d2_N1000000_alpha200_seed1/R.bin --path_s=data/synthetic/exp2_d2/rectgen_d2_N1000000_alpha200_seed1/S.bin --method=kd_tree --variant=sampling --t=100000 --seed=1 --repeats=5 --threads=1 --out_dir=results/exp2_d2/C_t/rectgen_d2_N1000000_alpha200_seed1/t100000/kds_sampling/kd_tree/sampling --results_file=results/exp2_d2/C_t/rectgen_d2_N1000000_alpha200_seed1/t100000/kds_sampling/kd_tree/sampling/run.csv --write_samples=0 --verify=0 --enum_cap=0 --budget=10000000 --w_small=1024 --prefetch=1"
	User time (seconds): 32.91
	System time (seconds): 0.06
	Percent of CPU this job got: 99%
	Elapsed (wall clock) time (h:mm:ss or m:ss): 0:33.00
	Average shared text size (kbytes): 0
	Average unshared data size (kbytes): 0
	Average stack size (kbytes): 0
	Average total size (kbytes): 0
	Maximum resident set size (kbytes): 163996
	Average resident set size (kbytes): 0
	Major (requiring I/O) page faults: 0
	Minor (reclaiming a frame) page faults: 72383
	Voluntary context switches: 3
	Involuntary context switches: 3471
	Swaps: 0
	File system inputs: 0
	File system outputs: 32
	Socket messages sent: 0
	Socket messages received: 0
	Signals delivered: 0
	Page size (bytes): 4096
	Exit status: 0
