2026-02-21 22:19:08.143 [INFO] Loaded dataset: rectgen_d2_N1000000_alpha0p1_seed1 Dim= 2 R= 1000000 S= 1000000
2026-02-21 22:19:08.143 [INFO] Baseline: ours_highdims_adaptive method= ours variant= adaptive Dim= 2
2026-02-21 22:19:28.460 [INFO] Run ok (rep= 0 ) Dim= 2 wall_ms= 20317 count= 199476 (exact) samples= 100000
2026-02-21 22:19:51.797 [INFO] Run ok (rep= 1 ) Dim= 2 wall_ms= 23336.5 count= 199476 (exact) samples= 100000
2026-02-21 22:20:14.861 [INFO] Run ok (rep= 2 ) Dim= 2 wall_ms= 23062.7 count= 199476 (exact) samples= 100000
2026-02-21 22:20:38.060 [INFO] Run ok (rep= 3 ) Dim= 2 wall_ms= 23197.2 count= 199476 (exact) samples= 100000
2026-02-21 22:21:01.251 [INFO] Run ok (rep= 4 ) Dim= 2 wall_ms= 23188.9 count= 199476 (exact) samples= 100000
2026-02-21 22:21:01.254 [INFO] Wall-time summary (ms) [all]: {"n":5,"mean":22620.5,"stdev":1291.29,"sem":577.483,"min":20317,"max":23336.5,"median":23188.9,"p90":23280.8,"p95":23308.6,"p99":23330.9}
2026-02-21 22:21:01.254 [INFO] Wall-time summary (ms) [ok-only]: {"n":5,"mean":22620.5,"stdev":1291.29,"sem":577.483,"min":20317,"max":23336.5,"median":23188.9,"p90":23280.8,"p95":23308.6,"p99":23330.9} ok_rate= 1
2026-02-21 22:21:01.254 [INFO] Wrote results to: results/exp2_d2/A_alpha/rectgen_d2_N1000000_alpha0p1_seed1/t100000/sjs_sampling/ours/adaptive/run.csv
	Command being timed: "timeout -k 30s 7200s /home/dhy/PhD/SJS/build/release/sjs_run --dataset_source=binary --dataset=rectgen_d2_N1000000_alpha0p1_seed1 --dim=2 --path_r=data/synthetic/exp2_d2/rectgen_d2_N1000000_alpha0p1_seed1/R.bin --path_s=data/synthetic/exp2_d2/rectgen_d2_N1000000_alpha0p1_seed1/S.bin --method=ours --variant=adaptive --t=100000 --seed=1 --repeats=5 --threads=1 --out_dir=results/exp2_d2/A_alpha/rectgen_d2_N1000000_alpha0p1_seed1/t100000/sjs_sampling/ours/adaptive --results_file=results/exp2_d2/A_alpha/rectgen_d2_N1000000_alpha0p1_seed1/t100000/sjs_sampling/ours/adaptive/run.csv --write_samples=0 --verify=0 --enum_cap=0 --budget=10000000 --w_small=1024 --prefetch=1"
	User time (seconds): 115.43
	System time (seconds): 0.90
	Percent of CPU this job got: 99%
	Elapsed (wall clock) time (h:mm:ss or m:ss): 1:56.38
	Average shared text size (kbytes): 0
	Average unshared data size (kbytes): 0
	Average stack size (kbytes): 0
	Average total size (kbytes): 0
	Maximum resident set size (kbytes): 1571344
	Average resident set size (kbytes): 0
	Major (requiring I/O) page faults: 0
	Minor (reclaiming a frame) page faults: 527587
	Voluntary context switches: 3
	Involuntary context switches: 11784
	Swaps: 0
	File system inputs: 0
	File system outputs: 40
	Socket messages sent: 0
	Socket messages received: 0
	Signals delivered: 0
	Page size (bytes): 4096
	Exit status: 0
