2026-02-21 22:22:03.926 [INFO] Loaded dataset: rectgen_d2_N1000000_alpha1_seed1 Dim= 2 R= 1000000 S= 1000000
2026-02-21 22:22:03.926 [INFO] Baseline: range_tree_adaptive method= range_tree variant= adaptive Dim= 2
2026-02-21 22:22:24.024 [INFO] Run ok (rep= 0 ) Dim= 2 wall_ms= 20097.8 count= 2.01488e+06 (exact) samples= 100000
2026-02-21 22:22:44.106 [INFO] Run ok (rep= 1 ) Dim= 2 wall_ms= 20082.7 count= 2.01488e+06 (exact) samples= 100000
2026-02-21 22:23:04.013 [INFO] Run ok (rep= 2 ) Dim= 2 wall_ms= 19905.2 count= 2.01488e+06 (exact) samples= 100000
2026-02-21 22:23:24.151 [INFO] Run ok (rep= 3 ) Dim= 2 wall_ms= 20138.1 count= 2.01488e+06 (exact) samples= 100000
2026-02-21 22:23:44.248 [INFO] Run ok (rep= 4 ) Dim= 2 wall_ms= 20097.2 count= 2.01488e+06 (exact) samples= 100000
2026-02-21 22:23:44.248 [INFO] Wall-time summary (ms) [all]: {"n":5,"mean":20064.2,"stdev":91.2687,"sem":40.8166,"min":19905.2,"max":20138.1,"median":20097.2,"p90":20122,"p95":20130.1,"p99":20136.5}
2026-02-21 22:23:44.248 [INFO] Wall-time summary (ms) [ok-only]: {"n":5,"mean":20064.2,"stdev":91.2687,"sem":40.8166,"min":19905.2,"max":20138.1,"median":20097.2,"p90":20122,"p95":20130.1,"p99":20136.5} ok_rate= 1
2026-02-21 22:23:44.248 [INFO] Wrote results to: results/exp2_d2/A_alpha/rectgen_d2_N1000000_alpha1_seed1/t100000/rt_sampling/range_tree/adaptive/run.csv
	Command being timed: "timeout -k 30s 7200s /home/dhy/PhD/SJS/build/release/sjs_run --dataset_source=binary --dataset=rectgen_d2_N1000000_alpha1_seed1 --dim=2 --path_r=data/synthetic/exp2_d2/rectgen_d2_N1000000_alpha1_seed1/R.bin --path_s=data/synthetic/exp2_d2/rectgen_d2_N1000000_alpha1_seed1/S.bin --method=range_tree --variant=adaptive --t=100000 --seed=1 --repeats=5 --threads=1 --out_dir=results/exp2_d2/A_alpha/rectgen_d2_N1000000_alpha1_seed1/t100000/rt_sampling/range_tree/adaptive --results_file=results/exp2_d2/A_alpha/rectgen_d2_N1000000_alpha1_seed1/t100000/rt_sampling/range_tree/adaptive/run.csv --write_samples=0 --verify=0 --enum_cap=0 --budget=10000000 --w_small=1024 --prefetch=1"
	User time (seconds): 100.28
	System time (seconds): 0.22
	Percent of CPU this job got: 99%
	Elapsed (wall clock) time (h:mm:ss or m:ss): 1:40.55
	Average shared text size (kbytes): 0
	Average unshared data size (kbytes): 0
	Average stack size (kbytes): 0
	Average total size (kbytes): 0
	Maximum resident set size (kbytes): 778512
	Average resident set size (kbytes): 0
	Major (requiring I/O) page faults: 0
	Minor (reclaiming a frame) page faults: 301135
	Voluntary context switches: 3
	Involuntary context switches: 10130
	Swaps: 0
	File system inputs: 0
	File system outputs: 40
	Socket messages sent: 0
	Socket messages received: 0
	Signals delivered: 0
	Page size (bytes): 4096
	Exit status: 0
