2026-02-21 22:25:04.267 [INFO] Loaded dataset: rectgen_d2_N1000000_alpha3_seed1 Dim= 2 R= 1000000 S= 1000000
2026-02-21 22:25:04.267 [INFO] Baseline: range_tree_adaptive method= range_tree variant= adaptive Dim= 2
2026-02-21 22:25:27.501 [INFO] Run ok (rep= 0 ) Dim= 2 wall_ms= 23234.4 count= 6.03379e+06 (exact) samples= 100000
2026-02-21 22:25:50.336 [INFO] Run ok (rep= 1 ) Dim= 2 wall_ms= 22834.2 count= 6.03379e+06 (exact) samples= 100000
2026-02-21 22:26:13.231 [INFO] Run ok (rep= 2 ) Dim= 2 wall_ms= 22894 count= 6.03379e+06 (exact) samples= 100000
2026-02-21 22:26:36.138 [INFO] Run ok (rep= 3 ) Dim= 2 wall_ms= 22906.8 count= 6.03379e+06 (exact) samples= 100000
2026-02-21 22:26:58.871 [INFO] Run ok (rep= 4 ) Dim= 2 wall_ms= 22731.4 count= 6.03379e+06 (exact) samples= 100000
2026-02-21 22:26:58.871 [INFO] Wall-time summary (ms) [all]: {"n":5,"mean":22920.1,"stdev":188.824,"sem":84.4445,"min":22731.4,"max":23234.4,"median":22894,"p90":23103.3,"p95":23168.8,"p99":23221.3}
2026-02-21 22:26:58.871 [INFO] Wall-time summary (ms) [ok-only]: {"n":5,"mean":22920.1,"stdev":188.824,"sem":84.4445,"min":22731.4,"max":23234.4,"median":22894,"p90":23103.3,"p95":23168.8,"p99":23221.3} ok_rate= 1
2026-02-21 22:26:58.871 [INFO] Wrote results to: results/exp2_d2/A_alpha/rectgen_d2_N1000000_alpha3_seed1/t100000/rt_sampling/range_tree/adaptive/run.csv
	Command being timed: "timeout -k 30s 7200s /home/dhy/PhD/SJS/build/release/sjs_run --dataset_source=binary --dataset=rectgen_d2_N1000000_alpha3_seed1 --dim=2 --path_r=data/synthetic/exp2_d2/rectgen_d2_N1000000_alpha3_seed1/R.bin --path_s=data/synthetic/exp2_d2/rectgen_d2_N1000000_alpha3_seed1/S.bin --method=range_tree --variant=adaptive --t=100000 --seed=1 --repeats=5 --threads=1 --out_dir=results/exp2_d2/A_alpha/rectgen_d2_N1000000_alpha3_seed1/t100000/rt_sampling/range_tree/adaptive --results_file=results/exp2_d2/A_alpha/rectgen_d2_N1000000_alpha3_seed1/t100000/rt_sampling/range_tree/adaptive/run.csv --write_samples=0 --verify=0 --enum_cap=0 --budget=10000000 --w_small=1024 --prefetch=1"
	User time (seconds): 114.25
	System time (seconds): 0.53
	Percent of CPU this job got: 99%
	Elapsed (wall clock) time (h:mm:ss or m:ss): 1:54.82
	Average shared text size (kbytes): 0
	Average unshared data size (kbytes): 0
	Average stack size (kbytes): 0
	Average total size (kbytes): 0
	Maximum resident set size (kbytes): 718236
	Average resident set size (kbytes): 0
	Major (requiring I/O) page faults: 0
	Minor (reclaiming a frame) page faults: 435844
	Voluntary context switches: 3
	Involuntary context switches: 11615
	Swaps: 0
	File system inputs: 0
	File system outputs: 40
	Socket messages sent: 0
	Socket messages received: 0
	Signals delivered: 0
	Page size (bytes): 4096
	Exit status: 0
