2026-02-21 22:19:08.140 [INFO] Loaded dataset: rectgen_d2_N1000000_alpha0p3_seed1 Dim= 2 R= 1000000 S= 1000000
2026-02-21 22:19:08.140 [INFO] Baseline: ours_highdims_sampling method= ours variant= sampling Dim= 2
2026-02-21 22:19:40.363 [INFO] Run ok (rep= 0 ) Dim= 2 wall_ms= 32222.1 count= 596881 (exact) samples= 100000
2026-02-21 22:20:15.512 [INFO] Run ok (rep= 1 ) Dim= 2 wall_ms= 35149.4 count= 596881 (exact) samples= 100000
2026-02-21 22:20:50.662 [INFO] Run ok (rep= 2 ) Dim= 2 wall_ms= 35149.7 count= 596881 (exact) samples= 100000
2026-02-21 22:21:25.837 [INFO] Run ok (rep= 3 ) Dim= 2 wall_ms= 35175 count= 596881 (exact) samples= 100000
2026-02-21 22:22:00.729 [INFO] Run ok (rep= 4 ) Dim= 2 wall_ms= 34892.3 count= 596881 (exact) samples= 100000
2026-02-21 22:22:00.730 [INFO] Wall-time summary (ms) [all]: {"n":5,"mean":34517.7,"stdev":1288.47,"sem":576.223,"min":32222.1,"max":35175,"median":35149.4,"p90":35164.9,"p95":35170,"p99":35174}
2026-02-21 22:22:00.730 [INFO] Wall-time summary (ms) [ok-only]: {"n":5,"mean":34517.7,"stdev":1288.47,"sem":576.223,"min":32222.1,"max":35175,"median":35149.4,"p90":35164.9,"p95":35170,"p99":35174} ok_rate= 1
2026-02-21 22:22:00.730 [INFO] Wrote results to: results/exp2_d2/A_alpha/rectgen_d2_N1000000_alpha0p3_seed1/t100000/sjs_adaptive/ours/sampling/run.csv
	Command being timed: "timeout -k 30s 7200s /home/dhy/PhD/SJS/build/release/sjs_run --dataset_source=binary --dataset=rectgen_d2_N1000000_alpha0p3_seed1 --dim=2 --path_r=data/synthetic/exp2_d2/rectgen_d2_N1000000_alpha0p3_seed1/R.bin --path_s=data/synthetic/exp2_d2/rectgen_d2_N1000000_alpha0p3_seed1/S.bin --method=ours --variant=sampling --t=100000 --seed=1 --repeats=5 --threads=1 --out_dir=results/exp2_d2/A_alpha/rectgen_d2_N1000000_alpha0p3_seed1/t100000/sjs_adaptive/ours/sampling --results_file=results/exp2_d2/A_alpha/rectgen_d2_N1000000_alpha0p3_seed1/t100000/sjs_adaptive/ours/sampling/run.csv --write_samples=0 --verify=0 --enum_cap=0 --budget=10000000 --w_small=1024 --prefetch=1"
	User time (seconds): 174.60
	System time (seconds): 1.10
	Percent of CPU this job got: 99%
	Elapsed (wall clock) time (h:mm:ss or m:ss): 2:55.77
	Average shared text size (kbytes): 0
	Average unshared data size (kbytes): 0
	Average stack size (kbytes): 0
	Average total size (kbytes): 0
	Maximum resident set size (kbytes): 1474140
	Average resident set size (kbytes): 0
	Major (requiring I/O) page faults: 0
	Minor (reclaiming a frame) page faults: 502498
	Voluntary context switches: 3
	Involuntary context switches: 17930
	Swaps: 0
	File system inputs: 0
	File system outputs: 56
	Socket messages sent: 0
	Socket messages received: 0
	Signals delivered: 0
	Page size (bytes): 4096
	Exit status: 0
