2026-02-21 17:51:41.553 [INFO] Loaded dataset: rectgen_d2_N1000000_alpha200_seed1 Dim= 2 R= 1000000 S= 1000000
2026-02-21 17:51:41.553 [INFO] Baseline: ours_highdims_enum+sampling method= ours variant= enum_sampling Dim= 2
2026-02-21 17:52:22.722 [INFO] Run ok (rep= 0 ) Dim= 2 wall_ms= 41168.6 count= 4.03242e+08 (exact) samples= 100000
2026-02-21 17:53:05.111 [INFO] Run ok (rep= 1 ) Dim= 2 wall_ms= 42389.6 count= 4.03242e+08 (exact) samples= 100000
2026-02-21 17:53:47.280 [INFO] Run ok (rep= 2 ) Dim= 2 wall_ms= 42168.2 count= 4.03242e+08 (exact) samples= 100000
2026-02-21 17:54:29.367 [INFO] Run ok (rep= 3 ) Dim= 2 wall_ms= 42087.1 count= 4.03242e+08 (exact) samples= 100000
2026-02-21 17:55:12.076 [INFO] Run ok (rep= 4 ) Dim= 2 wall_ms= 42708.5 count= 4.03242e+08 (exact) samples= 100000
2026-02-21 17:55:12.076 [INFO] Wall-time summary (ms) [all]: {"n":5,"mean":42104.4,"stdev":575.845,"sem":257.526,"min":41168.6,"max":42708.5,"median":42168.2,"p90":42580.9,"p95":42644.7,"p99":42695.7}
2026-02-21 17:55:12.076 [INFO] Wall-time summary (ms) [ok-only]: {"n":5,"mean":42104.4,"stdev":575.845,"sem":257.526,"min":41168.6,"max":42708.5,"median":42168.2,"p90":42580.9,"p95":42644.7,"p99":42695.7} ok_rate= 1
2026-02-21 17:55:12.076 [INFO] Wrote results to: results/exp2_d2/B_N/rectgen_d2_N1000000_alpha200_seed1/t100000/sjs_enum/ours/enum_sampling/run.csv
	Command being timed: "timeout -k 30s 7200s /home/dhy/PhD/SJS/build/release/sjs_run --dataset_source=binary --dataset=rectgen_d2_N1000000_alpha200_seed1 --dim=2 --path_r=data/synthetic/exp2_d2/rectgen_d2_N1000000_alpha200_seed1/R.bin --path_s=data/synthetic/exp2_d2/rectgen_d2_N1000000_alpha200_seed1/S.bin --method=ours --variant=enum_sampling --t=100000 --seed=1 --repeats=5 --threads=1 --out_dir=results/exp2_d2/B_N/rectgen_d2_N1000000_alpha200_seed1/t100000/sjs_enum/ours/enum_sampling --results_file=results/exp2_d2/B_N/rectgen_d2_N1000000_alpha200_seed1/t100000/sjs_enum/ours/enum_sampling/run.csv --write_samples=0 --verify=0 --enum_cap=0 --budget=10000000 --w_small=1024 --prefetch=1"
	User time (seconds): 211.33
	System time (seconds): 2.53
	Percent of CPU this job got: 99%
	Elapsed (wall clock) time (h:mm:ss or m:ss): 3:33.97
	Average shared text size (kbytes): 0
	Average unshared data size (kbytes): 0
	Average stack size (kbytes): 0
	Average total size (kbytes): 0
	Maximum resident set size (kbytes): 5409980
	Average resident set size (kbytes): 0
	Major (requiring I/O) page faults: 0
	Minor (reclaiming a frame) page faults: 2331462
	Voluntary context switches: 3
	Involuntary context switches: 22693
	Swaps: 0
	File system inputs: 0
	File system outputs: 64
	Socket messages sent: 0
	Socket messages received: 0
	Signals delivered: 0
	Page size (bytes): 4096
	Exit status: 0
