2026-02-21 22:23:25.673 [INFO] Loaded dataset: rectgen_d2_N1000000_alpha3_seed1 Dim= 2 R= 1000000 S= 1000000
2026-02-21 22:23:25.673 [INFO] Baseline: range_tree_sampling method= range_tree variant= sampling Dim= 2
2026-02-21 22:24:03.153 [INFO] Run ok (rep= 0 ) Dim= 2 wall_ms= 37480.1 count= 6.03379e+06 (exact) samples= 100000
2026-02-21 22:24:41.234 [INFO] Run ok (rep= 1 ) Dim= 2 wall_ms= 38080.9 count= 6.03379e+06 (exact) samples= 100000
2026-02-21 22:25:19.539 [INFO] Run ok (rep= 2 ) Dim= 2 wall_ms= 38305.1 count= 6.03379e+06 (exact) samples= 100000
2026-02-21 22:25:56.761 [INFO] Run ok (rep= 3 ) Dim= 2 wall_ms= 37221.7 count= 6.03379e+06 (exact) samples= 100000
2026-02-21 22:26:35.046 [INFO] Run ok (rep= 4 ) Dim= 2 wall_ms= 38284.8 count= 6.03379e+06 (exact) samples= 100000
2026-02-21 22:26:35.046 [INFO] Wall-time summary (ms) [all]: {"n":5,"mean":37874.5,"stdev":494.486,"sem":221.141,"min":37221.7,"max":38305.1,"median":38080.9,"p90":38296.9,"p95":38301,"p99":38304.2}
2026-02-21 22:26:35.046 [INFO] Wall-time summary (ms) [ok-only]: {"n":5,"mean":37874.5,"stdev":494.486,"sem":221.141,"min":37221.7,"max":38305.1,"median":38080.9,"p90":38296.9,"p95":38301,"p99":38304.2} ok_rate= 1
2026-02-21 22:26:35.046 [INFO] Wrote results to: results/exp2_d2/A_alpha/rectgen_d2_N1000000_alpha3_seed1/t100000/rt_adaptive/range_tree/sampling/run.csv
	Command being timed: "timeout -k 30s 7200s /home/dhy/PhD/SJS/build/release/sjs_run --dataset_source=binary --dataset=rectgen_d2_N1000000_alpha3_seed1 --dim=2 --path_r=data/synthetic/exp2_d2/rectgen_d2_N1000000_alpha3_seed1/R.bin --path_s=data/synthetic/exp2_d2/rectgen_d2_N1000000_alpha3_seed1/S.bin --method=range_tree --variant=sampling --t=100000 --seed=1 --repeats=5 --threads=1 --out_dir=results/exp2_d2/A_alpha/rectgen_d2_N1000000_alpha3_seed1/t100000/rt_adaptive/range_tree/sampling --results_file=results/exp2_d2/A_alpha/rectgen_d2_N1000000_alpha3_seed1/t100000/rt_adaptive/range_tree/sampling/run.csv --write_samples=0 --verify=0 --enum_cap=0 --budget=10000000 --w_small=1024 --prefetch=1"
	User time (seconds): 189.34
	System time (seconds): 0.17
	Percent of CPU this job got: 99%
	Elapsed (wall clock) time (h:mm:ss or m:ss): 3:09.59
	Average shared text size (kbytes): 0
	Average unshared data size (kbytes): 0
	Average stack size (kbytes): 0
	Average total size (kbytes): 0
	Maximum resident set size (kbytes): 582380
	Average resident set size (kbytes): 0
	Major (requiring I/O) page faults: 0
	Minor (reclaiming a frame) page faults: 241361
	Voluntary context switches: 3
	Involuntary context switches: 19220
	Swaps: 0
	File system inputs: 0
	File system outputs: 64
	Socket messages sent: 0
	Socket messages received: 0
	Signals delivered: 0
	Page size (bytes): 4096
	Exit status: 0
