2026-02-21 22:25:20.714 [INFO] Loaded dataset: rectgen_d2_N1000000_alpha10_seed1 Dim= 2 R= 1000000 S= 1000000
2026-02-21 22:25:20.714 [INFO] Baseline: range_tree_adaptive method= range_tree variant= adaptive Dim= 2
2026-02-21 22:26:05.441 [INFO] Run ok (rep= 0 ) Dim= 2 wall_ms= 44727 count= 2.01001e+07 (exact) samples= 100000
2026-02-21 22:26:50.490 [INFO] Run ok (rep= 1 ) Dim= 2 wall_ms= 45048.3 count= 2.01001e+07 (exact) samples= 100000
2026-02-21 22:27:35.376 [INFO] Run ok (rep= 2 ) Dim= 2 wall_ms= 44886.5 count= 2.01001e+07 (exact) samples= 100000
2026-02-21 22:28:20.287 [INFO] Run ok (rep= 3 ) Dim= 2 wall_ms= 44910.9 count= 2.01001e+07 (exact) samples= 100000
2026-02-21 22:29:05.161 [INFO] Run ok (rep= 4 ) Dim= 2 wall_ms= 44874 count= 2.01001e+07 (exact) samples= 100000
2026-02-21 22:29:05.161 [INFO] Wall-time summary (ms) [all]: {"n":5,"mean":44889.3,"stdev":114.374,"sem":51.1496,"min":44727,"max":45048.3,"median":44886.5,"p90":44993.3,"p95":45020.8,"p99":45042.8}
2026-02-21 22:29:05.161 [INFO] Wall-time summary (ms) [ok-only]: {"n":5,"mean":44889.3,"stdev":114.374,"sem":51.1496,"min":44727,"max":45048.3,"median":44886.5,"p90":44993.3,"p95":45020.8,"p99":45042.8} ok_rate= 1
2026-02-21 22:29:05.161 [INFO] Wrote results to: results/exp2_d2/A_alpha/rectgen_d2_N1000000_alpha10_seed1/t100000/rt_sampling/range_tree/adaptive/run.csv
	Command being timed: "timeout -k 30s 7200s /home/dhy/PhD/SJS/build/release/sjs_run --dataset_source=binary --dataset=rectgen_d2_N1000000_alpha10_seed1 --dim=2 --path_r=data/synthetic/exp2_d2/rectgen_d2_N1000000_alpha10_seed1/R.bin --path_s=data/synthetic/exp2_d2/rectgen_d2_N1000000_alpha10_seed1/S.bin --method=range_tree --variant=adaptive --t=100000 --seed=1 --repeats=5 --threads=1 --out_dir=results/exp2_d2/A_alpha/rectgen_d2_N1000000_alpha10_seed1/t100000/rt_sampling/range_tree/adaptive --results_file=results/exp2_d2/A_alpha/rectgen_d2_N1000000_alpha10_seed1/t100000/rt_sampling/range_tree/adaptive/run.csv --write_samples=0 --verify=0 --enum_cap=0 --budget=10000000 --w_small=1024 --prefetch=1"
	User time (seconds): 222.80
	System time (seconds): 1.77
	Percent of CPU this job got: 99%
	Elapsed (wall clock) time (h:mm:ss or m:ss): 3:44.66
	Average shared text size (kbytes): 0
	Average unshared data size (kbytes): 0
	Average stack size (kbytes): 0
	Average total size (kbytes): 0
	Maximum resident set size (kbytes): 876340
	Average resident set size (kbytes): 0
	Major (requiring I/O) page faults: 0
	Minor (reclaiming a frame) page faults: 321566
	Voluntary context switches: 3
	Involuntary context switches: 22699
	Swaps: 0
	File system inputs: 0
	File system outputs: 64
	Socket messages sent: 0
	Socket messages received: 0
	Signals delivered: 0
	Page size (bytes): 4096
	Exit status: 0
