2026-02-21 16:47:49.633 [INFO] Loaded dataset: rectgen_d2_N1000000_alpha0p1_seed1 Dim= 2 R= 1000000 S= 1000000
2026-02-21 16:47:49.633 [INFO] Baseline: ours_highdims_enum+sampling method= ours variant= enum_sampling Dim= 2
2026-02-21 16:48:10.873 [INFO] Run ok (rep= 0 ) Dim= 2 wall_ms= 21240.1 count= 199476 (exact) samples= 100000
2026-02-21 16:48:34.926 [INFO] Run ok (rep= 1 ) Dim= 2 wall_ms= 24053.3 count= 199476 (exact) samples= 100000
2026-02-21 16:48:58.852 [INFO] Run ok (rep= 2 ) Dim= 2 wall_ms= 23925.8 count= 199476 (exact) samples= 100000
2026-02-21 16:49:22.676 [INFO] Run ok (rep= 3 ) Dim= 2 wall_ms= 23823.2 count= 199476 (exact) samples= 100000
2026-02-21 16:49:46.551 [INFO] Run ok (rep= 4 ) Dim= 2 wall_ms= 23875 count= 199476 (exact) samples= 100000
2026-02-21 16:49:46.551 [INFO] Wall-time summary (ms) [all]: {"n":5,"mean":23383.5,"stdev":1201.24,"sem":537.211,"min":21240.1,"max":24053.3,"median":23875,"p90":24002.3,"p95":24027.8,"p99":24048.2}
2026-02-21 16:49:46.551 [INFO] Wall-time summary (ms) [ok-only]: {"n":5,"mean":23383.5,"stdev":1201.24,"sem":537.211,"min":21240.1,"max":24053.3,"median":23875,"p90":24002.3,"p95":24027.8,"p99":24048.2} ok_rate= 1
2026-02-21 16:49:46.551 [INFO] Wrote results to: results/exp2_d2/A_alpha/rectgen_d2_N1000000_alpha0p1_seed1/t100000/sjs_enum/ours/enum_sampling/run.csv
	Command being timed: "timeout -k 30s 7200s /home/dhy/PhD/SJS/build/release/sjs_run --dataset_source=binary --dataset=rectgen_d2_N1000000_alpha0p1_seed1 --dim=2 --path_r=data/synthetic/exp2_d2/rectgen_d2_N1000000_alpha0p1_seed1/R.bin --path_s=data/synthetic/exp2_d2/rectgen_d2_N1000000_alpha0p1_seed1/S.bin --method=ours --variant=enum_sampling --t=100000 --seed=1 --repeats=5 --threads=1 --out_dir=results/exp2_d2/A_alpha/rectgen_d2_N1000000_alpha0p1_seed1/t100000/sjs_enum/ours/enum_sampling --results_file=results/exp2_d2/A_alpha/rectgen_d2_N1000000_alpha0p1_seed1/t100000/sjs_enum/ours/enum_sampling/run.csv --write_samples=0 --verify=0 --enum_cap=0 --budget=10000000 --w_small=1024 --prefetch=1"
	User time (seconds): 119.12
	System time (seconds): 0.91
	Percent of CPU this job got: 99%
	Elapsed (wall clock) time (h:mm:ss or m:ss): 2:00.10
	Average shared text size (kbytes): 0
	Average unshared data size (kbytes): 0
	Average stack size (kbytes): 0
	Average total size (kbytes): 0
	Maximum resident set size (kbytes): 1397108
	Average resident set size (kbytes): 0
	Major (requiring I/O) page faults: 0
	Minor (reclaiming a frame) page faults: 425519
	Voluntary context switches: 4
	Involuntary context switches: 12378
	Swaps: 0
	File system inputs: 0
	File system outputs: 40
	Socket messages sent: 0
	Socket messages received: 0
	Signals delivered: 0
	Page size (bytes): 4096
	Exit status: 0
