2026-02-21 22:47:14.891 [INFO] Loaded dataset: rectgen_d2_N2000000_alpha200_seed1 Dim= 2 R= 2000000 S= 2000000
2026-02-21 22:47:14.891 [INFO] Baseline: ours_highdims_sampling method= ours variant= sampling Dim= 2
2026-02-21 22:49:04.439 [INFO] Run ok (rep= 0 ) Dim= 2 wall_ms= 109548 count= 8.04064e+08 (exact) samples= 100000
2026-02-21 22:51:00.658 [INFO] Run ok (rep= 1 ) Dim= 2 wall_ms= 116218 count= 8.04064e+08 (exact) samples= 100000
2026-02-21 22:52:59.717 [INFO] Run ok (rep= 2 ) Dim= 2 wall_ms= 119058 count= 8.04064e+08 (exact) samples= 100000
2026-02-21 22:54:56.630 [INFO] Run ok (rep= 3 ) Dim= 2 wall_ms= 116913 count= 8.04064e+08 (exact) samples= 100000
2026-02-21 22:56:54.044 [INFO] Run ok (rep= 4 ) Dim= 2 wall_ms= 117414 count= 8.04064e+08 (exact) samples= 100000
2026-02-21 22:56:54.044 [INFO] Wall-time summary (ms) [all]: {"n":5,"mean":115830,"stdev":3664.63,"sem":1638.87,"min":109548,"max":119058,"median":116913,"p90":118401,"p95":118730,"p99":118993}
2026-02-21 22:56:54.044 [INFO] Wall-time summary (ms) [ok-only]: {"n":5,"mean":115830,"stdev":3664.63,"sem":1638.87,"min":109548,"max":119058,"median":116913,"p90":118401,"p95":118730,"p99":118993} ok_rate= 1
2026-02-21 22:56:54.044 [INFO] Wrote results to: results/exp2_d2/B_N/rectgen_d2_N2000000_alpha200_seed1/t100000/sjs_adaptive/ours/sampling/run.csv
	Command being timed: "timeout -k 30s 7200s /home/dhy/PhD/SJS/build/release/sjs_run --dataset_source=binary --dataset=rectgen_d2_N2000000_alpha200_seed1 --dim=2 --path_r=data/synthetic/exp2_d2/rectgen_d2_N2000000_alpha200_seed1/R.bin --path_s=data/synthetic/exp2_d2/rectgen_d2_N2000000_alpha200_seed1/S.bin --method=ours --variant=sampling --t=100000 --seed=1 --repeats=5 --threads=1 --out_dir=results/exp2_d2/B_N/rectgen_d2_N2000000_alpha200_seed1/t100000/sjs_adaptive/ours/sampling --results_file=results/exp2_d2/B_N/rectgen_d2_N2000000_alpha200_seed1/t100000/sjs_adaptive/ours/sampling/run.csv --write_samples=0 --verify=0 --enum_cap=0 --budget=10000000 --w_small=1024 --prefetch=1"
	User time (seconds): 580.91
	System time (seconds): 5.13
	Percent of CPU this job got: 99%
	Elapsed (wall clock) time (h:mm:ss or m:ss): 9:46.27
	Average shared text size (kbytes): 0
	Average unshared data size (kbytes): 0
	Average stack size (kbytes): 0
	Average total size (kbytes): 0
	Maximum resident set size (kbytes): 2994436
	Average resident set size (kbytes): 0
	Major (requiring I/O) page faults: 0
	Minor (reclaiming a frame) page faults: 1823505
	Voluntary context switches: 3
	Involuntary context switches: 57979
	Swaps: 0
	File system inputs: 0
	File system outputs: 64
	Socket messages sent: 0
	Socket messages received: 0
	Signals delivered: 0
	Page size (bytes): 4096
	Exit status: 0
