2026-02-21 22:19:08.148 [INFO] Loaded dataset: rectgen_d2_N1000000_alpha0p3_seed1 Dim= 2 R= 1000000 S= 1000000
2026-02-21 22:19:08.148 [INFO] Baseline: range_tree_sampling method= range_tree variant= sampling Dim= 2
2026-02-21 22:19:37.161 [INFO] Run ok (rep= 0 ) Dim= 2 wall_ms= 29012.8 count= 596881 (exact) samples= 100000
2026-02-21 22:20:06.001 [INFO] Run ok (rep= 1 ) Dim= 2 wall_ms= 28839.4 count= 596881 (exact) samples= 100000
2026-02-21 22:20:35.007 [INFO] Run ok (rep= 2 ) Dim= 2 wall_ms= 29006.5 count= 596881 (exact) samples= 100000
2026-02-21 22:21:03.831 [INFO] Run ok (rep= 3 ) Dim= 2 wall_ms= 28824.1 count= 596881 (exact) samples= 100000
2026-02-21 22:21:32.628 [INFO] Run ok (rep= 4 ) Dim= 2 wall_ms= 28796.4 count= 596881 (exact) samples= 100000
2026-02-21 22:21:32.628 [INFO] Wall-time summary (ms) [all]: {"n":5,"mean":28895.8,"stdev":105.054,"sem":46.9817,"min":28796.4,"max":29012.8,"median":28839.4,"p90":29010.3,"p95":29011.6,"p99":29012.6}
2026-02-21 22:21:32.628 [INFO] Wall-time summary (ms) [ok-only]: {"n":5,"mean":28895.8,"stdev":105.054,"sem":46.9817,"min":28796.4,"max":29012.8,"median":28839.4,"p90":29010.3,"p95":29011.6,"p99":29012.6} ok_rate= 1
2026-02-21 22:21:32.628 [INFO] Wrote results to: results/exp2_d2/A_alpha/rectgen_d2_N1000000_alpha0p3_seed1/t100000/rt_adaptive/range_tree/sampling/run.csv
	Command being timed: "timeout -k 30s 7200s /home/dhy/PhD/SJS/build/release/sjs_run --dataset_source=binary --dataset=rectgen_d2_N1000000_alpha0p3_seed1 --dim=2 --path_r=data/synthetic/exp2_d2/rectgen_d2_N1000000_alpha0p3_seed1/R.bin --path_s=data/synthetic/exp2_d2/rectgen_d2_N1000000_alpha0p3_seed1/S.bin --method=range_tree --variant=sampling --t=100000 --seed=1 --repeats=5 --threads=1 --out_dir=results/exp2_d2/A_alpha/rectgen_d2_N1000000_alpha0p3_seed1/t100000/rt_adaptive/range_tree/sampling --results_file=results/exp2_d2/A_alpha/rectgen_d2_N1000000_alpha0p3_seed1/t100000/rt_adaptive/range_tree/sampling/run.csv --write_samples=0 --verify=0 --enum_cap=0 --budget=10000000 --w_small=1024 --prefetch=1"
	User time (seconds): 144.48
	System time (seconds): 0.17
	Percent of CPU this job got: 99%
	Elapsed (wall clock) time (h:mm:ss or m:ss): 2:24.70
	Average shared text size (kbytes): 0
	Average unshared data size (kbytes): 0
	Average stack size (kbytes): 0
	Average total size (kbytes): 0
	Maximum resident set size (kbytes): 673096
	Average resident set size (kbytes): 0
	Major (requiring I/O) page faults: 0
	Minor (reclaiming a frame) page faults: 249291
	Voluntary context switches: 3
	Involuntary context switches: 14700
	Swaps: 0
	File system inputs: 0
	File system outputs: 40
	Socket messages sent: 0
	Socket messages received: 0
	Signals delivered: 0
	Page size (bytes): 4096
	Exit status: 0
