2026-02-21 22:21:58.232 [INFO] Loaded dataset: rectgen_d2_N1000000_alpha1_seed1 Dim= 2 R= 1000000 S= 1000000
2026-02-21 22:21:58.232 [INFO] Baseline: range_tree_sampling method= range_tree variant= sampling Dim= 2
2026-02-21 22:22:30.709 [INFO] Run ok (rep= 0 ) Dim= 2 wall_ms= 32476.6 count= 2.01488e+06 (exact) samples= 100000
2026-02-21 22:23:03.237 [INFO] Run ok (rep= 1 ) Dim= 2 wall_ms= 32527.4 count= 2.01488e+06 (exact) samples= 100000
2026-02-21 22:23:35.757 [INFO] Run ok (rep= 2 ) Dim= 2 wall_ms= 32519.8 count= 2.01488e+06 (exact) samples= 100000
2026-02-21 22:24:08.382 [INFO] Run ok (rep= 3 ) Dim= 2 wall_ms= 32625.9 count= 2.01488e+06 (exact) samples= 100000
2026-02-21 22:24:41.158 [INFO] Run ok (rep= 4 ) Dim= 2 wall_ms= 32775.8 count= 2.01488e+06 (exact) samples= 100000
2026-02-21 22:24:41.158 [INFO] Wall-time summary (ms) [all]: {"n":5,"mean":32585.1,"stdev":119.773,"sem":53.5641,"min":32476.6,"max":32775.8,"median":32527.4,"p90":32715.8,"p95":32745.8,"p99":32769.8}
2026-02-21 22:24:41.158 [INFO] Wall-time summary (ms) [ok-only]: {"n":5,"mean":32585.1,"stdev":119.773,"sem":53.5641,"min":32476.6,"max":32775.8,"median":32527.4,"p90":32715.8,"p95":32745.8,"p99":32769.8} ok_rate= 1
2026-02-21 22:24:41.159 [INFO] Wrote results to: results/exp2_d2/A_alpha/rectgen_d2_N1000000_alpha1_seed1/t100000/rt_adaptive/range_tree/sampling/run.csv
	Command being timed: "timeout -k 30s 7200s /home/dhy/PhD/SJS/build/release/sjs_run --dataset_source=binary --dataset=rectgen_d2_N1000000_alpha1_seed1 --dim=2 --path_r=data/synthetic/exp2_d2/rectgen_d2_N1000000_alpha1_seed1/R.bin --path_s=data/synthetic/exp2_d2/rectgen_d2_N1000000_alpha1_seed1/S.bin --method=range_tree --variant=sampling --t=100000 --seed=1 --repeats=5 --threads=1 --out_dir=results/exp2_d2/A_alpha/rectgen_d2_N1000000_alpha1_seed1/t100000/rt_adaptive/range_tree/sampling --results_file=results/exp2_d2/A_alpha/rectgen_d2_N1000000_alpha1_seed1/t100000/rt_adaptive/range_tree/sampling/run.csv --write_samples=0 --verify=0 --enum_cap=0 --budget=10000000 --w_small=1024 --prefetch=1"
	User time (seconds): 162.87
	System time (seconds): 0.21
	Percent of CPU this job got: 99%
	Elapsed (wall clock) time (h:mm:ss or m:ss): 2:43.14
	Average shared text size (kbytes): 0
	Average unshared data size (kbytes): 0
	Average stack size (kbytes): 0
	Average total size (kbytes): 0
	Maximum resident set size (kbytes): 673972
	Average resident set size (kbytes): 0
	Major (requiring I/O) page faults: 0
	Minor (reclaiming a frame) page faults: 249338
	Voluntary context switches: 3
	Involuntary context switches: 16594
	Swaps: 0
	File system inputs: 0
	File system outputs: 48
	Socket messages sent: 0
	Socket messages received: 0
	Signals delivered: 0
	Page size (bytes): 4096
	Exit status: 0
