2026-02-21 22:19:08.144 [INFO] Loaded dataset: rectgen_d2_N1000000_alpha0p1_seed1 Dim= 2 R= 1000000 S= 1000000
2026-02-21 22:19:08.144 [INFO] Baseline: kd_tree_sampling method= kd_tree variant= sampling Dim= 2
2026-02-21 22:19:08.999 [INFO] Run ok (rep= 0 ) Dim= 2 wall_ms= 854.203 count= 199476 (exact) samples= 100000
2026-02-21 22:19:09.838 [INFO] Run ok (rep= 1 ) Dim= 2 wall_ms= 839.185 count= 199476 (exact) samples= 100000
2026-02-21 22:19:10.676 [INFO] Run ok (rep= 2 ) Dim= 2 wall_ms= 837.944 count= 199476 (exact) samples= 100000
2026-02-21 22:19:11.514 [INFO] Run ok (rep= 3 ) Dim= 2 wall_ms= 838.174 count= 199476 (exact) samples= 100000
2026-02-21 22:19:12.353 [INFO] Run ok (rep= 4 ) Dim= 2 wall_ms= 838.302 count= 199476 (exact) samples= 100000
2026-02-21 22:19:12.353 [INFO] Wall-time summary (ms) [all]: {"n":5,"mean":841.561,"stdev":7.08227,"sem":3.16729,"min":837.944,"max":854.203,"median":838.302,"p90":848.196,"p95":851.199,"p99":853.602}
2026-02-21 22:19:12.353 [INFO] Wall-time summary (ms) [ok-only]: {"n":5,"mean":841.561,"stdev":7.08227,"sem":3.16729,"min":837.944,"max":854.203,"median":838.302,"p90":848.196,"p95":851.199,"p99":853.602} ok_rate= 1
2026-02-21 22:19:12.353 [INFO] Wrote results to: results/exp2_d2/A_alpha/rectgen_d2_N1000000_alpha0p1_seed1/t100000/kds_sampling/kd_tree/sampling/run.csv
	Command being timed: "timeout -k 30s 7200s /home/dhy/PhD/SJS/build/release/sjs_run --dataset_source=binary --dataset=rectgen_d2_N1000000_alpha0p1_seed1 --dim=2 --path_r=data/synthetic/exp2_d2/rectgen_d2_N1000000_alpha0p1_seed1/R.bin --path_s=data/synthetic/exp2_d2/rectgen_d2_N1000000_alpha0p1_seed1/S.bin --method=kd_tree --variant=sampling --t=100000 --seed=1 --repeats=5 --threads=1 --out_dir=results/exp2_d2/A_alpha/rectgen_d2_N1000000_alpha0p1_seed1/t100000/kds_sampling/kd_tree/sampling --results_file=results/exp2_d2/A_alpha/rectgen_d2_N1000000_alpha0p1_seed1/t100000/kds_sampling/kd_tree/sampling/run.csv --write_samples=0 --verify=0 --enum_cap=0 --budget=10000000 --w_small=1024 --prefetch=1"
	User time (seconds): 4.30
	System time (seconds): 0.06
	Percent of CPU this job got: 99%
	Elapsed (wall clock) time (h:mm:ss or m:ss): 0:04.37
	Average shared text size (kbytes): 0
	Average unshared data size (kbytes): 0
	Average stack size (kbytes): 0
	Average total size (kbytes): 0
	Maximum resident set size (kbytes): 163788
	Average resident set size (kbytes): 0
	Major (requiring I/O) page faults: 0
	Minor (reclaiming a frame) page faults: 72387
	Voluntary context switches: 3
	Involuntary context switches: 438
	Swaps: 0
	File system inputs: 0
	File system outputs: 24
	Socket messages sent: 0
	Socket messages received: 0
	Signals delivered: 0
	Page size (bytes): 4096
	Exit status: 0
