2026-02-21 23:49:51.794 [INFO] Loaded dataset: rectgen_d2_N1000000_alpha200_seed1 Dim= 2 R= 1000000 S= 1000000
2026-02-21 23:49:51.794 [INFO] Baseline: range_tree_adaptive method= range_tree variant= adaptive Dim= 2
2026-02-21 23:51:08.495 [INFO] Run ok (rep= 0 ) Dim= 2 wall_ms= 76701.5 count= 4.03242e+08 (exact) samples= 300000
2026-02-21 23:52:26.590 [INFO] Run ok (rep= 1 ) Dim= 2 wall_ms= 78094.5 count= 4.03242e+08 (exact) samples= 300000
2026-02-21 23:53:45.411 [INFO] Run ok (rep= 2 ) Dim= 2 wall_ms= 78820.5 count= 4.03242e+08 (exact) samples= 300000
2026-02-21 23:55:03.278 [INFO] Run ok (rep= 3 ) Dim= 2 wall_ms= 77867.6 count= 4.03242e+08 (exact) samples= 300000
2026-02-21 23:56:20.936 [INFO] Run ok (rep= 4 ) Dim= 2 wall_ms= 77657.6 count= 4.03242e+08 (exact) samples= 300000
2026-02-21 23:56:20.936 [INFO] Wall-time summary (ms) [all]: {"n":5,"mean":77828.4,"stdev":767.409,"sem":343.196,"min":76701.5,"max":78820.5,"median":77867.6,"p90":78530.1,"p95":78675.3,"p99":78791.5}
2026-02-21 23:56:20.936 [INFO] Wall-time summary (ms) [ok-only]: {"n":5,"mean":77828.4,"stdev":767.409,"sem":343.196,"min":76701.5,"max":78820.5,"median":77867.6,"p90":78530.1,"p95":78675.3,"p99":78791.5} ok_rate= 1
2026-02-21 23:56:20.936 [INFO] Wrote results to: results/exp2_d2/C_t/rectgen_d2_N1000000_alpha200_seed1/t300000/rt_sampling/range_tree/adaptive/run.csv
	Command being timed: "timeout -k 30s 7200s /home/dhy/PhD/SJS/build/release/sjs_run --dataset_source=binary --dataset=rectgen_d2_N1000000_alpha200_seed1 --dim=2 --path_r=data/synthetic/exp2_d2/rectgen_d2_N1000000_alpha200_seed1/R.bin --path_s=data/synthetic/exp2_d2/rectgen_d2_N1000000_alpha200_seed1/S.bin --method=range_tree --variant=adaptive --t=300000 --seed=1 --repeats=5 --threads=1 --out_dir=results/exp2_d2/C_t/rectgen_d2_N1000000_alpha200_seed1/t300000/rt_sampling/range_tree/adaptive --results_file=results/exp2_d2/C_t/rectgen_d2_N1000000_alpha200_seed1/t300000/rt_sampling/range_tree/adaptive/run.csv --write_samples=0 --verify=0 --enum_cap=0 --budget=10000000 --w_small=1024 --prefetch=1"
	User time (seconds): 388.88
	System time (seconds): 0.33
	Percent of CPU this job got: 99%
	Elapsed (wall clock) time (h:mm:ss or m:ss): 6:29.37
	Average shared text size (kbytes): 0
	Average unshared data size (kbytes): 0
	Average stack size (kbytes): 0
	Average total size (kbytes): 0
	Maximum resident set size (kbytes): 897828
	Average resident set size (kbytes): 0
	Major (requiring I/O) page faults: 0
	Minor (reclaiming a frame) page faults: 299932
	Voluntary context switches: 3
	Involuntary context switches: 40115
	Swaps: 0
	File system inputs: 0
	File system outputs: 64
	Socket messages sent: 0
	Socket messages received: 0
	Signals delivered: 0
	Page size (bytes): 4096
	Exit status: 0
