2026-02-21 17:47:38.676 [INFO] Loaded dataset: rectgen_d2_N200000_alpha200_seed1 Dim= 2 R= 200000 S= 200000
2026-02-21 17:47:38.676 [INFO] Baseline: range_tree_enum+sampling method= range_tree variant= enum_sampling Dim= 2
2026-02-21 17:47:46.235 [INFO] Run ok (rep= 0 ) Dim= 2 wall_ms= 7558.55 count= 8.00296e+07 (exact) samples= 100000
2026-02-21 17:47:53.251 [INFO] Run ok (rep= 1 ) Dim= 2 wall_ms= 7016.31 count= 8.00296e+07 (exact) samples= 100000
2026-02-21 17:48:00.277 [INFO] Run ok (rep= 2 ) Dim= 2 wall_ms= 7025.56 count= 8.00296e+07 (exact) samples= 100000
2026-02-21 17:48:07.243 [INFO] Run ok (rep= 3 ) Dim= 2 wall_ms= 6965.92 count= 8.00296e+07 (exact) samples= 100000
2026-02-21 17:48:14.308 [INFO] Run ok (rep= 4 ) Dim= 2 wall_ms= 7065.24 count= 8.00296e+07 (exact) samples= 100000
2026-02-21 17:48:14.308 [INFO] Wall-time summary (ms) [all]: {"n":5,"mean":7126.32,"stdev":244.199,"sem":109.209,"min":6965.92,"max":7558.55,"median":7025.56,"p90":7361.23,"p95":7459.89,"p99":7538.82}
2026-02-21 17:48:14.308 [INFO] Wall-time summary (ms) [ok-only]: {"n":5,"mean":7126.32,"stdev":244.199,"sem":109.209,"min":6965.92,"max":7558.55,"median":7025.56,"p90":7361.23,"p95":7459.89,"p99":7538.82} ok_rate= 1
2026-02-21 17:48:14.308 [INFO] Wrote results to: results/exp2_d2/B_N/rectgen_d2_N200000_alpha200_seed1/t100000/rt_enum/range_tree/enum_sampling/run.csv
	Command being timed: "timeout -k 30s 7200s /home/dhy/PhD/SJS/build/release/sjs_run --dataset_source=binary --dataset=rectgen_d2_N200000_alpha200_seed1 --dim=2 --path_r=data/synthetic/exp2_d2/rectgen_d2_N200000_alpha200_seed1/R.bin --path_s=data/synthetic/exp2_d2/rectgen_d2_N200000_alpha200_seed1/S.bin --method=range_tree --variant=enum_sampling --t=100000 --seed=1 --repeats=5 --threads=1 --out_dir=results/exp2_d2/B_N/rectgen_d2_N200000_alpha200_seed1/t100000/rt_enum/range_tree/enum_sampling --results_file=results/exp2_d2/B_N/rectgen_d2_N200000_alpha200_seed1/t100000/rt_enum/range_tree/enum_sampling/run.csv --write_samples=0 --verify=0 --enum_cap=0 --budget=10000000 --w_small=1024 --prefetch=1"
	User time (seconds): 35.30
	System time (seconds): 0.37
	Percent of CPU this job got: 99%
	Elapsed (wall clock) time (h:mm:ss or m:ss): 0:35.70
	Average shared text size (kbytes): 0
	Average unshared data size (kbytes): 0
	Average stack size (kbytes): 0
	Average total size (kbytes): 0
	Maximum resident set size (kbytes): 1158024
	Average resident set size (kbytes): 0
	Major (requiring I/O) page faults: 0
	Minor (reclaiming a frame) page faults: 454200
	Voluntary context switches: 3
	Involuntary context switches: 3826
	Swaps: 0
	File system inputs: 0
	File system outputs: 32
	Socket messages sent: 0
	Socket messages received: 0
	Signals delivered: 0
	Page size (bytes): 4096
	Exit status: 0
