2026-02-21 22:40:22.256 [INFO] Loaded dataset: rectgen_d2_N100000_alpha200_seed1 Dim= 2 R= 100000 S= 100000
2026-02-21 22:40:22.256 [INFO] Baseline: kd_tree_sampling method= kd_tree variant= sampling Dim= 2
2026-02-21 22:40:23.073 [INFO] Run ok (rep= 0 ) Dim= 2 wall_ms= 816.457 count= 4.04015e+07 (exact) samples= 100000
2026-02-21 22:40:23.892 [INFO] Run ok (rep= 1 ) Dim= 2 wall_ms= 818.659 count= 4.04015e+07 (exact) samples= 100000
2026-02-21 22:40:24.707 [INFO] Run ok (rep= 2 ) Dim= 2 wall_ms= 815.081 count= 4.04015e+07 (exact) samples= 100000
2026-02-21 22:40:25.522 [INFO] Run ok (rep= 3 ) Dim= 2 wall_ms= 814.659 count= 4.04015e+07 (exact) samples= 100000
2026-02-21 22:40:26.338 [INFO] Run ok (rep= 4 ) Dim= 2 wall_ms= 816.23 count= 4.04015e+07 (exact) samples= 100000
2026-02-21 22:40:26.338 [INFO] Wall-time summary (ms) [all]: {"n":5,"mean":816.217,"stdev":1.56059,"sem":0.697918,"min":814.659,"max":818.659,"median":816.23,"p90":817.778,"p95":818.219,"p99":818.571}
2026-02-21 22:40:26.338 [INFO] Wall-time summary (ms) [ok-only]: {"n":5,"mean":816.217,"stdev":1.56059,"sem":0.697918,"min":814.659,"max":818.659,"median":816.23,"p90":817.778,"p95":818.219,"p99":818.571} ok_rate= 1
2026-02-21 22:40:26.338 [INFO] Wrote results to: results/exp2_d2/B_N/rectgen_d2_N100000_alpha200_seed1/t100000/kds_sampling/kd_tree/sampling/run.csv
	Command being timed: "timeout -k 30s 7200s /home/dhy/PhD/SJS/build/release/sjs_run --dataset_source=binary --dataset=rectgen_d2_N100000_alpha200_seed1 --dim=2 --path_r=data/synthetic/exp2_d2/rectgen_d2_N100000_alpha200_seed1/R.bin --path_s=data/synthetic/exp2_d2/rectgen_d2_N100000_alpha200_seed1/S.bin --method=kd_tree --variant=sampling --t=100000 --seed=1 --repeats=5 --threads=1 --out_dir=results/exp2_d2/B_N/rectgen_d2_N100000_alpha200_seed1/t100000/kds_sampling/kd_tree/sampling --results_file=results/exp2_d2/B_N/rectgen_d2_N100000_alpha200_seed1/t100000/kds_sampling/kd_tree/sampling/run.csv --write_samples=0 --verify=0 --enum_cap=0 --budget=10000000 --w_small=1024 --prefetch=1"
	User time (seconds): 4.08
	System time (seconds): 0.01
	Percent of CPU this job got: 99%
	Elapsed (wall clock) time (h:mm:ss or m:ss): 0:04.10
	Average shared text size (kbytes): 0
	Average unshared data size (kbytes): 0
	Average stack size (kbytes): 0
	Average total size (kbytes): 0
	Maximum resident set size (kbytes): 21880
	Average resident set size (kbytes): 0
	Major (requiring I/O) page faults: 0
	Minor (reclaiming a frame) page faults: 7866
	Voluntary context switches: 3
	Involuntary context switches: 394
	Swaps: 0
	File system inputs: 0
	File system outputs: 24
	Socket messages sent: 0
	Socket messages received: 0
	Signals delivered: 0
	Page size (bytes): 4096
	Exit status: 0
