2026-02-21 23:56:21.172 [INFO] Loaded dataset: rectgen_d2_N1000000_alpha200_seed1 Dim= 2 R= 1000000 S= 1000000
2026-02-21 23:56:21.172 [INFO] Baseline: range_tree_adaptive method= range_tree variant= adaptive Dim= 2
2026-02-21 23:57:43.923 [INFO] Run ok (rep= 0 ) Dim= 2 wall_ms= 82750.8 count= 4.03242e+08 (exact) samples= 3000000
2026-02-21 23:59:06.855 [INFO] Run ok (rep= 1 ) Dim= 2 wall_ms= 82931.3 count= 4.03242e+08 (exact) samples= 3000000
2026-02-22 00:00:29.980 [INFO] Run ok (rep= 2 ) Dim= 2 wall_ms= 83124.6 count= 4.03242e+08 (exact) samples= 3000000
2026-02-22 00:01:52.741 [INFO] Run ok (rep= 3 ) Dim= 2 wall_ms= 82761.7 count= 4.03242e+08 (exact) samples= 3000000
2026-02-22 00:03:15.448 [INFO] Run ok (rep= 4 ) Dim= 2 wall_ms= 82706.1 count= 4.03242e+08 (exact) samples= 3000000
2026-02-22 00:03:15.448 [INFO] Wall-time summary (ms) [all]: {"n":5,"mean":82854.9,"stdev":173.379,"sem":77.5373,"min":82706.1,"max":83124.6,"median":82761.7,"p90":83047.3,"p95":83086,"p99":83116.9}
2026-02-22 00:03:15.448 [INFO] Wall-time summary (ms) [ok-only]: {"n":5,"mean":82854.9,"stdev":173.379,"sem":77.5373,"min":82706.1,"max":83124.6,"median":82761.7,"p90":83047.3,"p95":83086,"p99":83116.9} ok_rate= 1
2026-02-22 00:03:15.448 [INFO] Wrote results to: results/exp2_d2/C_t/rectgen_d2_N1000000_alpha200_seed1/t3000000/rt_sampling/range_tree/adaptive/run.csv
	Command being timed: "timeout -k 30s 7200s /home/dhy/PhD/SJS/build/release/sjs_run --dataset_source=binary --dataset=rectgen_d2_N1000000_alpha200_seed1 --dim=2 --path_r=data/synthetic/exp2_d2/rectgen_d2_N1000000_alpha200_seed1/R.bin --path_s=data/synthetic/exp2_d2/rectgen_d2_N1000000_alpha200_seed1/S.bin --method=range_tree --variant=adaptive --t=3000000 --seed=1 --repeats=5 --threads=1 --out_dir=results/exp2_d2/C_t/rectgen_d2_N1000000_alpha200_seed1/t3000000/rt_sampling/range_tree/adaptive --results_file=results/exp2_d2/C_t/rectgen_d2_N1000000_alpha200_seed1/t3000000/rt_sampling/range_tree/adaptive/run.csv --write_samples=0 --verify=0 --enum_cap=0 --budget=10000000 --w_small=1024 --prefetch=1"
	User time (seconds): 412.22
	System time (seconds): 2.11
	Percent of CPU this job got: 99%
	Elapsed (wall clock) time (h:mm:ss or m:ss): 6:54.50
	Average shared text size (kbytes): 0
	Average unshared data size (kbytes): 0
	Average stack size (kbytes): 0
	Average total size (kbytes): 0
	Maximum resident set size (kbytes): 867392
	Average resident set size (kbytes): 0
	Major (requiring I/O) page faults: 0
	Minor (reclaiming a frame) page faults: 315441
	Voluntary context switches: 3
	Involuntary context switches: 42544
	Swaps: 0
	File system inputs: 0
	File system outputs: 64
	Socket messages sent: 0
	Socket messages received: 0
	Signals delivered: 0
	Page size (bytes): 4096
	Exit status: 0
