2026-02-21 22:44:50.162 [INFO] Loaded dataset: rectgen_d2_N500000_alpha200_seed1 Dim= 2 R= 500000 S= 500000
2026-02-21 22:44:50.162 [INFO] Baseline: ours_highdims_adaptive method= ours variant= adaptive Dim= 2
2026-02-21 22:45:11.431 [INFO] Run ok (rep= 0 ) Dim= 2 wall_ms= 21269.1 count= 1.98605e+08 (exact) samples= 100000
2026-02-21 22:45:34.193 [INFO] Run ok (rep= 1 ) Dim= 2 wall_ms= 22761.6 count= 1.98605e+08 (exact) samples= 100000
2026-02-21 22:45:57.011 [INFO] Run ok (rep= 2 ) Dim= 2 wall_ms= 22817.5 count= 1.98605e+08 (exact) samples= 100000
2026-02-21 22:46:19.797 [INFO] Run ok (rep= 3 ) Dim= 2 wall_ms= 22785.8 count= 1.98605e+08 (exact) samples= 100000
2026-02-21 22:46:42.549 [INFO] Run ok (rep= 4 ) Dim= 2 wall_ms= 22752.2 count= 1.98605e+08 (exact) samples= 100000
2026-02-21 22:46:42.549 [INFO] Wall-time summary (ms) [all]: {"n":5,"mean":22477.2,"stdev":675.871,"sem":302.259,"min":21269.1,"max":22817.5,"median":22761.6,"p90":22804.8,"p95":22811.1,"p99":22816.2}
2026-02-21 22:46:42.549 [INFO] Wall-time summary (ms) [ok-only]: {"n":5,"mean":22477.2,"stdev":675.871,"sem":302.259,"min":21269.1,"max":22817.5,"median":22761.6,"p90":22804.8,"p95":22811.1,"p99":22816.2} ok_rate= 1
2026-02-21 22:46:42.549 [INFO] Wrote results to: results/exp2_d2/B_N/rectgen_d2_N500000_alpha200_seed1/t100000/sjs_sampling/ours/adaptive/run.csv
	Command being timed: "timeout -k 30s 7200s /home/dhy/PhD/SJS/build/release/sjs_run --dataset_source=binary --dataset=rectgen_d2_N500000_alpha200_seed1 --dim=2 --path_r=data/synthetic/exp2_d2/rectgen_d2_N500000_alpha200_seed1/R.bin --path_s=data/synthetic/exp2_d2/rectgen_d2_N500000_alpha200_seed1/S.bin --method=ours --variant=adaptive --t=100000 --seed=1 --repeats=5 --threads=1 --out_dir=results/exp2_d2/B_N/rectgen_d2_N500000_alpha200_seed1/t100000/sjs_sampling/ours/adaptive --results_file=results/exp2_d2/B_N/rectgen_d2_N500000_alpha200_seed1/t100000/sjs_sampling/ours/adaptive/run.csv --write_samples=0 --verify=0 --enum_cap=0 --budget=10000000 --w_small=1024 --prefetch=1"
	User time (seconds): 113.76
	System time (seconds): 0.24
	Percent of CPU this job got: 99%
	Elapsed (wall clock) time (h:mm:ss or m:ss): 1:54.06
	Average shared text size (kbytes): 0
	Average unshared data size (kbytes): 0
	Average stack size (kbytes): 0
	Average total size (kbytes): 0
	Maximum resident set size (kbytes): 853360
	Average resident set size (kbytes): 0
	Major (requiring I/O) page faults: 0
	Minor (reclaiming a frame) page faults: 253152
	Voluntary context switches: 3
	Involuntary context switches: 11194
	Swaps: 0
	File system inputs: 0
	File system outputs: 40
	Socket messages sent: 0
	Socket messages received: 0
	Signals delivered: 0
	Page size (bytes): 4096
	Exit status: 0
