2026-02-21 23:56:21.175 [INFO] Loaded dataset: rectgen_d2_N1000000_alpha200_seed1 Dim= 2 R= 1000000 S= 1000000
2026-02-21 23:56:21.175 [INFO] Baseline: range_tree_sampling method= range_tree variant= sampling Dim= 2
2026-02-21 23:57:42.924 [INFO] Run ok (rep= 0 ) Dim= 2 wall_ms= 81748.6 count= 4.03242e+08 (exact) samples= 3000000
2026-02-21 23:59:04.692 [INFO] Run ok (rep= 1 ) Dim= 2 wall_ms= 81767.3 count= 4.03242e+08 (exact) samples= 3000000
2026-02-22 00:00:26.721 [INFO] Run ok (rep= 2 ) Dim= 2 wall_ms= 82028.3 count= 4.03242e+08 (exact) samples= 3000000
2026-02-22 00:01:48.653 [INFO] Run ok (rep= 3 ) Dim= 2 wall_ms= 81932.2 count= 4.03242e+08 (exact) samples= 3000000
2026-02-22 00:03:11.057 [INFO] Run ok (rep= 4 ) Dim= 2 wall_ms= 82404.2 count= 4.03242e+08 (exact) samples= 3000000
2026-02-22 00:03:11.057 [INFO] Wall-time summary (ms) [all]: {"n":5,"mean":81976.1,"stdev":266.121,"sem":119.013,"min":81748.6,"max":82404.2,"median":81932.2,"p90":82253.8,"p95":82329,"p99":82389.2}
2026-02-22 00:03:11.057 [INFO] Wall-time summary (ms) [ok-only]: {"n":5,"mean":81976.1,"stdev":266.121,"sem":119.013,"min":81748.6,"max":82404.2,"median":81932.2,"p90":82253.8,"p95":82329,"p99":82389.2} ok_rate= 1
2026-02-22 00:03:11.057 [INFO] Wrote results to: results/exp2_d2/C_t/rectgen_d2_N1000000_alpha200_seed1/t3000000/rt_adaptive/range_tree/sampling/run.csv
	Command being timed: "timeout -k 30s 7200s /home/dhy/PhD/SJS/build/release/sjs_run --dataset_source=binary --dataset=rectgen_d2_N1000000_alpha200_seed1 --dim=2 --path_r=data/synthetic/exp2_d2/rectgen_d2_N1000000_alpha200_seed1/R.bin --path_s=data/synthetic/exp2_d2/rectgen_d2_N1000000_alpha200_seed1/S.bin --method=range_tree --variant=sampling --t=3000000 --seed=1 --repeats=5 --threads=1 --out_dir=results/exp2_d2/C_t/rectgen_d2_N1000000_alpha200_seed1/t3000000/rt_adaptive/range_tree/sampling --results_file=results/exp2_d2/C_t/rectgen_d2_N1000000_alpha200_seed1/t3000000/rt_adaptive/range_tree/sampling/run.csv --write_samples=0 --verify=0 --enum_cap=0 --budget=10000000 --w_small=1024 --prefetch=1"
	User time (seconds): 409.66
	System time (seconds): 0.27
	Percent of CPU this job got: 99%
	Elapsed (wall clock) time (h:mm:ss or m:ss): 6:50.10
	Average shared text size (kbytes): 0
	Average unshared data size (kbytes): 0
	Average stack size (kbytes): 0
	Average total size (kbytes): 0
	Maximum resident set size (kbytes): 687552
	Average resident set size (kbytes): 0
	Major (requiring I/O) page faults: 0
	Minor (reclaiming a frame) page faults: 243342
	Voluntary context switches: 3
	Involuntary context switches: 41994
	Swaps: 0
	File system inputs: 0
	File system outputs: 64
	Socket messages sent: 0
	Socket messages received: 0
	Signals delivered: 0
	Page size (bytes): 4096
	Exit status: 0
