2026-02-21 20:01:03.249 [INFO] Loaded dataset: rectgen_d2_N1000000_alpha200_seed1 Dim= 2 R= 1000000 S= 1000000
2026-02-21 20:01:03.249 [INFO] Baseline: range_tree_enum+sampling method= range_tree variant= enum_sampling Dim= 2
2026-02-21 20:02:04.064 [INFO] Run ok (rep= 0 ) Dim= 2 wall_ms= 60814.5 count= 4.03242e+08 (exact) samples= 10000000
2026-02-21 20:03:02.479 [INFO] Run ok (rep= 1 ) Dim= 2 wall_ms= 58413.5 count= 4.03242e+08 (exact) samples= 10000000
2026-02-21 20:04:00.804 [INFO] Run ok (rep= 2 ) Dim= 2 wall_ms= 58323.6 count= 4.03242e+08 (exact) samples= 10000000
2026-02-21 20:04:58.708 [INFO] Run ok (rep= 3 ) Dim= 2 wall_ms= 57903.8 count= 4.03242e+08 (exact) samples= 10000000
2026-02-21 20:05:56.500 [INFO] Run ok (rep= 4 ) Dim= 2 wall_ms= 57790.4 count= 4.03242e+08 (exact) samples= 10000000
2026-02-21 20:05:56.501 [INFO] Wall-time summary (ms) [all]: {"n":5,"mean":58649.2,"stdev":1239.28,"sem":554.221,"min":57790.4,"max":60814.5,"median":58323.6,"p90":59854.1,"p95":60334.3,"p99":60718.5}
2026-02-21 20:05:56.501 [INFO] Wall-time summary (ms) [ok-only]: {"n":5,"mean":58649.2,"stdev":1239.28,"sem":554.221,"min":57790.4,"max":60814.5,"median":58323.6,"p90":59854.1,"p95":60334.3,"p99":60718.5} ok_rate= 1
2026-02-21 20:05:56.501 [INFO] Wrote results to: results/exp2_d2/C_t/rectgen_d2_N1000000_alpha200_seed1/t10000000/rt_enum/range_tree/enum_sampling/run.csv
	Command being timed: "timeout -k 30s 7200s /home/dhy/PhD/SJS/build/release/sjs_run --dataset_source=binary --dataset=rectgen_d2_N1000000_alpha200_seed1 --dim=2 --path_r=data/synthetic/exp2_d2/rectgen_d2_N1000000_alpha200_seed1/R.bin --path_s=data/synthetic/exp2_d2/rectgen_d2_N1000000_alpha200_seed1/S.bin --method=range_tree --variant=enum_sampling --t=10000000 --seed=1 --repeats=5 --threads=1 --out_dir=results/exp2_d2/C_t/rectgen_d2_N1000000_alpha200_seed1/t10000000/rt_enum/range_tree/enum_sampling --results_file=results/exp2_d2/C_t/rectgen_d2_N1000000_alpha200_seed1/t10000000/rt_enum/range_tree/enum_sampling/run.csv --write_samples=0 --verify=0 --enum_cap=0 --budget=10000000 --w_small=1024 --prefetch=1"
	User time (seconds): 290.84
	System time (seconds): 2.56
	Percent of CPU this job got: 99%
	Elapsed (wall clock) time (h:mm:ss or m:ss): 4:53.53
	Average shared text size (kbytes): 0
	Average unshared data size (kbytes): 0
	Average stack size (kbytes): 0
	Average total size (kbytes): 0
	Maximum resident set size (kbytes): 4693568
	Average resident set size (kbytes): 0
	Major (requiring I/O) page faults: 0
	Minor (reclaiming a frame) page faults: 2132927
	Voluntary context switches: 3
	Involuntary context switches: 30609
	Swaps: 0
	File system inputs: 0
	File system outputs: 64
	Socket messages sent: 0
	Socket messages received: 0
	Signals delivered: 0
	Page size (bytes): 4096
	Exit status: 0
