2026-02-21 17:48:14.420 [INFO] Loaded dataset: rectgen_d2_N500000_alpha200_seed1 Dim= 2 R= 500000 S= 500000
2026-02-21 17:48:14.420 [INFO] Baseline: ours_highdims_enum+sampling method= ours variant= enum_sampling Dim= 2
2026-02-21 17:48:31.953 [INFO] Run ok (rep= 0 ) Dim= 2 wall_ms= 17533.5 count= 1.98605e+08 (exact) samples= 100000
2026-02-21 17:48:50.014 [INFO] Run ok (rep= 1 ) Dim= 2 wall_ms= 18060.3 count= 1.98605e+08 (exact) samples= 100000
2026-02-21 17:49:07.979 [INFO] Run ok (rep= 2 ) Dim= 2 wall_ms= 17965.1 count= 1.98605e+08 (exact) samples= 100000
2026-02-21 17:49:25.985 [INFO] Run ok (rep= 3 ) Dim= 2 wall_ms= 18005.7 count= 1.98605e+08 (exact) samples= 100000
2026-02-21 17:49:44.162 [INFO] Run ok (rep= 4 ) Dim= 2 wall_ms= 18177.4 count= 1.98605e+08 (exact) samples= 100000
2026-02-21 17:49:44.162 [INFO] Wall-time summary (ms) [all]: {"n":5,"mean":17948.4,"stdev":245.302,"sem":109.703,"min":17533.5,"max":18177.4,"median":18005.7,"p90":18130.5,"p95":18154,"p99":18172.7}
2026-02-21 17:49:44.162 [INFO] Wall-time summary (ms) [ok-only]: {"n":5,"mean":17948.4,"stdev":245.302,"sem":109.703,"min":17533.5,"max":18177.4,"median":18005.7,"p90":18130.5,"p95":18154,"p99":18172.7} ok_rate= 1
2026-02-21 17:49:44.162 [INFO] Wrote results to: results/exp2_d2/B_N/rectgen_d2_N500000_alpha200_seed1/t100000/sjs_enum/ours/enum_sampling/run.csv
	Command being timed: "timeout -k 30s 7200s /home/dhy/PhD/SJS/build/release/sjs_run --dataset_source=binary --dataset=rectgen_d2_N500000_alpha200_seed1 --dim=2 --path_r=data/synthetic/exp2_d2/rectgen_d2_N500000_alpha200_seed1/R.bin --path_s=data/synthetic/exp2_d2/rectgen_d2_N500000_alpha200_seed1/S.bin --method=ours --variant=enum_sampling --t=100000 --seed=1 --repeats=5 --threads=1 --out_dir=results/exp2_d2/B_N/rectgen_d2_N500000_alpha200_seed1/t100000/sjs_enum/ours/enum_sampling --results_file=results/exp2_d2/B_N/rectgen_d2_N500000_alpha200_seed1/t100000/sjs_enum/ours/enum_sampling/run.csv --write_samples=0 --verify=0 --enum_cap=0 --budget=10000000 --w_small=1024 --prefetch=1"
	User time (seconds): 89.85
	System time (seconds): 1.51
	Percent of CPU this job got: 99%
	Elapsed (wall clock) time (h:mm:ss or m:ss): 1:31.40
	Average shared text size (kbytes): 0
	Average unshared data size (kbytes): 0
	Average stack size (kbytes): 0
	Average total size (kbytes): 0
	Maximum resident set size (kbytes): 2718908
	Average resident set size (kbytes): 0
	Major (requiring I/O) page faults: 0
	Minor (reclaiming a frame) page faults: 1119390
	Voluntary context switches: 3
	Involuntary context switches: 9714
	Swaps: 0
	File system inputs: 0
	File system outputs: 40
	Socket messages sent: 0
	Socket messages received: 0
	Signals delivered: 0
	Page size (bytes): 4096
	Exit status: 0
