2026-02-21 22:47:43.050 [INFO] Loaded dataset: rectgen_d2_N2000000_alpha200_seed1 Dim= 2 R= 2000000 S= 2000000
2026-02-21 22:47:43.050 [INFO] Baseline: ours_highdims_adaptive method= ours variant= adaptive Dim= 2
2026-02-21 22:49:34.129 [INFO] Run ok (rep= 0 ) Dim= 2 wall_ms= 111079 count= 8.04064e+08 (exact) samples= 100000
2026-02-21 22:51:31.782 [INFO] Run ok (rep= 1 ) Dim= 2 wall_ms= 117651 count= 8.04064e+08 (exact) samples= 100000
2026-02-21 22:53:29.073 [INFO] Run ok (rep= 2 ) Dim= 2 wall_ms= 117290 count= 8.04064e+08 (exact) samples= 100000
2026-02-21 22:55:26.300 [INFO] Run ok (rep= 3 ) Dim= 2 wall_ms= 117225 count= 8.04064e+08 (exact) samples= 100000
2026-02-21 22:57:23.876 [INFO] Run ok (rep= 4 ) Dim= 2 wall_ms= 117575 count= 8.04064e+08 (exact) samples= 100000
2026-02-21 22:57:23.878 [INFO] Wall-time summary (ms) [all]: {"n":5,"mean":116164,"stdev":2848.31,"sem":1273.8,"min":111079,"max":117651,"median":117290,"p90":117621,"p95":117636,"p99":117648}
2026-02-21 22:57:23.878 [INFO] Wall-time summary (ms) [ok-only]: {"n":5,"mean":116164,"stdev":2848.31,"sem":1273.8,"min":111079,"max":117651,"median":117290,"p90":117621,"p95":117636,"p99":117648} ok_rate= 1
2026-02-21 22:57:23.878 [INFO] Wrote results to: results/exp2_d2/B_N/rectgen_d2_N2000000_alpha200_seed1/t100000/sjs_sampling/ours/adaptive/run.csv
	Command being timed: "timeout -k 30s 7200s /home/dhy/PhD/SJS/build/release/sjs_run --dataset_source=binary --dataset=rectgen_d2_N2000000_alpha200_seed1 --dim=2 --path_r=data/synthetic/exp2_d2/rectgen_d2_N2000000_alpha200_seed1/R.bin --path_s=data/synthetic/exp2_d2/rectgen_d2_N2000000_alpha200_seed1/S.bin --method=ours --variant=adaptive --t=100000 --seed=1 --repeats=5 --threads=1 --out_dir=results/exp2_d2/B_N/rectgen_d2_N2000000_alpha200_seed1/t100000/sjs_sampling/ours/adaptive --results_file=results/exp2_d2/B_N/rectgen_d2_N2000000_alpha200_seed1/t100000/sjs_sampling/ours/adaptive/run.csv --write_samples=0 --verify=0 --enum_cap=0 --budget=10000000 --w_small=1024 --prefetch=1"
	User time (seconds): 584.67
	System time (seconds): 3.01
	Percent of CPU this job got: 99%
	Elapsed (wall clock) time (h:mm:ss or m:ss): 9:47.92
	Average shared text size (kbytes): 0
	Average unshared data size (kbytes): 0
	Average stack size (kbytes): 0
	Average total size (kbytes): 0
	Maximum resident set size (kbytes): 3228108
	Average resident set size (kbytes): 0
	Major (requiring I/O) page faults: 0
	Minor (reclaiming a frame) page faults: 1138362
	Voluntary context switches: 3
	Involuntary context switches: 58311
	Swaps: 0
	File system inputs: 0
	File system outputs: 64
	Socket messages sent: 0
	Socket messages received: 0
	Signals delivered: 0
	Page size (bytes): 4096
	Exit status: 0
