2026-02-21 22:30:55.358 [INFO] Loaded dataset: rectgen_d2_N1000000_alpha100_seed1 Dim= 2 R= 1000000 S= 1000000
2026-02-21 22:30:55.358 [INFO] Baseline: kd_tree_sampling method= kd_tree variant= sampling Dim= 2
2026-02-21 22:30:59.922 [INFO] Run ok (rep= 0 ) Dim= 2 wall_ms= 4563.42 count= 2.01242e+08 (exact) samples= 100000
2026-02-21 22:31:04.473 [INFO] Run ok (rep= 1 ) Dim= 2 wall_ms= 4551.12 count= 2.01242e+08 (exact) samples= 100000
2026-02-21 22:31:09.022 [INFO] Run ok (rep= 2 ) Dim= 2 wall_ms= 4548.77 count= 2.01242e+08 (exact) samples= 100000
2026-02-21 22:31:13.571 [INFO] Run ok (rep= 3 ) Dim= 2 wall_ms= 4548.78 count= 2.01242e+08 (exact) samples= 100000
2026-02-21 22:31:18.134 [INFO] Run ok (rep= 4 ) Dim= 2 wall_ms= 4563.03 count= 2.01242e+08 (exact) samples= 100000
2026-02-21 22:31:18.134 [INFO] Wall-time summary (ms) [all]: {"n":5,"mean":4555.02,"stdev":7.54787,"sem":3.37551,"min":4548.77,"max":4563.42,"median":4551.12,"p90":4563.26,"p95":4563.34,"p99":4563.4}
2026-02-21 22:31:18.134 [INFO] Wall-time summary (ms) [ok-only]: {"n":5,"mean":4555.02,"stdev":7.54787,"sem":3.37551,"min":4548.77,"max":4563.42,"median":4551.12,"p90":4563.26,"p95":4563.34,"p99":4563.4} ok_rate= 1
2026-02-21 22:31:18.134 [INFO] Wrote results to: results/exp2_d2/A_alpha/rectgen_d2_N1000000_alpha100_seed1/t100000/kds_sampling/kd_tree/sampling/run.csv
	Command being timed: "timeout -k 30s 7200s /home/dhy/PhD/SJS/build/release/sjs_run --dataset_source=binary --dataset=rectgen_d2_N1000000_alpha100_seed1 --dim=2 --path_r=data/synthetic/exp2_d2/rectgen_d2_N1000000_alpha100_seed1/R.bin --path_s=data/synthetic/exp2_d2/rectgen_d2_N1000000_alpha100_seed1/S.bin --method=kd_tree --variant=sampling --t=100000 --seed=1 --repeats=5 --threads=1 --out_dir=results/exp2_d2/A_alpha/rectgen_d2_N1000000_alpha100_seed1/t100000/kds_sampling/kd_tree/sampling --results_file=results/exp2_d2/A_alpha/rectgen_d2_N1000000_alpha100_seed1/t100000/kds_sampling/kd_tree/sampling/run.csv --write_samples=0 --verify=0 --enum_cap=0 --budget=10000000 --w_small=1024 --prefetch=1"
	User time (seconds): 22.83
	System time (seconds): 0.08
	Percent of CPU this job got: 99%
	Elapsed (wall clock) time (h:mm:ss or m:ss): 0:22.93
	Average shared text size (kbytes): 0
	Average unshared data size (kbytes): 0
	Average stack size (kbytes): 0
	Average total size (kbytes): 0
	Maximum resident set size (kbytes): 164064
	Average resident set size (kbytes): 0
	Major (requiring I/O) page faults: 0
	Minor (reclaiming a frame) page faults: 72376
	Voluntary context switches: 3
	Involuntary context switches: 2340
	Swaps: 0
	File system inputs: 0
	File system outputs: 24
	Socket messages sent: 0
	Socket messages received: 0
	Signals delivered: 0
	Page size (bytes): 4096
	Exit status: 0
