2026-02-21 22:19:08.148 [INFO] Loaded dataset: rectgen_d2_N1000000_alpha0p1_seed1 Dim= 2 R= 1000000 S= 1000000
2026-02-21 22:19:08.148 [INFO] Baseline: range_tree_adaptive method= range_tree variant= adaptive Dim= 2
2026-02-21 22:19:23.930 [INFO] Run ok (rep= 0 ) Dim= 2 wall_ms= 15782.1 count= 199476 (exact) samples= 100000
2026-02-21 22:19:39.738 [INFO] Run ok (rep= 1 ) Dim= 2 wall_ms= 15808.1 count= 199476 (exact) samples= 100000
2026-02-21 22:19:55.558 [INFO] Run ok (rep= 2 ) Dim= 2 wall_ms= 15817.4 count= 199476 (exact) samples= 100000
2026-02-21 22:20:11.492 [INFO] Run ok (rep= 3 ) Dim= 2 wall_ms= 15933.9 count= 199476 (exact) samples= 100000
2026-02-21 22:20:27.366 [INFO] Run ok (rep= 4 ) Dim= 2 wall_ms= 15873.7 count= 199476 (exact) samples= 100000
2026-02-21 22:20:27.366 [INFO] Wall-time summary (ms) [all]: {"n":5,"mean":15843,"stdev":60.8017,"sem":27.1914,"min":15782.1,"max":15933.9,"median":15817.4,"p90":15909.8,"p95":15921.9,"p99":15931.5}
2026-02-21 22:20:27.366 [INFO] Wall-time summary (ms) [ok-only]: {"n":5,"mean":15843,"stdev":60.8017,"sem":27.1914,"min":15782.1,"max":15933.9,"median":15817.4,"p90":15909.8,"p95":15921.9,"p99":15931.5} ok_rate= 1
2026-02-21 22:20:27.366 [INFO] Wrote results to: results/exp2_d2/A_alpha/rectgen_d2_N1000000_alpha0p1_seed1/t100000/rt_sampling/range_tree/adaptive/run.csv
	Command being timed: "timeout -k 30s 7200s /home/dhy/PhD/SJS/build/release/sjs_run --dataset_source=binary --dataset=rectgen_d2_N1000000_alpha0p1_seed1 --dim=2 --path_r=data/synthetic/exp2_d2/rectgen_d2_N1000000_alpha0p1_seed1/R.bin --path_s=data/synthetic/exp2_d2/rectgen_d2_N1000000_alpha0p1_seed1/S.bin --method=range_tree --variant=adaptive --t=100000 --seed=1 --repeats=5 --threads=1 --out_dir=results/exp2_d2/A_alpha/rectgen_d2_N1000000_alpha0p1_seed1/t100000/rt_sampling/range_tree/adaptive --results_file=results/exp2_d2/A_alpha/rectgen_d2_N1000000_alpha0p1_seed1/t100000/rt_sampling/range_tree/adaptive/run.csv --write_samples=0 --verify=0 --enum_cap=0 --budget=10000000 --w_small=1024 --prefetch=1"
	User time (seconds): 79.19
	System time (seconds): 0.21
	Percent of CPU this job got: 99%
	Elapsed (wall clock) time (h:mm:ss or m:ss): 1:19.44
	Average shared text size (kbytes): 0
	Average unshared data size (kbytes): 0
	Average stack size (kbytes): 0
	Average total size (kbytes): 0
	Maximum resident set size (kbytes): 770368
	Average resident set size (kbytes): 0
	Major (requiring I/O) page faults: 0
	Minor (reclaiming a frame) page faults: 297083
	Voluntary context switches: 3
	Involuntary context switches: 8001
	Swaps: 0
	File system inputs: 0
	File system outputs: 32
	Socket messages sent: 0
	Socket messages received: 0
	Signals delivered: 0
	Page size (bytes): 4096
	Exit status: 0
