2026-02-21 23:05:32.626 [INFO] Loaded dataset: rectgen_d2_N1000000_alpha200_seed1 Dim= 2 R= 1000000 S= 1000000
2026-02-21 23:05:32.626 [INFO] Baseline: range_tree_sampling method= range_tree variant= sampling Dim= 2
2026-02-21 23:06:48.896 [INFO] Run ok (rep= 0 ) Dim= 2 wall_ms= 76269.6 count= 4.03242e+08 (exact) samples= 100000
2026-02-21 23:08:04.714 [INFO] Run ok (rep= 1 ) Dim= 2 wall_ms= 75817.6 count= 4.03242e+08 (exact) samples= 100000
2026-02-21 23:09:19.477 [INFO] Run ok (rep= 2 ) Dim= 2 wall_ms= 74762.5 count= 4.03242e+08 (exact) samples= 100000
2026-02-21 23:10:36.386 [INFO] Run ok (rep= 3 ) Dim= 2 wall_ms= 76909.3 count= 4.03242e+08 (exact) samples= 100000
2026-02-21 23:11:51.927 [INFO] Run ok (rep= 4 ) Dim= 2 wall_ms= 75541 count= 4.03242e+08 (exact) samples= 100000
2026-02-21 23:11:51.927 [INFO] Wall-time summary (ms) [all]: {"n":5,"mean":75860,"stdev":802.631,"sem":358.948,"min":74762.5,"max":76909.3,"median":75817.6,"p90":76653.4,"p95":76781.4,"p99":76883.7}
2026-02-21 23:11:51.927 [INFO] Wall-time summary (ms) [ok-only]: {"n":5,"mean":75860,"stdev":802.631,"sem":358.948,"min":74762.5,"max":76909.3,"median":75817.6,"p90":76653.4,"p95":76781.4,"p99":76883.7} ok_rate= 1
2026-02-21 23:11:51.927 [INFO] Wrote results to: results/exp2_d2/C_t/rectgen_d2_N1000000_alpha200_seed1/t100000/rt_adaptive/range_tree/sampling/run.csv
	Command being timed: "timeout -k 30s 7200s /home/dhy/PhD/SJS/build/release/sjs_run --dataset_source=binary --dataset=rectgen_d2_N1000000_alpha200_seed1 --dim=2 --path_r=data/synthetic/exp2_d2/rectgen_d2_N1000000_alpha200_seed1/R.bin --path_s=data/synthetic/exp2_d2/rectgen_d2_N1000000_alpha200_seed1/S.bin --method=range_tree --variant=sampling --t=100000 --seed=1 --repeats=5 --threads=1 --out_dir=results/exp2_d2/C_t/rectgen_d2_N1000000_alpha200_seed1/t100000/rt_adaptive/range_tree/sampling --results_file=results/exp2_d2/C_t/rectgen_d2_N1000000_alpha200_seed1/t100000/rt_adaptive/range_tree/sampling/run.csv --write_samples=0 --verify=0 --enum_cap=0 --budget=10000000 --w_small=1024 --prefetch=1"
	User time (seconds): 378.83
	System time (seconds): 0.56
	Percent of CPU this job got: 99%
	Elapsed (wall clock) time (h:mm:ss or m:ss): 6:19.53
	Average shared text size (kbytes): 0
	Average unshared data size (kbytes): 0
	Average stack size (kbytes): 0
	Average total size (kbytes): 0
	Maximum resident set size (kbytes): 653584
	Average resident set size (kbytes): 0
	Major (requiring I/O) page faults: 0
	Minor (reclaiming a frame) page faults: 353569
	Voluntary context switches: 3
	Involuntary context switches: 38145
	Swaps: 0
	File system inputs: 0
	File system outputs: 64
	Socket messages sent: 0
	Socket messages received: 0
	Signals delivered: 0
	Page size (bytes): 4096
	Exit status: 0
