2026-02-21 16:54:39.986 [INFO] Loaded dataset: rectgen_d2_N1000000_alpha1_seed1 Dim= 2 R= 1000000 S= 1000000
2026-02-21 16:54:39.987 [INFO] Baseline: ours_highdims_enum+sampling method= ours variant= enum_sampling Dim= 2
2026-02-21 16:55:03.254 [INFO] Run ok (rep= 0 ) Dim= 2 wall_ms= 23267.7 count= 2.01488e+06 (exact) samples= 100000
2026-02-21 16:55:29.376 [INFO] Run ok (rep= 1 ) Dim= 2 wall_ms= 26121.5 count= 2.01488e+06 (exact) samples= 100000
2026-02-21 16:55:55.312 [INFO] Run ok (rep= 2 ) Dim= 2 wall_ms= 25936.1 count= 2.01488e+06 (exact) samples= 100000
2026-02-21 16:56:21.302 [INFO] Run ok (rep= 3 ) Dim= 2 wall_ms= 25989.8 count= 2.01488e+06 (exact) samples= 100000
2026-02-21 16:56:47.367 [INFO] Run ok (rep= 4 ) Dim= 2 wall_ms= 26064.4 count= 2.01488e+06 (exact) samples= 100000
2026-02-21 16:56:47.367 [INFO] Wall-time summary (ms) [all]: {"n":5,"mean":25475.9,"stdev":1236.42,"sem":552.943,"min":23267.7,"max":26121.5,"median":25989.8,"p90":26098.6,"p95":26110.1,"p99":26119.2}
2026-02-21 16:56:47.367 [INFO] Wall-time summary (ms) [ok-only]: {"n":5,"mean":25475.9,"stdev":1236.42,"sem":552.943,"min":23267.7,"max":26121.5,"median":25989.8,"p90":26098.6,"p95":26110.1,"p99":26119.2} ok_rate= 1
2026-02-21 16:56:47.367 [INFO] Wrote results to: results/exp2_d2/A_alpha/rectgen_d2_N1000000_alpha1_seed1/t100000/sjs_enum/ours/enum_sampling/run.csv
	Command being timed: "timeout -k 30s 7200s /home/dhy/PhD/SJS/build/release/sjs_run --dataset_source=binary --dataset=rectgen_d2_N1000000_alpha1_seed1 --dim=2 --path_r=data/synthetic/exp2_d2/rectgen_d2_N1000000_alpha1_seed1/R.bin --path_s=data/synthetic/exp2_d2/rectgen_d2_N1000000_alpha1_seed1/S.bin --method=ours --variant=enum_sampling --t=100000 --seed=1 --repeats=5 --threads=1 --out_dir=results/exp2_d2/A_alpha/rectgen_d2_N1000000_alpha1_seed1/t100000/sjs_enum/ours/enum_sampling --results_file=results/exp2_d2/A_alpha/rectgen_d2_N1000000_alpha1_seed1/t100000/sjs_enum/ours/enum_sampling/run.csv --write_samples=0 --verify=0 --enum_cap=0 --budget=10000000 --w_small=1024 --prefetch=1"
	User time (seconds): 129.50
	System time (seconds): 0.98
	Percent of CPU this job got: 99%
	Elapsed (wall clock) time (h:mm:ss or m:ss): 2:10.55
	Average shared text size (kbytes): 0
	Average unshared data size (kbytes): 0
	Average stack size (kbytes): 0
	Average total size (kbytes): 0
	Maximum resident set size (kbytes): 1413984
	Average resident set size (kbytes): 0
	Major (requiring I/O) page faults: 0
	Minor (reclaiming a frame) page faults: 431746
	Voluntary context switches: 3
	Involuntary context switches: 13474
	Swaps: 0
	File system inputs: 0
	File system outputs: 40
	Socket messages sent: 0
	Socket messages received: 0
	Signals delivered: 0
	Page size (bytes): 4096
	Exit status: 0
