2026-02-21 23:56:27.674 [INFO] Loaded dataset: rectgen_d2_N1000000_alpha200_seed1 Dim= 2 R= 1000000 S= 1000000
2026-02-21 23:56:27.674 [INFO] Baseline: ours_highdims_sampling method= ours variant= sampling Dim= 2
2026-02-21 23:57:28.157 [INFO] Run ok (rep= 0 ) Dim= 2 wall_ms= 60483 count= 4.03242e+08 (exact) samples= 10000000
2026-02-21 23:58:31.493 [INFO] Run ok (rep= 1 ) Dim= 2 wall_ms= 63334.3 count= 4.03242e+08 (exact) samples= 10000000
2026-02-21 23:59:34.810 [INFO] Run ok (rep= 2 ) Dim= 2 wall_ms= 63314.1 count= 4.03242e+08 (exact) samples= 10000000
2026-02-22 00:00:38.058 [INFO] Run ok (rep= 3 ) Dim= 2 wall_ms= 63245.3 count= 4.03242e+08 (exact) samples= 10000000
2026-02-22 00:01:41.435 [INFO] Run ok (rep= 4 ) Dim= 2 wall_ms= 63373.8 count= 4.03242e+08 (exact) samples= 10000000
2026-02-22 00:01:41.438 [INFO] Wall-time summary (ms) [all]: {"n":5,"mean":62750.1,"stdev":1268.24,"sem":567.172,"min":60483,"max":63373.8,"median":63314.1,"p90":63358,"p95":63365.9,"p99":63372.2}
2026-02-22 00:01:41.438 [INFO] Wall-time summary (ms) [ok-only]: {"n":5,"mean":62750.1,"stdev":1268.24,"sem":567.172,"min":60483,"max":63373.8,"median":63314.1,"p90":63358,"p95":63365.9,"p99":63372.2} ok_rate= 1
2026-02-22 00:01:41.438 [INFO] Wrote results to: results/exp2_d2/C_t/rectgen_d2_N1000000_alpha200_seed1/t10000000/sjs_adaptive/ours/sampling/run.csv
	Command being timed: "timeout -k 30s 7200s /home/dhy/PhD/SJS/build/release/sjs_run --dataset_source=binary --dataset=rectgen_d2_N1000000_alpha200_seed1 --dim=2 --path_r=data/synthetic/exp2_d2/rectgen_d2_N1000000_alpha200_seed1/R.bin --path_s=data/synthetic/exp2_d2/rectgen_d2_N1000000_alpha200_seed1/S.bin --method=ours --variant=sampling --t=10000000 --seed=1 --repeats=5 --threads=1 --out_dir=results/exp2_d2/C_t/rectgen_d2_N1000000_alpha200_seed1/t10000000/sjs_adaptive/ours/sampling --results_file=results/exp2_d2/C_t/rectgen_d2_N1000000_alpha200_seed1/t10000000/sjs_adaptive/ours/sampling/run.csv --write_samples=0 --verify=0 --enum_cap=0 --budget=10000000 --w_small=1024 --prefetch=1"
	User time (seconds): 315.04
	System time (seconds): 1.99
	Percent of CPU this job got: 99%
	Elapsed (wall clock) time (h:mm:ss or m:ss): 5:17.17
	Average shared text size (kbytes): 0
	Average unshared data size (kbytes): 0
	Average stack size (kbytes): 0
	Average total size (kbytes): 0
	Maximum resident set size (kbytes): 1655908
	Average resident set size (kbytes): 0
	Major (requiring I/O) page faults: 0
	Minor (reclaiming a frame) page faults: 703213
	Voluntary context switches: 3
	Involuntary context switches: 32432
	Swaps: 0
	File system inputs: 0
	File system outputs: 64
	Socket messages sent: 0
	Socket messages received: 0
	Signals delivered: 0
	Page size (bytes): 4096
	Exit status: 0
