2026-02-21 19:40:48.965 [INFO] Loaded dataset: rectgen_d2_N1000000_alpha200_seed1 Dim= 2 R= 1000000 S= 1000000
2026-02-21 19:40:48.965 [INFO] Baseline: ours_highdims_enum+sampling method= ours variant= enum_sampling Dim= 2
2026-02-21 19:41:29.131 [INFO] Run ok (rep= 0 ) Dim= 2 wall_ms= 40165.3 count= 4.03242e+08 (exact) samples= 1000000
2026-02-21 19:42:10.601 [INFO] Run ok (rep= 1 ) Dim= 2 wall_ms= 41470.8 count= 4.03242e+08 (exact) samples= 1000000
2026-02-21 19:42:52.143 [INFO] Run ok (rep= 2 ) Dim= 2 wall_ms= 41541.4 count= 4.03242e+08 (exact) samples= 1000000
2026-02-21 19:43:33.670 [INFO] Run ok (rep= 3 ) Dim= 2 wall_ms= 41526.9 count= 4.03242e+08 (exact) samples= 1000000
2026-02-21 19:44:15.195 [INFO] Run ok (rep= 4 ) Dim= 2 wall_ms= 41524.6 count= 4.03242e+08 (exact) samples= 1000000
2026-02-21 19:44:15.195 [INFO] Wall-time summary (ms) [all]: {"n":5,"mean":41245.8,"stdev":604.586,"sem":270.379,"min":40165.3,"max":41541.4,"median":41524.6,"p90":41535.6,"p95":41538.5,"p99":41540.8}
2026-02-21 19:44:15.195 [INFO] Wall-time summary (ms) [ok-only]: {"n":5,"mean":41245.8,"stdev":604.586,"sem":270.379,"min":40165.3,"max":41541.4,"median":41524.6,"p90":41535.6,"p95":41538.5,"p99":41540.8} ok_rate= 1
2026-02-21 19:44:15.195 [INFO] Wrote results to: results/exp2_d2/C_t/rectgen_d2_N1000000_alpha200_seed1/t1000000/sjs_enum/ours/enum_sampling/run.csv
	Command being timed: "timeout -k 30s 7200s /home/dhy/PhD/SJS/build/release/sjs_run --dataset_source=binary --dataset=rectgen_d2_N1000000_alpha200_seed1 --dim=2 --path_r=data/synthetic/exp2_d2/rectgen_d2_N1000000_alpha200_seed1/R.bin --path_s=data/synthetic/exp2_d2/rectgen_d2_N1000000_alpha200_seed1/S.bin --method=ours --variant=enum_sampling --t=1000000 --seed=1 --repeats=5 --threads=1 --out_dir=results/exp2_d2/C_t/rectgen_d2_N1000000_alpha200_seed1/t1000000/sjs_enum/ours/enum_sampling --results_file=results/exp2_d2/C_t/rectgen_d2_N1000000_alpha200_seed1/t1000000/sjs_enum/ours/enum_sampling/run.csv --write_samples=0 --verify=0 --enum_cap=0 --budget=10000000 --w_small=1024 --prefetch=1"
	User time (seconds): 207.09
	System time (seconds): 2.47
	Percent of CPU this job got: 99%
	Elapsed (wall clock) time (h:mm:ss or m:ss): 3:29.67
	Average shared text size (kbytes): 0
	Average unshared data size (kbytes): 0
	Average stack size (kbytes): 0
	Average total size (kbytes): 0
	Maximum resident set size (kbytes): 5410000
	Average resident set size (kbytes): 0
	Major (requiring I/O) page faults: 0
	Minor (reclaiming a frame) page faults: 2270265
	Voluntary context switches: 3
	Involuntary context switches: 21954
	Swaps: 0
	File system inputs: 0
	File system outputs: 64
	Socket messages sent: 0
	Socket messages received: 0
	Signals delivered: 0
	Page size (bytes): 4096
	Exit status: 0
