2026-02-21 19:57:30.999 [INFO] Loaded dataset: rectgen_d2_N1000000_alpha200_seed1 Dim= 2 R= 1000000 S= 1000000
2026-02-21 19:57:30.999 [INFO] Baseline: ours_highdims_enum+sampling method= ours variant= enum_sampling Dim= 2
2026-02-21 19:58:11.665 [INFO] Run ok (rep= 0 ) Dim= 2 wall_ms= 40665.5 count= 4.03242e+08 (exact) samples= 10000000
2026-02-21 19:58:53.708 [INFO] Run ok (rep= 1 ) Dim= 2 wall_ms= 42041.2 count= 4.03242e+08 (exact) samples= 10000000
2026-02-21 19:59:35.761 [INFO] Run ok (rep= 2 ) Dim= 2 wall_ms= 42051.7 count= 4.03242e+08 (exact) samples= 10000000
2026-02-21 20:00:17.777 [INFO] Run ok (rep= 3 ) Dim= 2 wall_ms= 42015.5 count= 4.03242e+08 (exact) samples= 10000000
2026-02-21 20:00:59.747 [INFO] Run ok (rep= 4 ) Dim= 2 wall_ms= 41968.6 count= 4.03242e+08 (exact) samples= 10000000
2026-02-21 20:00:59.749 [INFO] Wall-time summary (ms) [all]: {"n":5,"mean":41748.5,"stdev":606.282,"sem":271.137,"min":40665.5,"max":42051.7,"median":42015.5,"p90":42047.5,"p95":42049.6,"p99":42051.2}
2026-02-21 20:00:59.749 [INFO] Wall-time summary (ms) [ok-only]: {"n":5,"mean":41748.5,"stdev":606.282,"sem":271.137,"min":40665.5,"max":42051.7,"median":42015.5,"p90":42047.5,"p95":42049.6,"p99":42051.2} ok_rate= 1
2026-02-21 20:00:59.749 [INFO] Wrote results to: results/exp2_d2/C_t/rectgen_d2_N1000000_alpha200_seed1/t10000000/sjs_enum/ours/enum_sampling/run.csv
	Command being timed: "timeout -k 30s 7200s /home/dhy/PhD/SJS/build/release/sjs_run --dataset_source=binary --dataset=rectgen_d2_N1000000_alpha200_seed1 --dim=2 --path_r=data/synthetic/exp2_d2/rectgen_d2_N1000000_alpha200_seed1/R.bin --path_s=data/synthetic/exp2_d2/rectgen_d2_N1000000_alpha200_seed1/S.bin --method=ours --variant=enum_sampling --t=10000000 --seed=1 --repeats=5 --threads=1 --out_dir=results/exp2_d2/C_t/rectgen_d2_N1000000_alpha200_seed1/t10000000/sjs_enum/ours/enum_sampling --results_file=results/exp2_d2/C_t/rectgen_d2_N1000000_alpha200_seed1/t10000000/sjs_enum/ours/enum_sampling/run.csv --write_samples=0 --verify=0 --enum_cap=0 --budget=10000000 --w_small=1024 --prefetch=1"
	User time (seconds): 209.61
	System time (seconds): 2.52
	Percent of CPU this job got: 99%
	Elapsed (wall clock) time (h:mm:ss or m:ss): 3:32.23
	Average shared text size (kbytes): 0
	Average unshared data size (kbytes): 0
	Average stack size (kbytes): 0
	Average total size (kbytes): 0
	Maximum resident set size (kbytes): 5409688
	Average resident set size (kbytes): 0
	Major (requiring I/O) page faults: 0
	Minor (reclaiming a frame) page faults: 2365962
	Voluntary context switches: 3
	Involuntary context switches: 22262
	Swaps: 0
	File system inputs: 0
	File system outputs: 64
	Socket messages sent: 0
	Socket messages received: 0
	Signals delivered: 0
	Page size (bytes): 4096
	Exit status: 0
