2026-02-21 22:45:27.619 [INFO] Loaded dataset: rectgen_d2_N500000_alpha200_seed1 Dim= 2 R= 500000 S= 500000
2026-02-21 22:45:27.620 [INFO] Baseline: kd_tree_sampling method= kd_tree variant= sampling Dim= 2
2026-02-21 22:45:30.603 [INFO] Run ok (rep= 0 ) Dim= 2 wall_ms= 2983.72 count= 1.98605e+08 (exact) samples= 100000
2026-02-21 22:45:33.578 [INFO] Run ok (rep= 1 ) Dim= 2 wall_ms= 2974.17 count= 1.98605e+08 (exact) samples= 100000
2026-02-21 22:45:36.553 [INFO] Run ok (rep= 2 ) Dim= 2 wall_ms= 2975.47 count= 1.98605e+08 (exact) samples= 100000
2026-02-21 22:45:39.528 [INFO] Run ok (rep= 3 ) Dim= 2 wall_ms= 2974.55 count= 1.98605e+08 (exact) samples= 100000
2026-02-21 22:45:42.500 [INFO] Run ok (rep= 4 ) Dim= 2 wall_ms= 2972.56 count= 1.98605e+08 (exact) samples= 100000
2026-02-21 22:45:42.501 [INFO] Wall-time summary (ms) [all]: {"n":5,"mean":2976.1,"stdev":4.3897,"sem":1.96313,"min":2972.56,"max":2983.72,"median":2974.55,"p90":2980.42,"p95":2982.07,"p99":2983.39}
2026-02-21 22:45:42.501 [INFO] Wall-time summary (ms) [ok-only]: {"n":5,"mean":2976.1,"stdev":4.3897,"sem":1.96313,"min":2972.56,"max":2983.72,"median":2974.55,"p90":2980.42,"p95":2982.07,"p99":2983.39} ok_rate= 1
2026-02-21 22:45:42.501 [INFO] Wrote results to: results/exp2_d2/B_N/rectgen_d2_N500000_alpha200_seed1/t100000/kds_sampling/kd_tree/sampling/run.csv
	Command being timed: "timeout -k 30s 7200s /home/dhy/PhD/SJS/build/release/sjs_run --dataset_source=binary --dataset=rectgen_d2_N500000_alpha200_seed1 --dim=2 --path_r=data/synthetic/exp2_d2/rectgen_d2_N500000_alpha200_seed1/R.bin --path_s=data/synthetic/exp2_d2/rectgen_d2_N500000_alpha200_seed1/S.bin --method=kd_tree --variant=sampling --t=100000 --seed=1 --repeats=5 --threads=1 --out_dir=results/exp2_d2/B_N/rectgen_d2_N500000_alpha200_seed1/t100000/kds_sampling/kd_tree/sampling --results_file=results/exp2_d2/B_N/rectgen_d2_N500000_alpha200_seed1/t100000/kds_sampling/kd_tree/sampling/run.csv --write_samples=0 --verify=0 --enum_cap=0 --budget=10000000 --w_small=1024 --prefetch=1"
	User time (seconds): 14.92
	System time (seconds): 0.04
	Percent of CPU this job got: 99%
	Elapsed (wall clock) time (h:mm:ss or m:ss): 0:14.96
	Average shared text size (kbytes): 0
	Average unshared data size (kbytes): 0
	Average stack size (kbytes): 0
	Average total size (kbytes): 0
	Maximum resident set size (kbytes): 85056
	Average resident set size (kbytes): 0
	Major (requiring I/O) page faults: 0
	Minor (reclaiming a frame) page faults: 36522
	Voluntary context switches: 3
	Involuntary context switches: 1471
	Swaps: 0
	File system inputs: 0
	File system outputs: 24
	Socket messages sent: 0
	Socket messages received: 0
	Signals delivered: 0
	Page size (bytes): 4096
	Exit status: 0
