2026-02-21 19:27:30.434 [INFO] Loaded dataset: rectgen_d2_N1000000_alpha200_seed1 Dim= 2 R= 1000000 S= 1000000
2026-02-21 19:27:30.434 [INFO] Baseline: range_tree_enum+sampling method= range_tree variant= enum_sampling Dim= 2
2026-02-21 19:28:30.493 [INFO] Run ok (rep= 0 ) Dim= 2 wall_ms= 60058.6 count= 4.03242e+08 (exact) samples= 100000
2026-02-21 19:29:27.544 [INFO] Run ok (rep= 1 ) Dim= 2 wall_ms= 57051.1 count= 4.03242e+08 (exact) samples= 100000
2026-02-21 19:30:28.148 [INFO] Run ok (rep= 2 ) Dim= 2 wall_ms= 60603.3 count= 4.03242e+08 (exact) samples= 100000
2026-02-21 19:31:26.489 [INFO] Run ok (rep= 3 ) Dim= 2 wall_ms= 58341.6 count= 4.03242e+08 (exact) samples= 100000
2026-02-21 19:32:24.427 [INFO] Run ok (rep= 4 ) Dim= 2 wall_ms= 57937.3 count= 4.03242e+08 (exact) samples= 100000
2026-02-21 19:32:24.427 [INFO] Wall-time summary (ms) [all]: {"n":5,"mean":58798.4,"stdev":1487.37,"sem":665.171,"min":57051.1,"max":60603.3,"median":58341.6,"p90":60385.4,"p95":60494.3,"p99":60581.5}
2026-02-21 19:32:24.427 [INFO] Wall-time summary (ms) [ok-only]: {"n":5,"mean":58798.4,"stdev":1487.37,"sem":665.171,"min":57051.1,"max":60603.3,"median":58341.6,"p90":60385.4,"p95":60494.3,"p99":60581.5} ok_rate= 1
2026-02-21 19:32:24.427 [INFO] Wrote results to: results/exp2_d2/C_t/rectgen_d2_N1000000_alpha200_seed1/t100000/rt_enum/range_tree/enum_sampling/run.csv
	Command being timed: "timeout -k 30s 7200s /home/dhy/PhD/SJS/build/release/sjs_run --dataset_source=binary --dataset=rectgen_d2_N1000000_alpha200_seed1 --dim=2 --path_r=data/synthetic/exp2_d2/rectgen_d2_N1000000_alpha200_seed1/R.bin --path_s=data/synthetic/exp2_d2/rectgen_d2_N1000000_alpha200_seed1/S.bin --method=range_tree --variant=enum_sampling --t=100000 --seed=1 --repeats=5 --threads=1 --out_dir=results/exp2_d2/C_t/rectgen_d2_N1000000_alpha200_seed1/t100000/rt_enum/range_tree/enum_sampling --results_file=results/exp2_d2/C_t/rectgen_d2_N1000000_alpha200_seed1/t100000/rt_enum/range_tree/enum_sampling/run.csv --write_samples=0 --verify=0 --enum_cap=0 --budget=10000000 --w_small=1024 --prefetch=1"
	User time (seconds): 289.94
	System time (seconds): 4.20
	Percent of CPU this job got: 99%
	Elapsed (wall clock) time (h:mm:ss or m:ss): 4:54.28
	Average shared text size (kbytes): 0
	Average unshared data size (kbytes): 0
	Average stack size (kbytes): 0
	Average total size (kbytes): 0
	Maximum resident set size (kbytes): 4693760
	Average resident set size (kbytes): 0
	Major (requiring I/O) page faults: 0
	Minor (reclaiming a frame) page faults: 2966787
	Voluntary context switches: 4
	Involuntary context switches: 30952
	Swaps: 0
	File system inputs: 0
	File system outputs: 64
	Socket messages sent: 0
	Socket messages received: 0
	Signals delivered: 0
	Page size (bytes): 4096
	Exit status: 0
