2026-02-21 23:49:51.799 [INFO] Loaded dataset: rectgen_d2_N1000000_alpha200_seed1 Dim= 2 R= 1000000 S= 1000000
2026-02-21 23:49:51.799 [INFO] Baseline: range_tree_adaptive method= range_tree variant= adaptive Dim= 2
2026-02-21 23:51:11.073 [INFO] Run ok (rep= 0 ) Dim= 2 wall_ms= 79274.2 count= 4.03242e+08 (exact) samples= 1000000
2026-02-21 23:52:28.947 [INFO] Run ok (rep= 1 ) Dim= 2 wall_ms= 77873.2 count= 4.03242e+08 (exact) samples= 1000000
2026-02-21 23:53:47.144 [INFO] Run ok (rep= 2 ) Dim= 2 wall_ms= 78196.8 count= 4.03242e+08 (exact) samples= 1000000
2026-02-21 23:55:05.828 [INFO] Run ok (rep= 3 ) Dim= 2 wall_ms= 78684.7 count= 4.03242e+08 (exact) samples= 1000000
2026-02-21 23:56:24.908 [INFO] Run ok (rep= 4 ) Dim= 2 wall_ms= 79079.2 count= 4.03242e+08 (exact) samples= 1000000
2026-02-21 23:56:24.908 [INFO] Wall-time summary (ms) [all]: {"n":5,"mean":78621.6,"stdev":587.317,"sem":262.656,"min":77873.2,"max":79274.2,"median":78684.7,"p90":79196.2,"p95":79235.2,"p99":79266.4}
2026-02-21 23:56:24.908 [INFO] Wall-time summary (ms) [ok-only]: {"n":5,"mean":78621.6,"stdev":587.317,"sem":262.656,"min":77873.2,"max":79274.2,"median":78684.7,"p90":79196.2,"p95":79235.2,"p99":79266.4} ok_rate= 1
2026-02-21 23:56:24.908 [INFO] Wrote results to: results/exp2_d2/C_t/rectgen_d2_N1000000_alpha200_seed1/t1000000/rt_sampling/range_tree/adaptive/run.csv
	Command being timed: "timeout -k 30s 7200s /home/dhy/PhD/SJS/build/release/sjs_run --dataset_source=binary --dataset=rectgen_d2_N1000000_alpha200_seed1 --dim=2 --path_r=data/synthetic/exp2_d2/rectgen_d2_N1000000_alpha200_seed1/R.bin --path_s=data/synthetic/exp2_d2/rectgen_d2_N1000000_alpha200_seed1/S.bin --method=range_tree --variant=adaptive --t=1000000 --seed=1 --repeats=5 --threads=1 --out_dir=results/exp2_d2/C_t/rectgen_d2_N1000000_alpha200_seed1/t1000000/rt_sampling/range_tree/adaptive --results_file=results/exp2_d2/C_t/rectgen_d2_N1000000_alpha200_seed1/t1000000/rt_sampling/range_tree/adaptive/run.csv --write_samples=0 --verify=0 --enum_cap=0 --budget=10000000 --w_small=1024 --prefetch=1"
	User time (seconds): 392.48
	System time (seconds): 0.75
	Percent of CPU this job got: 99%
	Elapsed (wall clock) time (h:mm:ss or m:ss): 6:33.35
	Average shared text size (kbytes): 0
	Average unshared data size (kbytes): 0
	Average stack size (kbytes): 0
	Average total size (kbytes): 0
	Maximum resident set size (kbytes): 906648
	Average resident set size (kbytes): 0
	Major (requiring I/O) page faults: 0
	Minor (reclaiming a frame) page faults: 473579
	Voluntary context switches: 3
	Involuntary context switches: 40859
	Swaps: 0
	File system inputs: 0
	File system outputs: 64
	Socket messages sent: 0
	Socket messages received: 0
	Signals delivered: 0
	Page size (bytes): 4096
	Exit status: 0
