2026-02-21 17:12:53.996 [INFO] Loaded dataset: rectgen_d2_N1000000_alpha100_seed1 Dim= 2 R= 1000000 S= 1000000
2026-02-21 17:12:53.996 [INFO] Baseline: ours_highdims_enum+sampling method= ours variant= enum_sampling Dim= 2
2026-02-21 17:13:29.830 [INFO] Run ok (rep= 0 ) Dim= 2 wall_ms= 35833.7 count= 2.01242e+08 (exact) samples= 100000
2026-02-21 17:14:07.699 [INFO] Run ok (rep= 1 ) Dim= 2 wall_ms= 37868.4 count= 2.01242e+08 (exact) samples= 100000
2026-02-21 17:14:45.335 [INFO] Run ok (rep= 2 ) Dim= 2 wall_ms= 37636 count= 2.01242e+08 (exact) samples= 100000
2026-02-21 17:15:22.997 [INFO] Run ok (rep= 3 ) Dim= 2 wall_ms= 37662.3 count= 2.01242e+08 (exact) samples= 100000
2026-02-21 17:16:00.858 [INFO] Run ok (rep= 4 ) Dim= 2 wall_ms= 37860.4 count= 2.01242e+08 (exact) samples= 100000
2026-02-21 17:16:00.858 [INFO] Wall-time summary (ms) [all]: {"n":5,"mean":37372.2,"stdev":866.779,"sem":387.635,"min":35833.7,"max":37868.4,"median":37662.3,"p90":37865.2,"p95":37866.8,"p99":37868}
2026-02-21 17:16:00.858 [INFO] Wall-time summary (ms) [ok-only]: {"n":5,"mean":37372.2,"stdev":866.779,"sem":387.635,"min":35833.7,"max":37868.4,"median":37662.3,"p90":37865.2,"p95":37866.8,"p99":37868} ok_rate= 1
2026-02-21 17:16:00.858 [INFO] Wrote results to: results/exp2_d2/A_alpha/rectgen_d2_N1000000_alpha100_seed1/t100000/sjs_enum/ours/enum_sampling/run.csv
	Command being timed: "timeout -k 30s 7200s /home/dhy/PhD/SJS/build/release/sjs_run --dataset_source=binary --dataset=rectgen_d2_N1000000_alpha100_seed1 --dim=2 --path_r=data/synthetic/exp2_d2/rectgen_d2_N1000000_alpha100_seed1/R.bin --path_s=data/synthetic/exp2_d2/rectgen_d2_N1000000_alpha100_seed1/S.bin --method=ours --variant=enum_sampling --t=100000 --seed=1 --repeats=5 --threads=1 --out_dir=results/exp2_d2/A_alpha/rectgen_d2_N1000000_alpha100_seed1/t100000/sjs_enum/ours/enum_sampling --results_file=results/exp2_d2/A_alpha/rectgen_d2_N1000000_alpha100_seed1/t100000/sjs_enum/ours/enum_sampling/run.csv --write_samples=0 --verify=0 --enum_cap=0 --budget=10000000 --w_small=1024 --prefetch=1"
	User time (seconds): 188.58
	System time (seconds): 1.52
	Percent of CPU this job got: 99%
	Elapsed (wall clock) time (h:mm:ss or m:ss): 3:10.19
	Average shared text size (kbytes): 0
	Average unshared data size (kbytes): 0
	Average stack size (kbytes): 0
	Average total size (kbytes): 0
	Maximum resident set size (kbytes): 3303992
	Average resident set size (kbytes): 0
	Major (requiring I/O) page faults: 0
	Minor (reclaiming a frame) page faults: 1339583
	Voluntary context switches: 3
	Involuntary context switches: 19670
	Swaps: 0
	File system inputs: 0
	File system outputs: 64
	Socket messages sent: 0
	Socket messages received: 0
	Signals delivered: 0
	Page size (bytes): 4096
	Exit status: 0
