2026-02-21 23:56:27.674 [INFO] Loaded dataset: rectgen_d2_N1000000_alpha200_seed1 Dim= 2 R= 1000000 S= 1000000
2026-02-21 23:56:27.674 [INFO] Baseline: range_tree_sampling method= range_tree variant= sampling Dim= 2
2026-02-21 23:57:52.416 [INFO] Run ok (rep= 0 ) Dim= 2 wall_ms= 84741.5 count= 4.03242e+08 (exact) samples= 10000000
2026-02-21 23:59:17.505 [INFO] Run ok (rep= 1 ) Dim= 2 wall_ms= 85087.8 count= 4.03242e+08 (exact) samples= 10000000
2026-02-22 00:00:43.262 [INFO] Run ok (rep= 2 ) Dim= 2 wall_ms= 85754.4 count= 4.03242e+08 (exact) samples= 10000000
2026-02-22 00:02:09.249 [INFO] Run ok (rep= 3 ) Dim= 2 wall_ms= 85986.8 count= 4.03242e+08 (exact) samples= 10000000
2026-02-22 00:03:34.297 [INFO] Run ok (rep= 4 ) Dim= 2 wall_ms= 85047.9 count= 4.03242e+08 (exact) samples= 10000000
2026-02-22 00:03:34.299 [INFO] Wall-time summary (ms) [all]: {"n":5,"mean":85323.7,"stdev":523.426,"sem":234.083,"min":84741.5,"max":85986.8,"median":85087.8,"p90":85893.8,"p95":85940.3,"p99":85977.5}
2026-02-22 00:03:34.299 [INFO] Wall-time summary (ms) [ok-only]: {"n":5,"mean":85323.7,"stdev":523.426,"sem":234.083,"min":84741.5,"max":85986.8,"median":85087.8,"p90":85893.8,"p95":85940.3,"p99":85977.5} ok_rate= 1
2026-02-22 00:03:34.299 [INFO] Wrote results to: results/exp2_d2/C_t/rectgen_d2_N1000000_alpha200_seed1/t10000000/rt_adaptive/range_tree/sampling/run.csv
	Command being timed: "timeout -k 30s 7200s /home/dhy/PhD/SJS/build/release/sjs_run --dataset_source=binary --dataset=rectgen_d2_N1000000_alpha200_seed1 --dim=2 --path_r=data/synthetic/exp2_d2/rectgen_d2_N1000000_alpha200_seed1/R.bin --path_s=data/synthetic/exp2_d2/rectgen_d2_N1000000_alpha200_seed1/S.bin --method=range_tree --variant=sampling --t=10000000 --seed=1 --repeats=5 --threads=1 --out_dir=results/exp2_d2/C_t/rectgen_d2_N1000000_alpha200_seed1/t10000000/rt_adaptive/range_tree/sampling --results_file=results/exp2_d2/C_t/rectgen_d2_N1000000_alpha200_seed1/t10000000/rt_adaptive/range_tree/sampling/run.csv --write_samples=0 --verify=0 --enum_cap=0 --budget=10000000 --w_small=1024 --prefetch=1"
	User time (seconds): 425.82
	System time (seconds): 0.88
	Percent of CPU this job got: 99%
	Elapsed (wall clock) time (h:mm:ss or m:ss): 7:06.86
	Average shared text size (kbytes): 0
	Average unshared data size (kbytes): 0
	Average stack size (kbytes): 0
	Average total size (kbytes): 0
	Maximum resident set size (kbytes): 706516
	Average resident set size (kbytes): 0
	Major (requiring I/O) page faults: 0
	Minor (reclaiming a frame) page faults: 549345
	Voluntary context switches: 3
	Involuntary context switches: 43801
	Swaps: 0
	File system inputs: 0
	File system outputs: 64
	Socket messages sent: 0
	Socket messages received: 0
	Signals delivered: 0
	Page size (bytes): 4096
	Exit status: 0
