2026-02-21 20:15:03.430 [INFO] Loaded dataset: rectgen_d2_N1000000_alpha200_seed1 Dim= 2 R= 1000000 S= 1000000
2026-02-21 20:15:03.431 [INFO] Baseline: ours_highdims_adaptive method= ours variant= adaptive Dim= 2
2026-02-21 20:16:09.772 [INFO] Run ok (rep= 0 ) Dim= 2 wall_ms= 66341.1 count= 4.03242e+08 (exact) samples= 30000000
2026-02-21 20:17:19.188 [INFO] Run ok (rep= 1 ) Dim= 2 wall_ms= 69412.1 count= 4.03242e+08 (exact) samples= 30000000
2026-02-21 20:18:28.615 [INFO] Run ok (rep= 2 ) Dim= 2 wall_ms= 69424.2 count= 4.03242e+08 (exact) samples= 30000000
2026-02-21 20:19:38.112 [INFO] Run ok (rep= 3 ) Dim= 2 wall_ms= 69493.5 count= 4.03242e+08 (exact) samples= 30000000
2026-02-21 20:20:47.754 [INFO] Run ok (rep= 4 ) Dim= 2 wall_ms= 69638.4 count= 4.03242e+08 (exact) samples= 30000000
2026-02-21 20:20:47.758 [INFO] Wall-time summary (ms) [all]: {"n":5,"mean":68861.8,"stdev":1412.02,"sem":631.475,"min":66341.1,"max":69638.4,"median":69424.2,"p90":69580.4,"p95":69609.4,"p99":69632.6}
2026-02-21 20:20:47.758 [INFO] Wall-time summary (ms) [ok-only]: {"n":5,"mean":68861.8,"stdev":1412.02,"sem":631.475,"min":66341.1,"max":69638.4,"median":69424.2,"p90":69580.4,"p95":69609.4,"p99":69632.6} ok_rate= 1
2026-02-21 20:20:47.758 [INFO] Wrote results to: results/exp2_d2/C_t/rectgen_d2_N1000000_alpha200_seed1/t30000000/sjs_sampling/ours/adaptive/run.csv
	Command being timed: "timeout -k 30s 7200s /home/dhy/PhD/SJS/build/release/sjs_run --dataset_source=binary --dataset=rectgen_d2_N1000000_alpha200_seed1 --dim=2 --path_r=data/synthetic/exp2_d2/rectgen_d2_N1000000_alpha200_seed1/R.bin --path_s=data/synthetic/exp2_d2/rectgen_d2_N1000000_alpha200_seed1/S.bin --method=ours --variant=adaptive --t=30000000 --seed=1 --repeats=5 --threads=1 --out_dir=results/exp2_d2/C_t/rectgen_d2_N1000000_alpha200_seed1/t30000000/sjs_sampling/ours/adaptive --results_file=results/exp2_d2/C_t/rectgen_d2_N1000000_alpha200_seed1/t30000000/sjs_sampling/ours/adaptive/run.csv --write_samples=0 --verify=0 --enum_cap=0 --budget=10000000 --w_small=1024 --prefetch=1"
	User time (seconds): 345.50
	System time (seconds): 2.09
	Percent of CPU this job got: 99%
	Elapsed (wall clock) time (h:mm:ss or m:ss): 5:47.74
	Average shared text size (kbytes): 0
	Average unshared data size (kbytes): 0
	Average stack size (kbytes): 0
	Average total size (kbytes): 0
	Maximum resident set size (kbytes): 2471200
	Average resident set size (kbytes): 0
	Major (requiring I/O) page faults: 0
	Minor (reclaiming a frame) page faults: 1494904
	Voluntary context switches: 3
	Involuntary context switches: 36267
	Swaps: 0
	File system inputs: 0
	File system outputs: 64
	Socket messages sent: 0
	Socket messages received: 0
	Signals delivered: 0
	Page size (bytes): 4096
	Exit status: 0
