2026-02-21 22:57:31.407 [INFO] Loaded dataset: rectgen_d2_N5000000_alpha200_seed1 Dim= 2 R= 5000000 S= 5000000
2026-02-21 22:57:31.407 [INFO] Baseline: kd_tree_sampling method= kd_tree variant= sampling Dim= 2
2026-02-21 22:58:16.718 [INFO] Run ok (rep= 0 ) Dim= 2 wall_ms= 45310 count= 2.00523e+09 (exact) samples= 100000
2026-02-21 22:59:01.796 [INFO] Run ok (rep= 1 ) Dim= 2 wall_ms= 45078.5 count= 2.00523e+09 (exact) samples= 100000
2026-02-21 22:59:46.969 [INFO] Run ok (rep= 2 ) Dim= 2 wall_ms= 45170.3 count= 2.00523e+09 (exact) samples= 100000
2026-02-21 23:00:32.350 [INFO] Run ok (rep= 3 ) Dim= 2 wall_ms= 45379.5 count= 2.00523e+09 (exact) samples= 100000
2026-02-21 23:01:17.430 [INFO] Run ok (rep= 4 ) Dim= 2 wall_ms= 45079.4 count= 2.00523e+09 (exact) samples= 100000
2026-02-21 23:01:17.431 [INFO] Wall-time summary (ms) [all]: {"n":5,"mean":45203.6,"stdev":136.402,"sem":61.0007,"min":45078.5,"max":45379.5,"median":45170.3,"p90":45351.7,"p95":45365.6,"p99":45376.7}
2026-02-21 23:01:17.431 [INFO] Wall-time summary (ms) [ok-only]: {"n":5,"mean":45203.6,"stdev":136.402,"sem":61.0007,"min":45078.5,"max":45379.5,"median":45170.3,"p90":45351.7,"p95":45365.6,"p99":45376.7} ok_rate= 1
2026-02-21 23:01:17.431 [INFO] Wrote results to: results/exp2_d2/B_N/rectgen_d2_N5000000_alpha200_seed1/t100000/kds_sampling/kd_tree/sampling/run.csv
	Command being timed: "timeout -k 30s 7200s /home/dhy/PhD/SJS/build/release/sjs_run --dataset_source=binary --dataset=rectgen_d2_N5000000_alpha200_seed1 --dim=2 --path_r=data/synthetic/exp2_d2/rectgen_d2_N5000000_alpha200_seed1/R.bin --path_s=data/synthetic/exp2_d2/rectgen_d2_N5000000_alpha200_seed1/S.bin --method=kd_tree --variant=sampling --t=100000 --seed=1 --repeats=5 --threads=1 --out_dir=results/exp2_d2/B_N/rectgen_d2_N5000000_alpha200_seed1/t100000/kds_sampling/kd_tree/sampling --results_file=results/exp2_d2/B_N/rectgen_d2_N5000000_alpha200_seed1/t100000/kds_sampling/kd_tree/sampling/run.csv --write_samples=0 --verify=0 --enum_cap=0 --budget=10000000 --w_small=1024 --prefetch=1"
	User time (seconds): 226.20
	System time (seconds): 0.39
	Percent of CPU this job got: 99%
	Elapsed (wall clock) time (h:mm:ss or m:ss): 3:46.74
	Average shared text size (kbytes): 0
	Average unshared data size (kbytes): 0
	Average stack size (kbytes): 0
	Average total size (kbytes): 0
	Maximum resident set size (kbytes): 812796
	Average resident set size (kbytes): 0
	Major (requiring I/O) page faults: 0
	Minor (reclaiming a frame) page faults: 427032
	Voluntary context switches: 3
	Involuntary context switches: 22640
	Swaps: 0
	File system inputs: 0
	File system outputs: 64
	Socket messages sent: 0
	Socket messages received: 0
	Signals delivered: 0
	Page size (bytes): 4096
	Exit status: 0
