2026-02-21 21:13:17.665 [INFO] Loaded dataset: rectgen_d2_N1000000_alpha200_seed1 Dim= 2 R= 1000000 S= 1000000
2026-02-21 21:13:17.665 [INFO] Baseline: range_tree_adaptive method= range_tree variant= adaptive Dim= 2
2026-02-21 21:15:11.781 [INFO] Run ok (rep= 0 ) Dim= 2 wall_ms= 114116 count= 4.03242e+08 (exact) samples= 100000000
2026-02-21 21:17:06.140 [INFO] Run ok (rep= 1 ) Dim= 2 wall_ms= 114348 count= 4.03242e+08 (exact) samples= 100000000
2026-02-21 21:19:02.255 [INFO] Run ok (rep= 2 ) Dim= 2 wall_ms= 116103 count= 4.03242e+08 (exact) samples= 100000000
2026-02-21 21:20:57.767 [INFO] Run ok (rep= 3 ) Dim= 2 wall_ms= 115500 count= 4.03242e+08 (exact) samples= 100000000
2026-02-21 21:22:51.792 [INFO] Run ok (rep= 4 ) Dim= 2 wall_ms= 114013 count= 4.03242e+08 (exact) samples= 100000000
2026-02-21 21:22:51.803 [INFO] Wall-time summary (ms) [all]: {"n":5,"mean":114816,"stdev":932.696,"sem":417.114,"min":114013,"max":116103,"median":114348,"p90":115862,"p95":115983,"p99":116079}
2026-02-21 21:22:51.803 [INFO] Wall-time summary (ms) [ok-only]: {"n":5,"mean":114816,"stdev":932.696,"sem":417.114,"min":114013,"max":116103,"median":114348,"p90":115862,"p95":115983,"p99":116079} ok_rate= 1
2026-02-21 21:22:51.803 [INFO] Wrote results to: results/exp2_d2/C_t/rectgen_d2_N1000000_alpha200_seed1/t100000000/rt_sampling/range_tree/adaptive/run.csv
	Command being timed: "timeout -k 30s 7200s /home/dhy/PhD/SJS/build/release/sjs_run --dataset_source=binary --dataset=rectgen_d2_N1000000_alpha200_seed1 --dim=2 --path_r=data/synthetic/exp2_d2/rectgen_d2_N1000000_alpha200_seed1/R.bin --path_s=data/synthetic/exp2_d2/rectgen_d2_N1000000_alpha200_seed1/S.bin --method=range_tree --variant=adaptive --t=100000000 --seed=1 --repeats=5 --threads=1 --out_dir=results/exp2_d2/C_t/rectgen_d2_N1000000_alpha200_seed1/t100000000/rt_sampling/range_tree/adaptive --results_file=results/exp2_d2/C_t/rectgen_d2_N1000000_alpha200_seed1/t100000000/rt_sampling/range_tree/adaptive/run.csv --write_samples=0 --verify=0 --enum_cap=0 --budget=10000000 --w_small=1024 --prefetch=1"
	User time (seconds): 568.87
	System time (seconds): 5.26
	Percent of CPU this job got: 99%
	Elapsed (wall clock) time (h:mm:ss or m:ss): 9:34.37
	Average shared text size (kbytes): 0
	Average unshared data size (kbytes): 0
	Average stack size (kbytes): 0
	Average total size (kbytes): 0
	Maximum resident set size (kbytes): 2854656
	Average resident set size (kbytes): 0
	Major (requiring I/O) page faults: 0
	Minor (reclaiming a frame) page faults: 2327808
	Voluntary context switches: 3
	Involuntary context switches: 60303
	Swaps: 0
	File system inputs: 0
	File system outputs: 64
	Socket messages sent: 0
	Socket messages received: 0
	Signals delivered: 0
	Page size (bytes): 4096
	Exit status: 0
