2026-02-21 22:29:05.390 [INFO] Loaded dataset: rectgen_d2_N1000000_alpha100_seed1 Dim= 2 R= 1000000 S= 1000000
2026-02-21 22:29:05.390 [INFO] Baseline: range_tree_sampling method= range_tree variant= sampling Dim= 2
2026-02-21 22:30:09.991 [INFO] Run ok (rep= 0 ) Dim= 2 wall_ms= 64601 count= 2.01242e+08 (exact) samples= 100000
2026-02-21 22:31:14.414 [INFO] Run ok (rep= 1 ) Dim= 2 wall_ms= 64422.6 count= 2.01242e+08 (exact) samples= 100000
2026-02-21 22:32:19.706 [INFO] Run ok (rep= 2 ) Dim= 2 wall_ms= 65292.1 count= 2.01242e+08 (exact) samples= 100000
2026-02-21 22:33:25.009 [INFO] Run ok (rep= 3 ) Dim= 2 wall_ms= 65303 count= 2.01242e+08 (exact) samples= 100000
2026-02-21 22:34:30.007 [INFO] Run ok (rep= 4 ) Dim= 2 wall_ms= 64997.2 count= 2.01242e+08 (exact) samples= 100000
2026-02-21 22:34:30.007 [INFO] Wall-time summary (ms) [all]: {"n":5,"mean":64923.2,"stdev":400.064,"sem":178.914,"min":64422.6,"max":65303,"median":64997.2,"p90":65298.6,"p95":65300.8,"p99":65302.5}
2026-02-21 22:34:30.007 [INFO] Wall-time summary (ms) [ok-only]: {"n":5,"mean":64923.2,"stdev":400.064,"sem":178.914,"min":64422.6,"max":65303,"median":64997.2,"p90":65298.6,"p95":65300.8,"p99":65302.5} ok_rate= 1
2026-02-21 22:34:30.007 [INFO] Wrote results to: results/exp2_d2/A_alpha/rectgen_d2_N1000000_alpha100_seed1/t100000/rt_adaptive/range_tree/sampling/run.csv
	Command being timed: "timeout -k 30s 7200s /home/dhy/PhD/SJS/build/release/sjs_run --dataset_source=binary --dataset=rectgen_d2_N1000000_alpha100_seed1 --dim=2 --path_r=data/synthetic/exp2_d2/rectgen_d2_N1000000_alpha100_seed1/R.bin --path_s=data/synthetic/exp2_d2/rectgen_d2_N1000000_alpha100_seed1/S.bin --method=range_tree --variant=sampling --t=100000 --seed=1 --repeats=5 --threads=1 --out_dir=results/exp2_d2/A_alpha/rectgen_d2_N1000000_alpha100_seed1/t100000/rt_adaptive/range_tree/sampling --results_file=results/exp2_d2/A_alpha/rectgen_d2_N1000000_alpha100_seed1/t100000/rt_adaptive/range_tree/sampling/run.csv --write_samples=0 --verify=0 --enum_cap=0 --budget=10000000 --w_small=1024 --prefetch=1"
	User time (seconds): 324.06
	System time (seconds): 0.64
	Percent of CPU this job got: 99%
	Elapsed (wall clock) time (h:mm:ss or m:ss): 5:24.82
	Average shared text size (kbytes): 0
	Average unshared data size (kbytes): 0
	Average stack size (kbytes): 0
	Average total size (kbytes): 0
	Maximum resident set size (kbytes): 598780
	Average resident set size (kbytes): 0
	Major (requiring I/O) page faults: 0
	Minor (reclaiming a frame) page faults: 393590
	Voluntary context switches: 3
	Involuntary context switches: 32665
	Swaps: 0
	File system inputs: 0
	File system outputs: 64
	Socket messages sent: 0
	Socket messages received: 0
	Signals delivered: 0
	Page size (bytes): 4096
	Exit status: 0
