2026-02-21 19:52:41.233 [INFO] Loaded dataset: rectgen_d2_N1000000_alpha200_seed1 Dim= 2 R= 1000000 S= 1000000
2026-02-21 19:52:41.233 [INFO] Baseline: range_tree_enum+sampling method= range_tree variant= enum_sampling Dim= 2
2026-02-21 19:53:41.375 [INFO] Run ok (rep= 0 ) Dim= 2 wall_ms= 60142.5 count= 4.03242e+08 (exact) samples= 3000000
2026-02-21 19:54:38.919 [INFO] Run ok (rep= 1 ) Dim= 2 wall_ms= 57543.3 count= 4.03242e+08 (exact) samples= 3000000
2026-02-21 19:55:36.099 [INFO] Run ok (rep= 2 ) Dim= 2 wall_ms= 57179.4 count= 4.03242e+08 (exact) samples= 3000000
2026-02-21 19:56:33.463 [INFO] Run ok (rep= 3 ) Dim= 2 wall_ms= 57364.7 count= 4.03242e+08 (exact) samples= 3000000
2026-02-21 19:57:30.710 [INFO] Run ok (rep= 4 ) Dim= 2 wall_ms= 57246.4 count= 4.03242e+08 (exact) samples= 3000000
2026-02-21 19:57:30.710 [INFO] Wall-time summary (ms) [all]: {"n":5,"mean":57895.2,"stdev":1263.8,"sem":565.191,"min":57179.4,"max":60142.5,"median":57364.7,"p90":59102.8,"p95":59622.6,"p99":60038.5}
2026-02-21 19:57:30.710 [INFO] Wall-time summary (ms) [ok-only]: {"n":5,"mean":57895.2,"stdev":1263.8,"sem":565.191,"min":57179.4,"max":60142.5,"median":57364.7,"p90":59102.8,"p95":59622.6,"p99":60038.5} ok_rate= 1
2026-02-21 19:57:30.710 [INFO] Wrote results to: results/exp2_d2/C_t/rectgen_d2_N1000000_alpha200_seed1/t3000000/rt_enum/range_tree/enum_sampling/run.csv
	Command being timed: "timeout -k 30s 7200s /home/dhy/PhD/SJS/build/release/sjs_run --dataset_source=binary --dataset=rectgen_d2_N1000000_alpha200_seed1 --dim=2 --path_r=data/synthetic/exp2_d2/rectgen_d2_N1000000_alpha200_seed1/R.bin --path_s=data/synthetic/exp2_d2/rectgen_d2_N1000000_alpha200_seed1/S.bin --method=range_tree --variant=enum_sampling --t=3000000 --seed=1 --repeats=5 --threads=1 --out_dir=results/exp2_d2/C_t/rectgen_d2_N1000000_alpha200_seed1/t3000000/rt_enum/range_tree/enum_sampling --results_file=results/exp2_d2/C_t/rectgen_d2_N1000000_alpha200_seed1/t3000000/rt_enum/range_tree/enum_sampling/run.csv --write_samples=0 --verify=0 --enum_cap=0 --budget=10000000 --w_small=1024 --prefetch=1"
	User time (seconds): 286.98
	System time (seconds): 2.65
	Percent of CPU this job got: 99%
	Elapsed (wall clock) time (h:mm:ss or m:ss): 4:49.76
	Average shared text size (kbytes): 0
	Average unshared data size (kbytes): 0
	Average stack size (kbytes): 0
	Average total size (kbytes): 0
	Maximum resident set size (kbytes): 4693600
	Average resident set size (kbytes): 0
	Major (requiring I/O) page faults: 0
	Minor (reclaiming a frame) page faults: 2065246
	Voluntary context switches: 3
	Involuntary context switches: 30661
	Swaps: 0
	File system inputs: 0
	File system outputs: 64
	Socket messages sent: 0
	Socket messages received: 0
	Signals delivered: 0
	Page size (bytes): 4096
	Exit status: 0
