2026-02-21 22:26:59.107 [INFO] Loaded dataset: rectgen_d2_N1000000_alpha30_seed1 Dim= 2 R= 1000000 S= 1000000
2026-02-21 22:26:59.107 [INFO] Baseline: range_tree_sampling method= range_tree variant= sampling Dim= 2
2026-02-21 22:27:51.719 [INFO] Run ok (rep= 0 ) Dim= 2 wall_ms= 52612.3 count= 6.02803e+07 (exact) samples= 100000
2026-02-21 22:28:43.702 [INFO] Run ok (rep= 1 ) Dim= 2 wall_ms= 51982.3 count= 6.02803e+07 (exact) samples= 100000
2026-02-21 22:29:34.924 [INFO] Run ok (rep= 2 ) Dim= 2 wall_ms= 51221.7 count= 6.02803e+07 (exact) samples= 100000
2026-02-21 22:30:26.221 [INFO] Run ok (rep= 3 ) Dim= 2 wall_ms= 51297.2 count= 6.02803e+07 (exact) samples= 100000
2026-02-21 22:31:17.983 [INFO] Run ok (rep= 4 ) Dim= 2 wall_ms= 51761.9 count= 6.02803e+07 (exact) samples= 100000
2026-02-21 22:31:17.983 [INFO] Wall-time summary (ms) [all]: {"n":5,"mean":51775.1,"stdev":565.393,"sem":252.851,"min":51221.7,"max":52612.3,"median":51761.9,"p90":52360.3,"p95":52486.3,"p99":52587.1}
2026-02-21 22:31:17.983 [INFO] Wall-time summary (ms) [ok-only]: {"n":5,"mean":51775.1,"stdev":565.393,"sem":252.851,"min":51221.7,"max":52612.3,"median":51761.9,"p90":52360.3,"p95":52486.3,"p99":52587.1} ok_rate= 1
2026-02-21 22:31:17.983 [INFO] Wrote results to: results/exp2_d2/A_alpha/rectgen_d2_N1000000_alpha30_seed1/t100000/rt_adaptive/range_tree/sampling/run.csv
	Command being timed: "timeout -k 30s 7200s /home/dhy/PhD/SJS/build/release/sjs_run --dataset_source=binary --dataset=rectgen_d2_N1000000_alpha30_seed1 --dim=2 --path_r=data/synthetic/exp2_d2/rectgen_d2_N1000000_alpha30_seed1/R.bin --path_s=data/synthetic/exp2_d2/rectgen_d2_N1000000_alpha30_seed1/S.bin --method=range_tree --variant=sampling --t=100000 --seed=1 --repeats=5 --threads=1 --out_dir=results/exp2_d2/A_alpha/rectgen_d2_N1000000_alpha30_seed1/t100000/rt_adaptive/range_tree/sampling --results_file=results/exp2_d2/A_alpha/rectgen_d2_N1000000_alpha30_seed1/t100000/rt_adaptive/range_tree/sampling/run.csv --write_samples=0 --verify=0 --enum_cap=0 --budget=10000000 --w_small=1024 --prefetch=1"
	User time (seconds): 258.77
	System time (seconds): 0.20
	Percent of CPU this job got: 99%
	Elapsed (wall clock) time (h:mm:ss or m:ss): 4:19.07
	Average shared text size (kbytes): 0
	Average unshared data size (kbytes): 0
	Average stack size (kbytes): 0
	Average total size (kbytes): 0
	Maximum resident set size (kbytes): 588868
	Average resident set size (kbytes): 0
	Major (requiring I/O) page faults: 0
	Minor (reclaiming a frame) page faults: 242574
	Voluntary context switches: 3
	Involuntary context switches: 25992
	Swaps: 0
	File system inputs: 0
	File system outputs: 64
	Socket messages sent: 0
	Socket messages received: 0
	Signals delivered: 0
	Page size (bytes): 4096
	Exit status: 0
