2026-02-21 20:52:24.634 [INFO] Loaded dataset: rectgen_d2_N1000000_alpha200_seed1 Dim= 2 R= 1000000 S= 1000000
2026-02-21 20:52:24.634 [INFO] Baseline: ours_highdims_adaptive method= ours variant= adaptive Dim= 2
2026-02-21 20:53:47.070 [INFO] Run ok (rep= 0 ) Dim= 2 wall_ms= 82436.3 count= 4.03242e+08 (exact) samples= 100000000
2026-02-21 20:55:12.854 [INFO] Run ok (rep= 1 ) Dim= 2 wall_ms= 85772.5 count= 4.03242e+08 (exact) samples= 100000000
2026-02-21 20:56:38.097 [INFO] Run ok (rep= 2 ) Dim= 2 wall_ms= 85230.7 count= 4.03242e+08 (exact) samples= 100000000
2026-02-21 20:58:04.164 [INFO] Run ok (rep= 3 ) Dim= 2 wall_ms= 86055.7 count= 4.03242e+08 (exact) samples= 100000000
2026-02-21 20:59:29.406 [INFO] Run ok (rep= 4 ) Dim= 2 wall_ms= 85230.8 count= 4.03242e+08 (exact) samples= 100000000
2026-02-21 20:59:29.417 [INFO] Wall-time summary (ms) [all]: {"n":5,"mean":84945.2,"stdev":1446.98,"sem":647.108,"min":82436.3,"max":86055.7,"median":85230.8,"p90":85942.4,"p95":85999.1,"p99":86044.4}
2026-02-21 20:59:29.417 [INFO] Wall-time summary (ms) [ok-only]: {"n":5,"mean":84945.2,"stdev":1446.98,"sem":647.108,"min":82436.3,"max":86055.7,"median":85230.8,"p90":85942.4,"p95":85999.1,"p99":86044.4} ok_rate= 1
2026-02-21 20:59:29.417 [INFO] Wrote results to: results/exp2_d2/C_t/rectgen_d2_N1000000_alpha200_seed1/t100000000/sjs_sampling/ours/adaptive/run.csv
	Command being timed: "timeout -k 30s 7200s /home/dhy/PhD/SJS/build/release/sjs_run --dataset_source=binary --dataset=rectgen_d2_N1000000_alpha200_seed1 --dim=2 --path_r=data/synthetic/exp2_d2/rectgen_d2_N1000000_alpha200_seed1/R.bin --path_s=data/synthetic/exp2_d2/rectgen_d2_N1000000_alpha200_seed1/S.bin --method=ours --variant=adaptive --t=100000000 --seed=1 --repeats=5 --threads=1 --out_dir=results/exp2_d2/C_t/rectgen_d2_N1000000_alpha200_seed1/t100000000/sjs_sampling/ours/adaptive --results_file=results/exp2_d2/C_t/rectgen_d2_N1000000_alpha200_seed1/t100000000/sjs_sampling/ours/adaptive/run.csv --write_samples=0 --verify=0 --enum_cap=0 --budget=10000000 --w_small=1024 --prefetch=1"
	User time (seconds): 424.10
	System time (seconds): 3.84
	Percent of CPU this job got: 99%
	Elapsed (wall clock) time (h:mm:ss or m:ss): 7:08.13
	Average shared text size (kbytes): 0
	Average unshared data size (kbytes): 0
	Average stack size (kbytes): 0
	Average total size (kbytes): 0
	Maximum resident set size (kbytes): 4361144
	Average resident set size (kbytes): 0
	Major (requiring I/O) page faults: 0
	Minor (reclaiming a frame) page faults: 3861181
	Voluntary context switches: 3
	Involuntary context switches: 45008
	Swaps: 0
	File system inputs: 0
	File system outputs: 64
	Socket messages sent: 0
	Socket messages received: 0
	Signals delivered: 0
	Page size (bytes): 4096
	Exit status: 0
