2026-02-21 22:02:47.873 [INFO] Loaded dataset: rectgen_d2_N1000000_alpha200_seed1 Dim= 2 R= 1000000 S= 1000000
2026-02-21 22:02:47.873 [INFO] Baseline: range_tree_adaptive method= range_tree variant= adaptive Dim= 2
2026-02-21 22:05:31.197 [INFO] Run ok (rep= 0 ) Dim= 2 wall_ms= 163323 count= 4.03242e+08 (exact) samples= 300000000
2026-02-21 22:08:13.830 [INFO] Run ok (rep= 1 ) Dim= 2 wall_ms= 162600 count= 4.03242e+08 (exact) samples= 300000000
2026-02-21 22:10:58.398 [INFO] Run ok (rep= 2 ) Dim= 2 wall_ms= 164534 count= 4.03242e+08 (exact) samples= 300000000
2026-02-21 22:13:44.592 [INFO] Run ok (rep= 3 ) Dim= 2 wall_ms= 166161 count= 4.03242e+08 (exact) samples= 300000000
2026-02-21 22:16:25.680 [INFO] Run ok (rep= 4 ) Dim= 2 wall_ms= 161055 count= 4.03242e+08 (exact) samples= 300000000
2026-02-21 22:16:25.713 [INFO] Wall-time summary (ms) [all]: {"n":5,"mean":163534,"stdev":1934,"sem":864.91,"min":161055,"max":166161,"median":163323,"p90":165510,"p95":165835,"p99":166096}
2026-02-21 22:16:25.713 [INFO] Wall-time summary (ms) [ok-only]: {"n":5,"mean":163534,"stdev":1934,"sem":864.91,"min":161055,"max":166161,"median":163323,"p90":165510,"p95":165835,"p99":166096} ok_rate= 1
2026-02-21 22:16:25.713 [INFO] Wrote results to: results/exp2_d2/C_t/rectgen_d2_N1000000_alpha200_seed1/t300000000/rt_sampling/range_tree/adaptive/run.csv
	Command being timed: "timeout -k 30s 7200s /home/dhy/PhD/SJS/build/release/sjs_run --dataset_source=binary --dataset=rectgen_d2_N1000000_alpha200_seed1 --dim=2 --path_r=data/synthetic/exp2_d2/rectgen_d2_N1000000_alpha200_seed1/R.bin --path_s=data/synthetic/exp2_d2/rectgen_d2_N1000000_alpha200_seed1/S.bin --method=range_tree --variant=adaptive --t=300000000 --seed=1 --repeats=5 --threads=1 --out_dir=results/exp2_d2/C_t/rectgen_d2_N1000000_alpha200_seed1/t300000000/rt_sampling/range_tree/adaptive --results_file=results/exp2_d2/C_t/rectgen_d2_N1000000_alpha200_seed1/t300000000/rt_sampling/range_tree/adaptive/run.csv --write_samples=0 --verify=0 --enum_cap=0 --budget=10000000 --w_small=1024 --prefetch=1"
	User time (seconds): 810.36
	System time (seconds): 7.42
	Percent of CPU this job got: 99%
	Elapsed (wall clock) time (h:mm:ss or m:ss): 13:38.10
	Average shared text size (kbytes): 0
	Average unshared data size (kbytes): 0
	Average stack size (kbytes): 0
	Average total size (kbytes): 0
	Maximum resident set size (kbytes): 7134240
	Average resident set size (kbytes): 0
	Major (requiring I/O) page faults: 0
	Minor (reclaiming a frame) page faults: 7133014
	Voluntary context switches: 3
	Involuntary context switches: 84313
	Swaps: 0
	File system inputs: 0
	File system outputs: 64
	Socket messages sent: 0
	Socket messages received: 0
	Signals delivered: 0
	Page size (bytes): 4096
	Exit status: 0
