2026-02-21 23:56:21.171 [INFO] Loaded dataset: rectgen_d2_N1000000_alpha200_seed1 Dim= 2 R= 1000000 S= 1000000
2026-02-21 23:56:21.171 [INFO] Baseline: kd_tree_sampling method= kd_tree variant= sampling Dim= 2
2026-02-21 23:56:34.478 [INFO] Run ok (rep= 0 ) Dim= 2 wall_ms= 13305.9 count= 4.03242e+08 (exact) samples= 3000000
2026-02-21 23:56:47.722 [INFO] Run ok (rep= 1 ) Dim= 2 wall_ms= 13243.5 count= 4.03242e+08 (exact) samples= 3000000
2026-02-21 23:57:00.963 [INFO] Run ok (rep= 2 ) Dim= 2 wall_ms= 13238.4 count= 4.03242e+08 (exact) samples= 3000000
2026-02-21 23:57:14.201 [INFO] Run ok (rep= 3 ) Dim= 2 wall_ms= 13237.3 count= 4.03242e+08 (exact) samples= 3000000
2026-02-21 23:57:27.446 [INFO] Run ok (rep= 4 ) Dim= 2 wall_ms= 13243.9 count= 4.03242e+08 (exact) samples= 3000000
2026-02-21 23:57:27.448 [INFO] Wall-time summary (ms) [all]: {"n":5,"mean":13253.8,"stdev":29.2504,"sem":13.0812,"min":13237.3,"max":13305.9,"median":13243.5,"p90":13281.1,"p95":13293.5,"p99":13303.4}
2026-02-21 23:57:27.448 [INFO] Wall-time summary (ms) [ok-only]: {"n":5,"mean":13253.8,"stdev":29.2504,"sem":13.0812,"min":13237.3,"max":13305.9,"median":13243.5,"p90":13281.1,"p95":13293.5,"p99":13303.4} ok_rate= 1
2026-02-21 23:57:27.448 [INFO] Wrote results to: results/exp2_d2/C_t/rectgen_d2_N1000000_alpha200_seed1/t3000000/kds_sampling/kd_tree/sampling/run.csv
	Command being timed: "timeout -k 30s 7200s /home/dhy/PhD/SJS/build/release/sjs_run --dataset_source=binary --dataset=rectgen_d2_N1000000_alpha200_seed1 --dim=2 --path_r=data/synthetic/exp2_d2/rectgen_d2_N1000000_alpha200_seed1/R.bin --path_s=data/synthetic/exp2_d2/rectgen_d2_N1000000_alpha200_seed1/S.bin --method=kd_tree --variant=sampling --t=3000000 --seed=1 --repeats=5 --threads=1 --out_dir=results/exp2_d2/C_t/rectgen_d2_N1000000_alpha200_seed1/t3000000/kds_sampling/kd_tree/sampling --results_file=results/exp2_d2/C_t/rectgen_d2_N1000000_alpha200_seed1/t3000000/kds_sampling/kd_tree/sampling/run.csv --write_samples=0 --verify=0 --enum_cap=0 --budget=10000000 --w_small=1024 --prefetch=1"
	User time (seconds): 66.27
	System time (seconds): 0.09
	Percent of CPU this job got: 99%
	Elapsed (wall clock) time (h:mm:ss or m:ss): 1:06.42
	Average shared text size (kbytes): 0
	Average unshared data size (kbytes): 0
	Average stack size (kbytes): 0
	Average total size (kbytes): 0
	Maximum resident set size (kbytes): 186344
	Average resident set size (kbytes): 0
	Major (requiring I/O) page faults: 0
	Minor (reclaiming a frame) page faults: 97351
	Voluntary context switches: 4
	Involuntary context switches: 6847
	Swaps: 0
	File system inputs: 0
	File system outputs: 32
	Socket messages sent: 0
	Socket messages received: 0
	Signals delivered: 0
	Page size (bytes): 4096
	Exit status: 0
