2026-02-21 23:44:44.398 [INFO] Loaded dataset: rectgen_d2_N1000000_alpha200_seed1 Dim= 2 R= 1000000 S= 1000000
2026-02-21 23:44:44.398 [INFO] Baseline: ours_highdims_sampling method= ours variant= sampling Dim= 2
2026-02-21 23:45:33.404 [INFO] Run ok (rep= 0 ) Dim= 2 wall_ms= 49005.7 count= 4.03242e+08 (exact) samples= 300000
2026-02-21 23:46:25.272 [INFO] Run ok (rep= 1 ) Dim= 2 wall_ms= 51867.8 count= 4.03242e+08 (exact) samples= 300000
2026-02-21 23:47:17.121 [INFO] Run ok (rep= 2 ) Dim= 2 wall_ms= 51849.3 count= 4.03242e+08 (exact) samples= 300000
2026-02-21 23:48:09.286 [INFO] Run ok (rep= 3 ) Dim= 2 wall_ms= 52164.2 count= 4.03242e+08 (exact) samples= 300000
2026-02-21 23:49:01.183 [INFO] Run ok (rep= 4 ) Dim= 2 wall_ms= 51897.3 count= 4.03242e+08 (exact) samples= 300000
2026-02-21 23:49:01.183 [INFO] Wall-time summary (ms) [all]: {"n":5,"mean":51356.9,"stdev":1320.57,"sem":590.575,"min":49005.7,"max":52164.2,"median":51867.8,"p90":52057.5,"p95":52110.8,"p99":52153.5}
2026-02-21 23:49:01.183 [INFO] Wall-time summary (ms) [ok-only]: {"n":5,"mean":51356.9,"stdev":1320.57,"sem":590.575,"min":49005.7,"max":52164.2,"median":51867.8,"p90":52057.5,"p95":52110.8,"p99":52153.5} ok_rate= 1
2026-02-21 23:49:01.183 [INFO] Wrote results to: results/exp2_d2/C_t/rectgen_d2_N1000000_alpha200_seed1/t300000/sjs_adaptive/ours/sampling/run.csv
	Command being timed: "timeout -k 30s 7200s /home/dhy/PhD/SJS/build/release/sjs_run --dataset_source=binary --dataset=rectgen_d2_N1000000_alpha200_seed1 --dim=2 --path_r=data/synthetic/exp2_d2/rectgen_d2_N1000000_alpha200_seed1/R.bin --path_s=data/synthetic/exp2_d2/rectgen_d2_N1000000_alpha200_seed1/S.bin --method=ours --variant=sampling --t=300000 --seed=1 --repeats=5 --threads=1 --out_dir=results/exp2_d2/C_t/rectgen_d2_N1000000_alpha200_seed1/t300000/sjs_adaptive/ours/sampling --results_file=results/exp2_d2/C_t/rectgen_d2_N1000000_alpha200_seed1/t300000/sjs_adaptive/ours/sampling/run.csv --write_samples=0 --verify=0 --enum_cap=0 --budget=10000000 --w_small=1024 --prefetch=1"
	User time (seconds): 257.86
	System time (seconds): 2.20
	Percent of CPU this job got: 99%
	Elapsed (wall clock) time (h:mm:ss or m:ss): 4:20.17
	Average shared text size (kbytes): 0
	Average unshared data size (kbytes): 0
	Average stack size (kbytes): 0
	Average total size (kbytes): 0
	Maximum resident set size (kbytes): 1518048
	Average resident set size (kbytes): 0
	Major (requiring I/O) page faults: 0
	Minor (reclaiming a frame) page faults: 522361
	Voluntary context switches: 3
	Involuntary context switches: 27234
	Swaps: 0
	File system inputs: 0
	File system outputs: 64
	Socket messages sent: 0
	Socket messages received: 0
	Signals delivered: 0
	Page size (bytes): 4096
	Exit status: 0
