2026-02-21 22:46:44.297 [INFO] Loaded dataset: rectgen_d2_N1000000_alpha200_seed1 Dim= 2 R= 1000000 S= 1000000
2026-02-21 22:46:44.297 [INFO] Baseline: kd_tree_sampling method= kd_tree variant= sampling Dim= 2
2026-02-21 22:46:50.881 [INFO] Run ok (rep= 0 ) Dim= 2 wall_ms= 6583.94 count= 4.03242e+08 (exact) samples= 100000
2026-02-21 22:46:57.455 [INFO] Run ok (rep= 1 ) Dim= 2 wall_ms= 6574.26 count= 4.03242e+08 (exact) samples= 100000
2026-02-21 22:47:04.029 [INFO] Run ok (rep= 2 ) Dim= 2 wall_ms= 6573.82 count= 4.03242e+08 (exact) samples= 100000
2026-02-21 22:47:10.603 [INFO] Run ok (rep= 3 ) Dim= 2 wall_ms= 6573.41 count= 4.03242e+08 (exact) samples= 100000
2026-02-21 22:47:17.180 [INFO] Run ok (rep= 4 ) Dim= 2 wall_ms= 6576.81 count= 4.03242e+08 (exact) samples= 100000
2026-02-21 22:47:17.180 [INFO] Wall-time summary (ms) [all]: {"n":5,"mean":6576.45,"stdev":4.39362,"sem":1.96489,"min":6573.41,"max":6583.94,"median":6574.26,"p90":6581.09,"p95":6582.52,"p99":6583.66}
2026-02-21 22:47:17.180 [INFO] Wall-time summary (ms) [ok-only]: {"n":5,"mean":6576.45,"stdev":4.39362,"sem":1.96489,"min":6573.41,"max":6583.94,"median":6574.26,"p90":6581.09,"p95":6582.52,"p99":6583.66} ok_rate= 1
2026-02-21 22:47:17.180 [INFO] Wrote results to: results/exp2_d2/B_N/rectgen_d2_N1000000_alpha200_seed1/t100000/kds_sampling/kd_tree/sampling/run.csv
	Command being timed: "timeout -k 30s 7200s /home/dhy/PhD/SJS/build/release/sjs_run --dataset_source=binary --dataset=rectgen_d2_N1000000_alpha200_seed1 --dim=2 --path_r=data/synthetic/exp2_d2/rectgen_d2_N1000000_alpha200_seed1/R.bin --path_s=data/synthetic/exp2_d2/rectgen_d2_N1000000_alpha200_seed1/S.bin --method=kd_tree --variant=sampling --t=100000 --seed=1 --repeats=5 --threads=1 --out_dir=results/exp2_d2/B_N/rectgen_d2_N1000000_alpha200_seed1/t100000/kds_sampling/kd_tree/sampling --results_file=results/exp2_d2/B_N/rectgen_d2_N1000000_alpha200_seed1/t100000/kds_sampling/kd_tree/sampling/run.csv --write_samples=0 --verify=0 --enum_cap=0 --budget=10000000 --w_small=1024 --prefetch=1"
	User time (seconds): 32.94
	System time (seconds): 0.06
	Percent of CPU this job got: 99%
	Elapsed (wall clock) time (h:mm:ss or m:ss): 0:33.03
	Average shared text size (kbytes): 0
	Average unshared data size (kbytes): 0
	Average stack size (kbytes): 0
	Average total size (kbytes): 0
	Maximum resident set size (kbytes): 164056
	Average resident set size (kbytes): 0
	Major (requiring I/O) page faults: 0
	Minor (reclaiming a frame) page faults: 72384
	Voluntary context switches: 3
	Involuntary context switches: 3262
	Swaps: 0
	File system inputs: 0
	File system outputs: 32
	Socket messages sent: 0
	Socket messages received: 0
	Signals delivered: 0
	Page size (bytes): 4096
	Exit status: 0
