2026-02-21 23:05:32.617 [INFO] Loaded dataset: rectgen_d2_N1000000_alpha200_seed1 Dim= 2 R= 1000000 S= 1000000
2026-02-21 23:05:32.617 [INFO] Baseline: ours_highdims_adaptive method= ours variant= adaptive Dim= 2
2026-02-21 23:06:22.065 [INFO] Run ok (rep= 0 ) Dim= 2 wall_ms= 49448.2 count= 4.03242e+08 (exact) samples= 100000
2026-02-21 23:07:14.437 [INFO] Run ok (rep= 1 ) Dim= 2 wall_ms= 52371.1 count= 4.03242e+08 (exact) samples= 100000
2026-02-21 23:08:06.725 [INFO] Run ok (rep= 2 ) Dim= 2 wall_ms= 52285.4 count= 4.03242e+08 (exact) samples= 100000
2026-02-21 23:08:59.067 [INFO] Run ok (rep= 3 ) Dim= 2 wall_ms= 52340.3 count= 4.03242e+08 (exact) samples= 100000
2026-02-21 23:09:51.239 [INFO] Run ok (rep= 4 ) Dim= 2 wall_ms= 52169.1 count= 4.03242e+08 (exact) samples= 100000
2026-02-21 23:09:51.241 [INFO] Wall-time summary (ms) [all]: {"n":5,"mean":51722.8,"stdev":1273.91,"sem":569.708,"min":49448.2,"max":52371.1,"median":52285.4,"p90":52358.8,"p95":52365,"p99":52369.9}
2026-02-21 23:09:51.241 [INFO] Wall-time summary (ms) [ok-only]: {"n":5,"mean":51722.8,"stdev":1273.91,"sem":569.708,"min":49448.2,"max":52371.1,"median":52285.4,"p90":52358.8,"p95":52365,"p99":52369.9} ok_rate= 1
2026-02-21 23:09:51.241 [INFO] Wrote results to: results/exp2_d2/C_t/rectgen_d2_N1000000_alpha200_seed1/t100000/sjs_sampling/ours/adaptive/run.csv
	Command being timed: "timeout -k 30s 7200s /home/dhy/PhD/SJS/build/release/sjs_run --dataset_source=binary --dataset=rectgen_d2_N1000000_alpha200_seed1 --dim=2 --path_r=data/synthetic/exp2_d2/rectgen_d2_N1000000_alpha200_seed1/R.bin --path_s=data/synthetic/exp2_d2/rectgen_d2_N1000000_alpha200_seed1/S.bin --method=ours --variant=adaptive --t=100000 --seed=1 --repeats=5 --threads=1 --out_dir=results/exp2_d2/C_t/rectgen_d2_N1000000_alpha200_seed1/t100000/sjs_sampling/ours/adaptive --results_file=results/exp2_d2/C_t/rectgen_d2_N1000000_alpha200_seed1/t100000/sjs_sampling/ours/adaptive/run.csv --write_samples=0 --verify=0 --enum_cap=0 --budget=10000000 --w_small=1024 --prefetch=1"
	User time (seconds): 259.73
	System time (seconds): 2.23
	Percent of CPU this job got: 99%
	Elapsed (wall clock) time (h:mm:ss or m:ss): 4:22.07
	Average shared text size (kbytes): 0
	Average unshared data size (kbytes): 0
	Average stack size (kbytes): 0
	Average total size (kbytes): 0
	Maximum resident set size (kbytes): 1652808
	Average resident set size (kbytes): 0
	Major (requiring I/O) page faults: 0
	Minor (reclaiming a frame) page faults: 525454
	Voluntary context switches: 3
	Involuntary context switches: 26204
	Swaps: 0
	File system inputs: 0
	File system outputs: 64
	Socket messages sent: 0
	Socket messages received: 0
	Signals delivered: 0
	Page size (bytes): 4096
	Exit status: 0
