2026-02-21 18:20:31.393 [INFO] Loaded dataset: rectgen_d2_N5000000_alpha200_seed1 Dim= 2 R= 5000000 S= 5000000
2026-02-21 18:20:31.394 [INFO] Baseline: ours_highdims_enum+sampling method= ours variant= enum_sampling Dim= 2
2026-02-21 18:25:11.993 [INFO] Run ok (rep= 0 ) Dim= 2 wall_ms= 280600 count= 2.00523e+09 (exact) samples= 100000
2026-02-21 18:30:00.116 [INFO] Run ok (rep= 1 ) Dim= 2 wall_ms= 288122 count= 2.00523e+09 (exact) samples= 100000
2026-02-21 18:34:48.366 [INFO] Run ok (rep= 2 ) Dim= 2 wall_ms= 288251 count= 2.00523e+09 (exact) samples= 100000
2026-02-21 18:39:36.839 [INFO] Run ok (rep= 3 ) Dim= 2 wall_ms= 288473 count= 2.00523e+09 (exact) samples= 100000
2026-02-21 18:44:21.686 [INFO] Run ok (rep= 4 ) Dim= 2 wall_ms= 284847 count= 2.00523e+09 (exact) samples= 100000
2026-02-21 18:44:21.687 [INFO] Wall-time summary (ms) [all]: {"n":5,"mean":286058,"stdev":3397.12,"sem":1519.24,"min":280600,"max":288473,"median":288122,"p90":288384,"p95":288428,"p99":288464}
2026-02-21 18:44:21.687 [INFO] Wall-time summary (ms) [ok-only]: {"n":5,"mean":286058,"stdev":3397.12,"sem":1519.24,"min":280600,"max":288473,"median":288122,"p90":288384,"p95":288428,"p99":288464} ok_rate= 1
2026-02-21 18:44:21.687 [INFO] Wrote results to: results/exp2_d2/B_N/rectgen_d2_N5000000_alpha200_seed1/t100000/sjs_enum/ours/enum_sampling/run.csv
	Command being timed: "timeout -k 30s 7200s /home/dhy/PhD/SJS/build/release/sjs_run --dataset_source=binary --dataset=rectgen_d2_N5000000_alpha200_seed1 --dim=2 --path_r=data/synthetic/exp2_d2/rectgen_d2_N5000000_alpha200_seed1/R.bin --path_s=data/synthetic/exp2_d2/rectgen_d2_N5000000_alpha200_seed1/S.bin --method=ours --variant=enum_sampling --t=100000 --seed=1 --repeats=5 --threads=1 --out_dir=results/exp2_d2/B_N/rectgen_d2_N5000000_alpha200_seed1/t100000/sjs_enum/ours/enum_sampling --results_file=results/exp2_d2/B_N/rectgen_d2_N5000000_alpha200_seed1/t100000/sjs_enum/ours/enum_sampling/run.csv --write_samples=0 --verify=0 --enum_cap=0 --budget=10000000 --w_small=1024 --prefetch=1"
	User time (seconds): 1433.25
	System time (seconds): 14.58
	Percent of CPU this job got: 99%
	Elapsed (wall clock) time (h:mm:ss or m:ss): 24:08.53
	Average shared text size (kbytes): 0
	Average unshared data size (kbytes): 0
	Average stack size (kbytes): 0
	Average total size (kbytes): 0
	Maximum resident set size (kbytes): 22342392
	Average resident set size (kbytes): 0
	Major (requiring I/O) page faults: 0
	Minor (reclaiming a frame) page faults: 10210312
	Voluntary context switches: 3
	Involuntary context switches: 151899
	Swaps: 0
	File system inputs: 0
	File system outputs: 64
	Socket messages sent: 0
	Socket messages received: 0
	Signals delivered: 0
	Page size (bytes): 4096
	Exit status: 0
