2026-02-21 22:44:50.116 [INFO] Loaded dataset: rectgen_d2_N200000_alpha200_seed1 Dim= 2 R= 200000 S= 200000
2026-02-21 22:44:50.116 [INFO] Baseline: kd_tree_sampling method= kd_tree variant= sampling Dim= 2
2026-02-21 22:44:51.495 [INFO] Run ok (rep= 0 ) Dim= 2 wall_ms= 1378.53 count= 8.00296e+07 (exact) samples= 100000
2026-02-21 22:44:52.868 [INFO] Run ok (rep= 1 ) Dim= 2 wall_ms= 1373.1 count= 8.00296e+07 (exact) samples= 100000
2026-02-21 22:44:54.272 [INFO] Run ok (rep= 2 ) Dim= 2 wall_ms= 1404.17 count= 8.00296e+07 (exact) samples= 100000
2026-02-21 22:44:55.653 [INFO] Run ok (rep= 3 ) Dim= 2 wall_ms= 1380.9 count= 8.00296e+07 (exact) samples= 100000
2026-02-21 22:44:57.035 [INFO] Run ok (rep= 4 ) Dim= 2 wall_ms= 1381.35 count= 8.00296e+07 (exact) samples= 100000
2026-02-21 22:44:57.035 [INFO] Wall-time summary (ms) [all]: {"n":5,"mean":1383.61,"stdev":11.9529,"sem":5.34551,"min":1373.1,"max":1404.17,"median":1380.9,"p90":1395.04,"p95":1399.61,"p99":1403.26}
2026-02-21 22:44:57.035 [INFO] Wall-time summary (ms) [ok-only]: {"n":5,"mean":1383.61,"stdev":11.9529,"sem":5.34551,"min":1373.1,"max":1404.17,"median":1380.9,"p90":1395.04,"p95":1399.61,"p99":1403.26} ok_rate= 1
2026-02-21 22:44:57.035 [INFO] Wrote results to: results/exp2_d2/B_N/rectgen_d2_N200000_alpha200_seed1/t100000/kds_sampling/kd_tree/sampling/run.csv
	Command being timed: "timeout -k 30s 7200s /home/dhy/PhD/SJS/build/release/sjs_run --dataset_source=binary --dataset=rectgen_d2_N200000_alpha200_seed1 --dim=2 --path_r=data/synthetic/exp2_d2/rectgen_d2_N200000_alpha200_seed1/R.bin --path_s=data/synthetic/exp2_d2/rectgen_d2_N200000_alpha200_seed1/S.bin --method=kd_tree --variant=sampling --t=100000 --seed=1 --repeats=5 --threads=1 --out_dir=results/exp2_d2/B_N/rectgen_d2_N200000_alpha200_seed1/t100000/kds_sampling/kd_tree/sampling --results_file=results/exp2_d2/B_N/rectgen_d2_N200000_alpha200_seed1/t100000/kds_sampling/kd_tree/sampling/run.csv --write_samples=0 --verify=0 --enum_cap=0 --budget=10000000 --w_small=1024 --prefetch=1"
	User time (seconds): 6.94
	System time (seconds): 0.01
	Percent of CPU this job got: 99%
	Elapsed (wall clock) time (h:mm:ss or m:ss): 0:06.96
	Average shared text size (kbytes): 0
	Average unshared data size (kbytes): 0
	Average stack size (kbytes): 0
	Average total size (kbytes): 0
	Maximum resident set size (kbytes): 37468
	Average resident set size (kbytes): 0
	Major (requiring I/O) page faults: 0
	Minor (reclaiming a frame) page faults: 14619
	Voluntary context switches: 3
	Involuntary context switches: 679
	Swaps: 0
	File system inputs: 0
	File system outputs: 24
	Socket messages sent: 0
	Socket messages received: 0
	Signals delivered: 0
	Page size (bytes): 4096
	Exit status: 0
