2026-02-21 16:53:14.178 [INFO] Loaded dataset: rectgen_d2_N1000000_alpha0p3_seed1 Dim= 2 R= 1000000 S= 1000000
2026-02-21 16:53:14.178 [INFO] Baseline: range_tree_enum+sampling method= range_tree variant= enum_sampling Dim= 2
2026-02-21 16:53:31.701 [INFO] Run ok (rep= 0 ) Dim= 2 wall_ms= 17523.2 count= 596881 (exact) samples= 100000
2026-02-21 16:53:48.698 [INFO] Run ok (rep= 1 ) Dim= 2 wall_ms= 16996.2 count= 596881 (exact) samples= 100000
2026-02-21 16:54:05.719 [INFO] Run ok (rep= 2 ) Dim= 2 wall_ms= 17021.1 count= 596881 (exact) samples= 100000
2026-02-21 16:54:22.762 [INFO] Run ok (rep= 3 ) Dim= 2 wall_ms= 17043.5 count= 596881 (exact) samples= 100000
2026-02-21 16:54:39.759 [INFO] Run ok (rep= 4 ) Dim= 2 wall_ms= 16996.7 count= 596881 (exact) samples= 100000
2026-02-21 16:54:39.759 [INFO] Wall-time summary (ms) [all]: {"n":5,"mean":17116.1,"stdev":228.403,"sem":102.145,"min":16996.2,"max":17523.2,"median":17021.1,"p90":17331.3,"p95":17427.3,"p99":17504}
2026-02-21 16:54:39.759 [INFO] Wall-time summary (ms) [ok-only]: {"n":5,"mean":17116.1,"stdev":228.403,"sem":102.145,"min":16996.2,"max":17523.2,"median":17021.1,"p90":17331.3,"p95":17427.3,"p99":17504} ok_rate= 1
2026-02-21 16:54:39.759 [INFO] Wrote results to: results/exp2_d2/A_alpha/rectgen_d2_N1000000_alpha0p3_seed1/t100000/rt_enum/range_tree/enum_sampling/run.csv
	Command being timed: "timeout -k 30s 7200s /home/dhy/PhD/SJS/build/release/sjs_run --dataset_source=binary --dataset=rectgen_d2_N1000000_alpha0p3_seed1 --dim=2 --path_r=data/synthetic/exp2_d2/rectgen_d2_N1000000_alpha0p3_seed1/R.bin --path_s=data/synthetic/exp2_d2/rectgen_d2_N1000000_alpha0p3_seed1/S.bin --method=range_tree --variant=enum_sampling --t=100000 --seed=1 --repeats=5 --threads=1 --out_dir=results/exp2_d2/A_alpha/rectgen_d2_N1000000_alpha0p3_seed1/t100000/rt_enum/range_tree/enum_sampling --results_file=results/exp2_d2/A_alpha/rectgen_d2_N1000000_alpha0p3_seed1/t100000/rt_enum/range_tree/enum_sampling/run.csv --write_samples=0 --verify=0 --enum_cap=0 --budget=10000000 --w_small=1024 --prefetch=1"
	User time (seconds): 85.33
	System time (seconds): 0.43
	Percent of CPU this job got: 99%
	Elapsed (wall clock) time (h:mm:ss or m:ss): 1:25.80
	Average shared text size (kbytes): 0
	Average unshared data size (kbytes): 0
	Average stack size (kbytes): 0
	Average total size (kbytes): 0
	Maximum resident set size (kbytes): 568256
	Average resident set size (kbytes): 0
	Major (requiring I/O) page faults: 0
	Minor (reclaiming a frame) page faults: 301059
	Voluntary context switches: 3
	Involuntary context switches: 8846
	Swaps: 0
	File system inputs: 0
	File system outputs: 40
	Socket messages sent: 0
	Socket messages received: 0
	Signals delivered: 0
	Page size (bytes): 4096
	Exit status: 0
