2026-02-21 16:58:28.227 [INFO] Loaded dataset: rectgen_d2_N1000000_alpha3_seed1 Dim= 2 R= 1000000 S= 1000000
2026-02-21 16:58:28.227 [INFO] Baseline: ours_highdims_enum+sampling method= ours variant= enum_sampling Dim= 2
2026-02-21 16:58:53.226 [INFO] Run ok (rep= 0 ) Dim= 2 wall_ms= 24998.5 count= 6.03379e+06 (exact) samples= 100000
2026-02-21 16:59:21.279 [INFO] Run ok (rep= 1 ) Dim= 2 wall_ms= 28052.8 count= 6.03379e+06 (exact) samples= 100000
2026-02-21 16:59:49.055 [INFO] Run ok (rep= 2 ) Dim= 2 wall_ms= 27776 count= 6.03379e+06 (exact) samples= 100000
2026-02-21 17:00:16.943 [INFO] Run ok (rep= 3 ) Dim= 2 wall_ms= 27887.5 count= 6.03379e+06 (exact) samples= 100000
2026-02-21 17:00:44.817 [INFO] Run ok (rep= 4 ) Dim= 2 wall_ms= 27873.6 count= 6.03379e+06 (exact) samples= 100000
2026-02-21 17:00:44.817 [INFO] Wall-time summary (ms) [all]: {"n":5,"mean":27317.7,"stdev":1300.27,"sem":581.496,"min":24998.5,"max":28052.8,"median":27873.6,"p90":27986.7,"p95":28019.8,"p99":28046.2}
2026-02-21 17:00:44.817 [INFO] Wall-time summary (ms) [ok-only]: {"n":5,"mean":27317.7,"stdev":1300.27,"sem":581.496,"min":24998.5,"max":28052.8,"median":27873.6,"p90":27986.7,"p95":28019.8,"p99":28046.2} ok_rate= 1
2026-02-21 17:00:44.817 [INFO] Wrote results to: results/exp2_d2/A_alpha/rectgen_d2_N1000000_alpha3_seed1/t100000/sjs_enum/ours/enum_sampling/run.csv
	Command being timed: "timeout -k 30s 7200s /home/dhy/PhD/SJS/build/release/sjs_run --dataset_source=binary --dataset=rectgen_d2_N1000000_alpha3_seed1 --dim=2 --path_r=data/synthetic/exp2_d2/rectgen_d2_N1000000_alpha3_seed1/R.bin --path_s=data/synthetic/exp2_d2/rectgen_d2_N1000000_alpha3_seed1/S.bin --method=ours --variant=enum_sampling --t=100000 --seed=1 --repeats=5 --threads=1 --out_dir=results/exp2_d2/A_alpha/rectgen_d2_N1000000_alpha3_seed1/t100000/sjs_enum/ours/enum_sampling --results_file=results/exp2_d2/A_alpha/rectgen_d2_N1000000_alpha3_seed1/t100000/sjs_enum/ours/enum_sampling/run.csv --write_samples=0 --verify=0 --enum_cap=0 --budget=10000000 --w_small=1024 --prefetch=1"
	User time (seconds): 138.71
	System time (seconds): 1.03
	Percent of CPU this job got: 99%
	Elapsed (wall clock) time (h:mm:ss or m:ss): 2:19.82
	Average shared text size (kbytes): 0
	Average unshared data size (kbytes): 0
	Average stack size (kbytes): 0
	Average total size (kbytes): 0
	Maximum resident set size (kbytes): 1448140
	Average resident set size (kbytes): 0
	Major (requiring I/O) page faults: 0
	Minor (reclaiming a frame) page faults: 452590
	Voluntary context switches: 3
	Involuntary context switches: 14491
	Swaps: 0
	File system inputs: 0
	File system outputs: 40
	Socket messages sent: 0
	Socket messages received: 0
	Signals delivered: 0
	Page size (bytes): 4096
	Exit status: 0
