2026-02-21 22:33:01.236 [INFO] Loaded dataset: rectgen_d2_N1000000_alpha300_seed1 Dim= 2 R= 1000000 S= 1000000
2026-02-21 22:33:01.237 [INFO] Baseline: ours_highdims_adaptive method= ours variant= adaptive Dim= 2
2026-02-21 22:33:50.416 [INFO] Run ok (rep= 0 ) Dim= 2 wall_ms= 49179.4 count= 6.05877e+08 (exact) samples= 100000
2026-02-21 22:34:42.788 [INFO] Run ok (rep= 1 ) Dim= 2 wall_ms= 52372.2 count= 6.05877e+08 (exact) samples= 100000
2026-02-21 22:35:35.064 [INFO] Run ok (rep= 2 ) Dim= 2 wall_ms= 52273.4 count= 6.05877e+08 (exact) samples= 100000
2026-02-21 22:36:27.438 [INFO] Run ok (rep= 3 ) Dim= 2 wall_ms= 52372.9 count= 6.05877e+08 (exact) samples= 100000
2026-02-21 22:37:22.433 [INFO] Run ok (rep= 4 ) Dim= 2 wall_ms= 54993.6 count= 6.05877e+08 (exact) samples= 100000
2026-02-21 22:37:22.434 [INFO] Wall-time summary (ms) [all]: {"n":5,"mean":52238.3,"stdev":2060.68,"sem":921.566,"min":49179.4,"max":54993.6,"median":52372.2,"p90":53945.3,"p95":54469.4,"p99":54888.7}
2026-02-21 22:37:22.434 [INFO] Wall-time summary (ms) [ok-only]: {"n":5,"mean":52238.3,"stdev":2060.68,"sem":921.566,"min":49179.4,"max":54993.6,"median":52372.2,"p90":53945.3,"p95":54469.4,"p99":54888.7} ok_rate= 1
2026-02-21 22:37:22.434 [INFO] Wrote results to: results/exp2_d2/A_alpha/rectgen_d2_N1000000_alpha300_seed1/t100000/sjs_sampling/ours/adaptive/run.csv
	Command being timed: "timeout -k 30s 7200s /home/dhy/PhD/SJS/build/release/sjs_run --dataset_source=binary --dataset=rectgen_d2_N1000000_alpha300_seed1 --dim=2 --path_r=data/synthetic/exp2_d2/rectgen_d2_N1000000_alpha300_seed1/R.bin --path_s=data/synthetic/exp2_d2/rectgen_d2_N1000000_alpha300_seed1/S.bin --method=ours --variant=adaptive --t=100000 --seed=1 --repeats=5 --threads=1 --out_dir=results/exp2_d2/A_alpha/rectgen_d2_N1000000_alpha300_seed1/t100000/sjs_sampling/ours/adaptive --results_file=results/exp2_d2/A_alpha/rectgen_d2_N1000000_alpha300_seed1/t100000/sjs_sampling/ours/adaptive/run.csv --write_samples=0 --verify=0 --enum_cap=0 --budget=10000000 --w_small=1024 --prefetch=1"
	User time (seconds): 261.79
	System time (seconds): 2.71
	Percent of CPU this job got: 99%
	Elapsed (wall clock) time (h:mm:ss or m:ss): 4:24.60
	Average shared text size (kbytes): 0
	Average unshared data size (kbytes): 0
	Average stack size (kbytes): 0
	Average total size (kbytes): 0
	Maximum resident set size (kbytes): 1654708
	Average resident set size (kbytes): 0
	Major (requiring I/O) page faults: 0
	Minor (reclaiming a frame) page faults: 928080
	Voluntary context switches: 3
	Involuntary context switches: 26768
	Swaps: 0
	File system inputs: 0
	File system outputs: 64
	Socket messages sent: 0
	Socket messages received: 0
	Signals delivered: 0
	Page size (bytes): 4096
	Exit status: 0
