2026-02-21 17:49:45.850 [INFO] Loaded dataset: rectgen_d2_N500000_alpha200_seed1 Dim= 2 R= 500000 S= 500000
2026-02-21 17:49:45.850 [INFO] Baseline: range_tree_enum+sampling method= range_tree variant= enum_sampling Dim= 2
2026-02-21 17:50:09.834 [INFO] Run ok (rep= 0 ) Dim= 2 wall_ms= 23983.8 count= 1.98605e+08 (exact) samples= 100000
2026-02-21 17:50:32.687 [INFO] Run ok (rep= 1 ) Dim= 2 wall_ms= 22852.7 count= 1.98605e+08 (exact) samples= 100000
2026-02-21 17:50:55.758 [INFO] Run ok (rep= 2 ) Dim= 2 wall_ms= 23071.2 count= 1.98605e+08 (exact) samples= 100000
2026-02-21 17:51:18.532 [INFO] Run ok (rep= 3 ) Dim= 2 wall_ms= 22773.7 count= 1.98605e+08 (exact) samples= 100000
2026-02-21 17:51:41.326 [INFO] Run ok (rep= 4 ) Dim= 2 wall_ms= 22793.6 count= 1.98605e+08 (exact) samples= 100000
2026-02-21 17:51:41.326 [INFO] Wall-time summary (ms) [all]: {"n":5,"mean":23095,"stdev":510.721,"sem":228.401,"min":22773.7,"max":23983.8,"median":22852.7,"p90":23618.8,"p95":23801.3,"p99":23947.3}
2026-02-21 17:51:41.326 [INFO] Wall-time summary (ms) [ok-only]: {"n":5,"mean":23095,"stdev":510.721,"sem":228.401,"min":22773.7,"max":23983.8,"median":22852.7,"p90":23618.8,"p95":23801.3,"p99":23947.3} ok_rate= 1
2026-02-21 17:51:41.326 [INFO] Wrote results to: results/exp2_d2/B_N/rectgen_d2_N500000_alpha200_seed1/t100000/rt_enum/range_tree/enum_sampling/run.csv
	Command being timed: "timeout -k 30s 7200s /home/dhy/PhD/SJS/build/release/sjs_run --dataset_source=binary --dataset=rectgen_d2_N500000_alpha200_seed1 --dim=2 --path_r=data/synthetic/exp2_d2/rectgen_d2_N500000_alpha200_seed1/R.bin --path_s=data/synthetic/exp2_d2/rectgen_d2_N500000_alpha200_seed1/S.bin --method=range_tree --variant=enum_sampling --t=100000 --seed=1 --repeats=5 --threads=1 --out_dir=results/exp2_d2/B_N/rectgen_d2_N500000_alpha200_seed1/t100000/rt_enum/range_tree/enum_sampling --results_file=results/exp2_d2/B_N/rectgen_d2_N500000_alpha200_seed1/t100000/rt_enum/range_tree/enum_sampling/run.csv --write_samples=0 --verify=0 --enum_cap=0 --budget=10000000 --w_small=1024 --prefetch=1"
	User time (seconds): 114.28
	System time (seconds): 1.28
	Percent of CPU this job got: 99%
	Elapsed (wall clock) time (h:mm:ss or m:ss): 1:55.62
	Average shared text size (kbytes): 0
	Average unshared data size (kbytes): 0
	Average stack size (kbytes): 0
	Average total size (kbytes): 0
	Maximum resident set size (kbytes): 2353544
	Average resident set size (kbytes): 0
	Major (requiring I/O) page faults: 0
	Minor (reclaiming a frame) page faults: 1011144
	Voluntary context switches: 3
	Involuntary context switches: 12285
	Swaps: 0
	File system inputs: 0
	File system outputs: 40
	Socket messages sent: 0
	Socket messages received: 0
	Signals delivered: 0
	Page size (bytes): 4096
	Exit status: 0
