2026-02-21 17:46:40.437 [INFO] Loaded dataset: rectgen_d2_N100000_alpha200_seed1 Dim= 2 R= 100000 S= 100000
2026-02-21 17:46:40.438 [INFO] Baseline: ours_highdims_enum+sampling method= ours variant= enum_sampling Dim= 2
2026-02-21 17:46:42.962 [INFO] Run ok (rep= 0 ) Dim= 2 wall_ms= 2524.05 count= 4.04015e+07 (exact) samples= 100000
2026-02-21 17:46:45.410 [INFO] Run ok (rep= 1 ) Dim= 2 wall_ms= 2448.58 count= 4.04015e+07 (exact) samples= 100000
2026-02-21 17:46:47.853 [INFO] Run ok (rep= 2 ) Dim= 2 wall_ms= 2442.5 count= 4.04015e+07 (exact) samples= 100000
2026-02-21 17:46:50.282 [INFO] Run ok (rep= 3 ) Dim= 2 wall_ms= 2429.36 count= 4.04015e+07 (exact) samples= 100000
2026-02-21 17:46:52.716 [INFO] Run ok (rep= 4 ) Dim= 2 wall_ms= 2433.74 count= 4.04015e+07 (exact) samples= 100000
2026-02-21 17:46:52.716 [INFO] Wall-time summary (ms) [all]: {"n":5,"mean":2455.64,"stdev":38.9629,"sem":17.4247,"min":2429.36,"max":2524.05,"median":2442.5,"p90":2493.86,"p95":2508.95,"p99":2521.03}
2026-02-21 17:46:52.716 [INFO] Wall-time summary (ms) [ok-only]: {"n":5,"mean":2455.64,"stdev":38.9629,"sem":17.4247,"min":2429.36,"max":2524.05,"median":2442.5,"p90":2493.86,"p95":2508.95,"p99":2521.03} ok_rate= 1
2026-02-21 17:46:52.716 [INFO] Wrote results to: results/exp2_d2/B_N/rectgen_d2_N100000_alpha200_seed1/t100000/sjs_enum/ours/enum_sampling/run.csv
	Command being timed: "timeout -k 30s 7200s /home/dhy/PhD/SJS/build/release/sjs_run --dataset_source=binary --dataset=rectgen_d2_N100000_alpha200_seed1 --dim=2 --path_r=data/synthetic/exp2_d2/rectgen_d2_N100000_alpha200_seed1/R.bin --path_s=data/synthetic/exp2_d2/rectgen_d2_N100000_alpha200_seed1/S.bin --method=ours --variant=enum_sampling --t=100000 --seed=1 --repeats=5 --threads=1 --out_dir=results/exp2_d2/B_N/rectgen_d2_N100000_alpha200_seed1/t100000/sjs_enum/ours/enum_sampling --results_file=results/exp2_d2/B_N/rectgen_d2_N100000_alpha200_seed1/t100000/sjs_enum/ours/enum_sampling/run.csv --write_samples=0 --verify=0 --enum_cap=0 --budget=10000000 --w_small=1024 --prefetch=1"
	User time (seconds): 12.34
	System time (seconds): 0.20
	Percent of CPU this job got: 99%
	Elapsed (wall clock) time (h:mm:ss or m:ss): 0:12.56
	Average shared text size (kbytes): 0
	Average unshared data size (kbytes): 0
	Average stack size (kbytes): 0
	Average total size (kbytes): 0
	Maximum resident set size (kbytes): 670604
	Average resident set size (kbytes): 0
	Major (requiring I/O) page faults: 0
	Minor (reclaiming a frame) page faults: 255929
	Voluntary context switches: 3
	Involuntary context switches: 1343
	Swaps: 0
	File system inputs: 0
	File system outputs: 24
	Socket messages sent: 0
	Socket messages received: 0
	Signals delivered: 0
	Page size (bytes): 4096
	Exit status: 0
