2026-02-21 22:40:04.155 [INFO] Loaded dataset: rectgen_d2_N100000_alpha200_seed1 Dim= 2 R= 100000 S= 100000
2026-02-21 22:40:04.155 [INFO] Baseline: range_tree_adaptive method= range_tree variant= adaptive Dim= 2
2026-02-21 22:40:08.294 [INFO] Run ok (rep= 0 ) Dim= 2 wall_ms= 4138.72 count= 4.04015e+07 (exact) samples= 100000
2026-02-21 22:40:12.077 [INFO] Run ok (rep= 1 ) Dim= 2 wall_ms= 3782.59 count= 4.04015e+07 (exact) samples= 100000
2026-02-21 22:40:15.940 [INFO] Run ok (rep= 2 ) Dim= 2 wall_ms= 3863.18 count= 4.04015e+07 (exact) samples= 100000
2026-02-21 22:40:19.721 [INFO] Run ok (rep= 3 ) Dim= 2 wall_ms= 3780.9 count= 4.04015e+07 (exact) samples= 100000
2026-02-21 22:40:23.538 [INFO] Run ok (rep= 4 ) Dim= 2 wall_ms= 3816.51 count= 4.04015e+07 (exact) samples= 100000
2026-02-21 22:40:23.538 [INFO] Wall-time summary (ms) [all]: {"n":5,"mean":3876.38,"stdev":150.41,"sem":67.2656,"min":3780.9,"max":4138.72,"median":3816.51,"p90":4028.5,"p95":4083.61,"p99":4127.7}
2026-02-21 22:40:23.538 [INFO] Wall-time summary (ms) [ok-only]: {"n":5,"mean":3876.38,"stdev":150.41,"sem":67.2656,"min":3780.9,"max":4138.72,"median":3816.51,"p90":4028.5,"p95":4083.61,"p99":4127.7} ok_rate= 1
2026-02-21 22:40:23.538 [INFO] Wrote results to: results/exp2_d2/B_N/rectgen_d2_N100000_alpha200_seed1/t100000/rt_sampling/range_tree/adaptive/run.csv
	Command being timed: "timeout -k 30s 7200s /home/dhy/PhD/SJS/build/release/sjs_run --dataset_source=binary --dataset=rectgen_d2_N100000_alpha200_seed1 --dim=2 --path_r=data/synthetic/exp2_d2/rectgen_d2_N100000_alpha200_seed1/R.bin --path_s=data/synthetic/exp2_d2/rectgen_d2_N100000_alpha200_seed1/S.bin --method=range_tree --variant=adaptive --t=100000 --seed=1 --repeats=5 --threads=1 --out_dir=results/exp2_d2/B_N/rectgen_d2_N100000_alpha200_seed1/t100000/rt_sampling/range_tree/adaptive --results_file=results/exp2_d2/B_N/rectgen_d2_N100000_alpha200_seed1/t100000/rt_sampling/range_tree/adaptive/run.csv --write_samples=0 --verify=0 --enum_cap=0 --budget=10000000 --w_small=1024 --prefetch=1"
	User time (seconds): 19.32
	System time (seconds): 0.08
	Percent of CPU this job got: 99%
	Elapsed (wall clock) time (h:mm:ss or m:ss): 0:19.41
	Average shared text size (kbytes): 0
	Average unshared data size (kbytes): 0
	Average stack size (kbytes): 0
	Average total size (kbytes): 0
	Maximum resident set size (kbytes): 130072
	Average resident set size (kbytes): 0
	Major (requiring I/O) page faults: 0
	Minor (reclaiming a frame) page faults: 62957
	Voluntary context switches: 3
	Involuntary context switches: 1860
	Swaps: 0
	File system inputs: 0
	File system outputs: 24
	Socket messages sent: 0
	Socket messages received: 0
	Signals delivered: 0
	Page size (bytes): 4096
	Exit status: 0
