2026-02-21 22:28:40.819 [INFO] Loaded dataset: rectgen_d2_N1000000_alpha30_seed1 Dim= 2 R= 1000000 S= 1000000
2026-02-21 22:28:40.819 [INFO] Baseline: range_tree_adaptive method= range_tree variant= adaptive Dim= 2
2026-02-21 22:29:32.738 [INFO] Run ok (rep= 0 ) Dim= 2 wall_ms= 51918.6 count= 6.02803e+07 (exact) samples= 100000
2026-02-21 22:30:24.586 [INFO] Run ok (rep= 1 ) Dim= 2 wall_ms= 51848.1 count= 6.02803e+07 (exact) samples= 100000
2026-02-21 22:31:16.457 [INFO] Run ok (rep= 2 ) Dim= 2 wall_ms= 51871 count= 6.02803e+07 (exact) samples= 100000
2026-02-21 22:32:08.787 [INFO] Run ok (rep= 3 ) Dim= 2 wall_ms= 52330.2 count= 6.02803e+07 (exact) samples= 100000
2026-02-21 22:33:00.986 [INFO] Run ok (rep= 4 ) Dim= 2 wall_ms= 52198.4 count= 6.02803e+07 (exact) samples= 100000
2026-02-21 22:33:00.986 [INFO] Wall-time summary (ms) [all]: {"n":5,"mean":52033.3,"stdev":217.519,"sem":97.2777,"min":51848.1,"max":52330.2,"median":51918.6,"p90":52277.5,"p95":52303.9,"p99":52325}
2026-02-21 22:33:00.986 [INFO] Wall-time summary (ms) [ok-only]: {"n":5,"mean":52033.3,"stdev":217.519,"sem":97.2777,"min":51848.1,"max":52330.2,"median":51918.6,"p90":52277.5,"p95":52303.9,"p99":52325} ok_rate= 1
2026-02-21 22:33:00.986 [INFO] Wrote results to: results/exp2_d2/A_alpha/rectgen_d2_N1000000_alpha30_seed1/t100000/rt_sampling/range_tree/adaptive/run.csv
	Command being timed: "timeout -k 30s 7200s /home/dhy/PhD/SJS/build/release/sjs_run --dataset_source=binary --dataset=rectgen_d2_N1000000_alpha30_seed1 --dim=2 --path_r=data/synthetic/exp2_d2/rectgen_d2_N1000000_alpha30_seed1/R.bin --path_s=data/synthetic/exp2_d2/rectgen_d2_N1000000_alpha30_seed1/S.bin --method=range_tree --variant=adaptive --t=100000 --seed=1 --repeats=5 --threads=1 --out_dir=results/exp2_d2/A_alpha/rectgen_d2_N1000000_alpha30_seed1/t100000/rt_sampling/range_tree/adaptive --results_file=results/exp2_d2/A_alpha/rectgen_d2_N1000000_alpha30_seed1/t100000/rt_sampling/range_tree/adaptive/run.csv --write_samples=0 --verify=0 --enum_cap=0 --budget=10000000 --w_small=1024 --prefetch=1"
	User time (seconds): 258.29
	System time (seconds): 1.99
	Percent of CPU this job got: 99%
	Elapsed (wall clock) time (h:mm:ss or m:ss): 4:20.38
	Average shared text size (kbytes): 0
	Average unshared data size (kbytes): 0
	Average stack size (kbytes): 0
	Average total size (kbytes): 0
	Maximum resident set size (kbytes): 791988
	Average resident set size (kbytes): 0
	Major (requiring I/O) page faults: 0
	Minor (reclaiming a frame) page faults: 303914
	Voluntary context switches: 3
	Involuntary context switches: 26241
	Swaps: 0
	File system inputs: 0
	File system outputs: 64
	Socket messages sent: 0
	Socket messages received: 0
	Signals delivered: 0
	Page size (bytes): 4096
	Exit status: 0
