2026-02-21 21:51:30.658 [INFO] Loaded dataset: rectgen_d2_N1000000_alpha200_seed1 Dim= 2 R= 1000000 S= 1000000
2026-02-21 21:51:30.658 [INFO] Baseline: range_tree_sampling method= range_tree variant= sampling Dim= 2
2026-02-21 21:53:45.779 [INFO] Run ok (rep= 0 ) Dim= 2 wall_ms= 135121 count= 4.03242e+08 (exact) samples= 300000000
2026-02-21 21:56:00.726 [INFO] Run ok (rep= 1 ) Dim= 2 wall_ms= 134907 count= 4.03242e+08 (exact) samples= 300000000
2026-02-21 21:58:16.285 [INFO] Run ok (rep= 2 ) Dim= 2 wall_ms= 135518 count= 4.03242e+08 (exact) samples= 300000000
2026-02-21 22:00:31.373 [INFO] Run ok (rep= 3 ) Dim= 2 wall_ms= 135051 count= 4.03242e+08 (exact) samples= 300000000
2026-02-21 22:02:47.601 [INFO] Run ok (rep= 4 ) Dim= 2 wall_ms= 136187 count= 4.03242e+08 (exact) samples= 300000000
2026-02-21 22:02:47.639 [INFO] Wall-time summary (ms) [all]: {"n":5,"mean":135357,"stdev":516.612,"sem":231.036,"min":134907,"max":136187,"median":135121,"p90":135920,"p95":136054,"p99":136161}
2026-02-21 22:02:47.639 [INFO] Wall-time summary (ms) [ok-only]: {"n":5,"mean":135357,"stdev":516.612,"sem":231.036,"min":134907,"max":136187,"median":135121,"p90":135920,"p95":136054,"p99":136161} ok_rate= 1
2026-02-21 22:02:47.639 [INFO] Wrote results to: results/exp2_d2/C_t/rectgen_d2_N1000000_alpha200_seed1/t300000000/rt_adaptive/range_tree/sampling/run.csv
	Command being timed: "timeout -k 30s 7200s /home/dhy/PhD/SJS/build/release/sjs_run --dataset_source=binary --dataset=rectgen_d2_N1000000_alpha200_seed1 --dim=2 --path_r=data/synthetic/exp2_d2/rectgen_d2_N1000000_alpha200_seed1/R.bin --path_s=data/synthetic/exp2_d2/rectgen_d2_N1000000_alpha200_seed1/S.bin --method=range_tree --variant=sampling --t=300000000 --seed=1 --repeats=5 --threads=1 --out_dir=results/exp2_d2/C_t/rectgen_d2_N1000000_alpha200_seed1/t300000000/rt_adaptive/range_tree/sampling --results_file=results/exp2_d2/C_t/rectgen_d2_N1000000_alpha200_seed1/t300000000/rt_adaptive/range_tree/sampling/run.csv --write_samples=0 --verify=0 --enum_cap=0 --budget=10000000 --w_small=1024 --prefetch=1"
	User time (seconds): 669.25
	System time (seconds): 7.63
	Percent of CPU this job got: 99%
	Elapsed (wall clock) time (h:mm:ss or m:ss): 11:17.19
	Average shared text size (kbytes): 0
	Average unshared data size (kbytes): 0
	Average stack size (kbytes): 0
	Average total size (kbytes): 0
	Maximum resident set size (kbytes): 5343692
	Average resident set size (kbytes): 0
	Major (requiring I/O) page faults: 0
	Minor (reclaiming a frame) page faults: 6104969
	Voluntary context switches: 3
	Involuntary context switches: 69123
	Swaps: 0
	File system inputs: 0
	File system outputs: 64
	Socket messages sent: 0
	Socket messages received: 0
	Signals delivered: 0
	Page size (bytes): 4096
	Exit status: 0
