2026-02-21 22:16:25.982 [INFO] Loaded dataset: rectgen_d2_N1000000_alpha200_seed1 Dim= 2 R= 1000000 S= 1000000
2026-02-21 22:16:25.983 [INFO] Baseline: kd_tree_sampling method= kd_tree variant= sampling Dim= 2
2026-02-21 22:16:58.334 [INFO] Run ok (rep= 0 ) Dim= 2 wall_ms= 32351.7 count= 4.03242e+08 (exact) samples= 300000000
2026-02-21 22:17:30.675 [INFO] Run ok (rep= 1 ) Dim= 2 wall_ms= 32305.5 count= 4.03242e+08 (exact) samples= 300000000
2026-02-21 22:18:03.076 [INFO] Run ok (rep= 2 ) Dim= 2 wall_ms= 32365.8 count= 4.03242e+08 (exact) samples= 300000000
2026-02-21 22:18:35.499 [INFO] Run ok (rep= 3 ) Dim= 2 wall_ms= 32387.5 count= 4.03242e+08 (exact) samples= 300000000
2026-02-21 22:19:07.929 [INFO] Run ok (rep= 4 ) Dim= 2 wall_ms= 32394.6 count= 4.03242e+08 (exact) samples= 300000000
2026-02-21 22:19:07.964 [INFO] Wall-time summary (ms) [all]: {"n":5,"mean":32361,"stdev":35.4374,"sem":15.8481,"min":32305.5,"max":32394.6,"median":32365.8,"p90":32391.8,"p95":32393.2,"p99":32394.3}
2026-02-21 22:19:07.964 [INFO] Wall-time summary (ms) [ok-only]: {"n":5,"mean":32361,"stdev":35.4374,"sem":15.8481,"min":32305.5,"max":32394.6,"median":32365.8,"p90":32391.8,"p95":32393.2,"p99":32394.3} ok_rate= 1
2026-02-21 22:19:07.964 [INFO] Wrote results to: results/exp2_d2/C_t/rectgen_d2_N1000000_alpha200_seed1/t300000000/kds_sampling/kd_tree/sampling/run.csv
	Command being timed: "timeout -k 30s 7200s /home/dhy/PhD/SJS/build/release/sjs_run --dataset_source=binary --dataset=rectgen_d2_N1000000_alpha200_seed1 --dim=2 --path_r=data/synthetic/exp2_d2/rectgen_d2_N1000000_alpha200_seed1/R.bin --path_s=data/synthetic/exp2_d2/rectgen_d2_N1000000_alpha200_seed1/S.bin --method=kd_tree --variant=sampling --t=300000000 --seed=1 --repeats=5 --threads=1 --out_dir=results/exp2_d2/C_t/rectgen_d2_N1000000_alpha200_seed1/t300000000/kds_sampling/kd_tree/sampling --results_file=results/exp2_d2/C_t/rectgen_d2_N1000000_alpha200_seed1/t300000000/kds_sampling/kd_tree/sampling/run.csv --write_samples=0 --verify=0 --enum_cap=0 --budget=10000000 --w_small=1024 --prefetch=1"
	User time (seconds): 157.79
	System time (seconds): 4.23
	Percent of CPU this job got: 99%
	Elapsed (wall clock) time (h:mm:ss or m:ss): 2:42.13
	Average shared text size (kbytes): 0
	Average unshared data size (kbytes): 0
	Average stack size (kbytes): 0
	Average total size (kbytes): 0
	Maximum resident set size (kbytes): 3655100
	Average resident set size (kbytes): 0
	Major (requiring I/O) page faults: 0
	Minor (reclaiming a frame) page faults: 5931308
	Voluntary context switches: 3
	Involuntary context switches: 16676
	Swaps: 0
	File system inputs: 0
	File system outputs: 48
	Socket messages sent: 0
	Socket messages received: 0
	Signals delivered: 0
	Page size (bytes): 4096
	Exit status: 0
