2026-02-21 20:46:23.348 [INFO] Loaded dataset: rectgen_d2_N1000000_alpha200_seed1 Dim= 2 R= 1000000 S= 1000000
2026-02-21 20:46:23.349 [INFO] Baseline: ours_highdims_sampling method= ours variant= sampling Dim= 2
2026-02-21 20:47:32.332 [INFO] Run ok (rep= 0 ) Dim= 2 wall_ms= 68983 count= 4.03242e+08 (exact) samples= 100000000
2026-02-21 20:48:44.653 [INFO] Run ok (rep= 1 ) Dim= 2 wall_ms= 72309.5 count= 4.03242e+08 (exact) samples= 100000000
2026-02-21 20:49:56.686 [INFO] Run ok (rep= 2 ) Dim= 2 wall_ms= 72014.2 count= 4.03242e+08 (exact) samples= 100000000
2026-02-21 20:51:09.054 [INFO] Run ok (rep= 3 ) Dim= 2 wall_ms= 72356.3 count= 4.03242e+08 (exact) samples= 100000000
2026-02-21 20:52:21.260 [INFO] Run ok (rep= 4 ) Dim= 2 wall_ms= 72194.8 count= 4.03242e+08 (exact) samples= 100000000
2026-02-21 20:52:21.272 [INFO] Wall-time summary (ms) [all]: {"n":5,"mean":71571.6,"stdev":1453.05,"sem":649.824,"min":68983,"max":72356.3,"median":72194.8,"p90":72337.6,"p95":72346.9,"p99":72354.4}
2026-02-21 20:52:21.272 [INFO] Wall-time summary (ms) [ok-only]: {"n":5,"mean":71571.6,"stdev":1453.05,"sem":649.824,"min":68983,"max":72356.3,"median":72194.8,"p90":72337.6,"p95":72346.9,"p99":72354.4} ok_rate= 1
2026-02-21 20:52:21.272 [INFO] Wrote results to: results/exp2_d2/C_t/rectgen_d2_N1000000_alpha200_seed1/t100000000/sjs_adaptive/ours/sampling/run.csv
	Command being timed: "timeout -k 30s 7200s /home/dhy/PhD/SJS/build/release/sjs_run --dataset_source=binary --dataset=rectgen_d2_N1000000_alpha200_seed1 --dim=2 --path_r=data/synthetic/exp2_d2/rectgen_d2_N1000000_alpha200_seed1/R.bin --path_s=data/synthetic/exp2_d2/rectgen_d2_N1000000_alpha200_seed1/S.bin --method=ours --variant=sampling --t=100000000 --seed=1 --repeats=5 --threads=1 --out_dir=results/exp2_d2/C_t/rectgen_d2_N1000000_alpha200_seed1/t100000000/sjs_adaptive/ours/sampling --results_file=results/exp2_d2/C_t/rectgen_d2_N1000000_alpha200_seed1/t100000000/sjs_adaptive/ours/sampling/run.csv --write_samples=0 --verify=0 --enum_cap=0 --budget=10000000 --w_small=1024 --prefetch=1"
	User time (seconds): 358.35
	System time (seconds): 2.76
	Percent of CPU this job got: 99%
	Elapsed (wall clock) time (h:mm:ss or m:ss): 6:01.27
	Average shared text size (kbytes): 0
	Average unshared data size (kbytes): 0
	Average stack size (kbytes): 0
	Average total size (kbytes): 0
	Maximum resident set size (kbytes): 2687412
	Average resident set size (kbytes): 0
	Major (requiring I/O) page faults: 0
	Minor (reclaiming a frame) page faults: 2476668
	Voluntary context switches: 3
	Involuntary context switches: 38003
	Swaps: 0
	File system inputs: 0
	File system outputs: 64
	Socket messages sent: 0
	Socket messages received: 0
	Signals delivered: 0
	Page size (bytes): 4096
	Exit status: 0
