2026-02-21 22:53:05.912 [INFO] Loaded dataset: rectgen_d2_N5000000_alpha200_seed1 Dim= 2 R= 5000000 S= 5000000
2026-02-21 22:53:05.912 [INFO] Baseline: ours_highdims_adaptive method= ours variant= adaptive Dim= 2
2026-02-21 22:58:43.416 [INFO] Run ok (rep= 0 ) Dim= 2 wall_ms= 337504 count= 2.00523e+09 (exact) samples= 100000
2026-02-21 23:04:37.857 [INFO] Run ok (rep= 1 ) Dim= 2 wall_ms= 354440 count= 2.00523e+09 (exact) samples= 100000
2026-02-21 23:10:56.127 [INFO] Run ok (rep= 2 ) Dim= 2 wall_ms= 378270 count= 2.00523e+09 (exact) samples= 100000
2026-02-21 23:17:08.577 [INFO] Run ok (rep= 3 ) Dim= 2 wall_ms= 372449 count= 2.00523e+09 (exact) samples= 100000
2026-02-21 23:23:21.175 [INFO] Run ok (rep= 4 ) Dim= 2 wall_ms= 372598 count= 2.00523e+09 (exact) samples= 100000
2026-02-21 23:23:21.175 [INFO] Wall-time summary (ms) [all]: {"n":5,"mean":363052,"stdev":16866.3,"sem":7542.82,"min":337504,"max":378270,"median":372449,"p90":376001,"p95":377136,"p99":378043}
2026-02-21 23:23:21.175 [INFO] Wall-time summary (ms) [ok-only]: {"n":5,"mean":363052,"stdev":16866.3,"sem":7542.82,"min":337504,"max":378270,"median":372449,"p90":376001,"p95":377136,"p99":378043} ok_rate= 1
2026-02-21 23:23:21.175 [INFO] Wrote results to: results/exp2_d2/B_N/rectgen_d2_N5000000_alpha200_seed1/t100000/sjs_sampling/ours/adaptive/run.csv
	Command being timed: "timeout -k 30s 7200s /home/dhy/PhD/SJS/build/release/sjs_run --dataset_source=binary --dataset=rectgen_d2_N5000000_alpha200_seed1 --dim=2 --path_r=data/synthetic/exp2_d2/rectgen_d2_N5000000_alpha200_seed1/R.bin --path_s=data/synthetic/exp2_d2/rectgen_d2_N5000000_alpha200_seed1/S.bin --method=ours --variant=adaptive --t=100000 --seed=1 --repeats=5 --threads=1 --out_dir=results/exp2_d2/B_N/rectgen_d2_N5000000_alpha200_seed1/t100000/sjs_sampling/ours/adaptive --results_file=results/exp2_d2/B_N/rectgen_d2_N5000000_alpha200_seed1/t100000/sjs_sampling/ours/adaptive/run.csv --write_samples=0 --verify=0 --enum_cap=0 --budget=10000000 --w_small=1024 --prefetch=1"
	User time (seconds): 1818.44
	System time (seconds): 15.92
	Percent of CPU this job got: 99%
	Elapsed (wall clock) time (h:mm:ss or m:ss): 30:34.98
	Average shared text size (kbytes): 0
	Average unshared data size (kbytes): 0
	Average stack size (kbytes): 0
	Average total size (kbytes): 0
	Maximum resident set size (kbytes): 7597044
	Average resident set size (kbytes): 0
	Major (requiring I/O) page faults: 0
	Minor (reclaiming a frame) page faults: 4541426
	Voluntary context switches: 3
	Involuntary context switches: 191063
	Swaps: 0
	File system inputs: 0
	File system outputs: 64
	Socket messages sent: 0
	Socket messages received: 0
	Signals delivered: 0
	Page size (bytes): 4096
	Exit status: 0
