2026-02-21 22:28:47.861 [INFO] Loaded dataset: rectgen_d2_N1000000_alpha30_seed1 Dim= 2 R= 1000000 S= 1000000
2026-02-21 22:28:47.861 [INFO] Baseline: kd_tree_sampling method= kd_tree variant= sampling Dim= 2
2026-02-21 22:28:50.229 [INFO] Run ok (rep= 0 ) Dim= 2 wall_ms= 2367.91 count= 6.02803e+07 (exact) samples= 100000
2026-02-21 22:28:52.586 [INFO] Run ok (rep= 1 ) Dim= 2 wall_ms= 2356.75 count= 6.02803e+07 (exact) samples= 100000
2026-02-21 22:28:54.958 [INFO] Run ok (rep= 2 ) Dim= 2 wall_ms= 2371.25 count= 6.02803e+07 (exact) samples= 100000
2026-02-21 22:28:57.314 [INFO] Run ok (rep= 3 ) Dim= 2 wall_ms= 2356.19 count= 6.02803e+07 (exact) samples= 100000
2026-02-21 22:28:59.671 [INFO] Run ok (rep= 4 ) Dim= 2 wall_ms= 2356.97 count= 6.02803e+07 (exact) samples= 100000
2026-02-21 22:28:59.671 [INFO] Wall-time summary (ms) [all]: {"n":5,"mean":2361.81,"stdev":7.19306,"sem":3.21684,"min":2356.19,"max":2371.25,"median":2356.97,"p90":2369.91,"p95":2370.58,"p99":2371.11}
2026-02-21 22:28:59.671 [INFO] Wall-time summary (ms) [ok-only]: {"n":5,"mean":2361.81,"stdev":7.19306,"sem":3.21684,"min":2356.19,"max":2371.25,"median":2356.97,"p90":2369.91,"p95":2370.58,"p99":2371.11} ok_rate= 1
2026-02-21 22:28:59.671 [INFO] Wrote results to: results/exp2_d2/A_alpha/rectgen_d2_N1000000_alpha30_seed1/t100000/kds_sampling/kd_tree/sampling/run.csv
	Command being timed: "timeout -k 30s 7200s /home/dhy/PhD/SJS/build/release/sjs_run --dataset_source=binary --dataset=rectgen_d2_N1000000_alpha30_seed1 --dim=2 --path_r=data/synthetic/exp2_d2/rectgen_d2_N1000000_alpha30_seed1/R.bin --path_s=data/synthetic/exp2_d2/rectgen_d2_N1000000_alpha30_seed1/S.bin --method=kd_tree --variant=sampling --t=100000 --seed=1 --repeats=5 --threads=1 --out_dir=results/exp2_d2/A_alpha/rectgen_d2_N1000000_alpha30_seed1/t100000/kds_sampling/kd_tree/sampling --results_file=results/exp2_d2/A_alpha/rectgen_d2_N1000000_alpha30_seed1/t100000/kds_sampling/kd_tree/sampling/run.csv --write_samples=0 --verify=0 --enum_cap=0 --budget=10000000 --w_small=1024 --prefetch=1"
	User time (seconds): 11.88
	System time (seconds): 0.07
	Percent of CPU this job got: 99%
	Elapsed (wall clock) time (h:mm:ss or m:ss): 0:11.96
	Average shared text size (kbytes): 0
	Average unshared data size (kbytes): 0
	Average stack size (kbytes): 0
	Average total size (kbytes): 0
	Maximum resident set size (kbytes): 163844
	Average resident set size (kbytes): 0
	Major (requiring I/O) page faults: 0
	Minor (reclaiming a frame) page faults: 72382
	Voluntary context switches: 3
	Involuntary context switches: 1211
	Swaps: 0
	File system inputs: 0
	File system outputs: 24
	Socket messages sent: 0
	Socket messages received: 0
	Signals delivered: 0
	Page size (bytes): 4096
	Exit status: 0
