2026-02-21 19:32:24.753 [INFO] Loaded dataset: rectgen_d2_N1000000_alpha200_seed1 Dim= 2 R= 1000000 S= 1000000
2026-02-21 19:32:24.753 [INFO] Baseline: ours_highdims_enum+sampling method= ours variant= enum_sampling Dim= 2
2026-02-21 19:33:05.308 [INFO] Run ok (rep= 0 ) Dim= 2 wall_ms= 40554.2 count= 4.03242e+08 (exact) samples= 300000
2026-02-21 19:33:47.118 [INFO] Run ok (rep= 1 ) Dim= 2 wall_ms= 41809.9 count= 4.03242e+08 (exact) samples= 300000
2026-02-21 19:34:29.109 [INFO] Run ok (rep= 2 ) Dim= 2 wall_ms= 41990.9 count= 4.03242e+08 (exact) samples= 300000
2026-02-21 19:35:11.002 [INFO] Run ok (rep= 3 ) Dim= 2 wall_ms= 41893 count= 4.03242e+08 (exact) samples= 300000
2026-02-21 19:35:52.512 [INFO] Run ok (rep= 4 ) Dim= 2 wall_ms= 41509.8 count= 4.03242e+08 (exact) samples= 300000
2026-02-21 19:35:52.512 [INFO] Wall-time summary (ms) [all]: {"n":5,"mean":41551.6,"stdev":585.821,"sem":261.987,"min":40554.2,"max":41990.9,"median":41809.9,"p90":41951.7,"p95":41971.3,"p99":41987}
2026-02-21 19:35:52.512 [INFO] Wall-time summary (ms) [ok-only]: {"n":5,"mean":41551.6,"stdev":585.821,"sem":261.987,"min":40554.2,"max":41990.9,"median":41809.9,"p90":41951.7,"p95":41971.3,"p99":41987} ok_rate= 1
2026-02-21 19:35:52.512 [INFO] Wrote results to: results/exp2_d2/C_t/rectgen_d2_N1000000_alpha200_seed1/t300000/sjs_enum/ours/enum_sampling/run.csv
	Command being timed: "timeout -k 30s 7200s /home/dhy/PhD/SJS/build/release/sjs_run --dataset_source=binary --dataset=rectgen_d2_N1000000_alpha200_seed1 --dim=2 --path_r=data/synthetic/exp2_d2/rectgen_d2_N1000000_alpha200_seed1/R.bin --path_s=data/synthetic/exp2_d2/rectgen_d2_N1000000_alpha200_seed1/S.bin --method=ours --variant=enum_sampling --t=300000 --seed=1 --repeats=5 --threads=1 --out_dir=results/exp2_d2/C_t/rectgen_d2_N1000000_alpha200_seed1/t300000/sjs_enum/ours/enum_sampling --results_file=results/exp2_d2/C_t/rectgen_d2_N1000000_alpha200_seed1/t300000/sjs_enum/ours/enum_sampling/run.csv --write_samples=0 --verify=0 --enum_cap=0 --budget=10000000 --w_small=1024 --prefetch=1"
	User time (seconds): 208.75
	System time (seconds): 2.37
	Percent of CPU this job got: 99%
	Elapsed (wall clock) time (h:mm:ss or m:ss): 3:31.23
	Average shared text size (kbytes): 0
	Average unshared data size (kbytes): 0
	Average stack size (kbytes): 0
	Average total size (kbytes): 0
	Maximum resident set size (kbytes): 5409936
	Average resident set size (kbytes): 0
	Major (requiring I/O) page faults: 0
	Minor (reclaiming a frame) page faults: 2333076
	Voluntary context switches: 3
	Involuntary context switches: 22124
	Swaps: 0
	File system inputs: 0
	File system outputs: 64
	Socket messages sent: 0
	Socket messages received: 0
	Signals delivered: 0
	Page size (bytes): 4096
	Exit status: 0
