2026-02-21 16:49:49.743 [INFO] Loaded dataset: rectgen_d2_N1000000_alpha0p1_seed1 Dim= 2 R= 1000000 S= 1000000
2026-02-21 16:49:49.743 [INFO] Baseline: range_tree_enum+sampling method= range_tree variant= enum_sampling Dim= 2
2026-02-21 16:50:05.421 [INFO] Run ok (rep= 0 ) Dim= 2 wall_ms= 15677.7 count= 199476 (exact) samples= 100000
2026-02-21 16:50:21.150 [INFO] Run ok (rep= 1 ) Dim= 2 wall_ms= 15729 count= 199476 (exact) samples= 100000
2026-02-21 16:50:36.860 [INFO] Run ok (rep= 2 ) Dim= 2 wall_ms= 15709.4 count= 199476 (exact) samples= 100000
2026-02-21 16:50:52.597 [INFO] Run ok (rep= 3 ) Dim= 2 wall_ms= 15737.2 count= 199476 (exact) samples= 100000
2026-02-21 16:51:08.317 [INFO] Run ok (rep= 4 ) Dim= 2 wall_ms= 15720.4 count= 199476 (exact) samples= 100000
2026-02-21 16:51:08.317 [INFO] Wall-time summary (ms) [all]: {"n":5,"mean":15714.7,"stdev":23.1148,"sem":10.3373,"min":15677.7,"max":15737.2,"median":15720.4,"p90":15733.9,"p95":15735.5,"p99":15736.8}
2026-02-21 16:51:08.317 [INFO] Wall-time summary (ms) [ok-only]: {"n":5,"mean":15714.7,"stdev":23.1148,"sem":10.3373,"min":15677.7,"max":15737.2,"median":15720.4,"p90":15733.9,"p95":15735.5,"p99":15736.8} ok_rate= 1
2026-02-21 16:51:08.317 [INFO] Wrote results to: results/exp2_d2/A_alpha/rectgen_d2_N1000000_alpha0p1_seed1/t100000/rt_enum/range_tree/enum_sampling/run.csv
	Command being timed: "timeout -k 30s 7200s /home/dhy/PhD/SJS/build/release/sjs_run --dataset_source=binary --dataset=rectgen_d2_N1000000_alpha0p1_seed1 --dim=2 --path_r=data/synthetic/exp2_d2/rectgen_d2_N1000000_alpha0p1_seed1/R.bin --path_s=data/synthetic/exp2_d2/rectgen_d2_N1000000_alpha0p1_seed1/S.bin --method=range_tree --variant=enum_sampling --t=100000 --seed=1 --repeats=5 --threads=1 --out_dir=results/exp2_d2/A_alpha/rectgen_d2_N1000000_alpha0p1_seed1/t100000/rt_enum/range_tree/enum_sampling --results_file=results/exp2_d2/A_alpha/rectgen_d2_N1000000_alpha0p1_seed1/t100000/rt_enum/range_tree/enum_sampling/run.csv --write_samples=0 --verify=0 --enum_cap=0 --budget=10000000 --w_small=1024 --prefetch=1"
	User time (seconds): 78.55
	System time (seconds): 0.19
	Percent of CPU this job got: 99%
	Elapsed (wall clock) time (h:mm:ss or m:ss): 1:18.78
	Average shared text size (kbytes): 0
	Average unshared data size (kbytes): 0
	Average stack size (kbytes): 0
	Average total size (kbytes): 0
	Maximum resident set size (kbytes): 658464
	Average resident set size (kbytes): 0
	Major (requiring I/O) page faults: 0
	Minor (reclaiming a frame) page faults: 214457
	Voluntary context switches: 3
	Involuntary context switches: 8170
	Swaps: 0
	File system inputs: 0
	File system outputs: 40
	Socket messages sent: 0
	Socket messages received: 0
	Signals delivered: 0
	Page size (bytes): 4096
	Exit status: 0
