2026-02-21 17:47:08.021 [INFO] Loaded dataset: rectgen_d2_N200000_alpha200_seed1 Dim= 2 R= 200000 S= 200000
2026-02-21 17:47:08.022 [INFO] Baseline: ours_highdims_enum+sampling method= ours variant= enum_sampling Dim= 2
2026-02-21 17:47:13.996 [INFO] Run ok (rep= 0 ) Dim= 2 wall_ms= 5974.47 count= 8.00296e+07 (exact) samples= 100000
2026-02-21 17:47:20.042 [INFO] Run ok (rep= 1 ) Dim= 2 wall_ms= 6046.14 count= 8.00296e+07 (exact) samples= 100000
2026-02-21 17:47:26.031 [INFO] Run ok (rep= 2 ) Dim= 2 wall_ms= 5988.18 count= 8.00296e+07 (exact) samples= 100000
2026-02-21 17:47:32.064 [INFO] Run ok (rep= 3 ) Dim= 2 wall_ms= 6033.08 count= 8.00296e+07 (exact) samples= 100000
2026-02-21 17:47:38.041 [INFO] Run ok (rep= 4 ) Dim= 2 wall_ms= 5977.52 count= 8.00296e+07 (exact) samples= 100000
2026-02-21 17:47:38.041 [INFO] Wall-time summary (ms) [all]: {"n":5,"mean":6003.88,"stdev":33.3352,"sem":14.908,"min":5974.47,"max":6046.14,"median":5988.18,"p90":6040.92,"p95":6043.53,"p99":6045.62}
2026-02-21 17:47:38.042 [INFO] Wall-time summary (ms) [ok-only]: {"n":5,"mean":6003.88,"stdev":33.3352,"sem":14.908,"min":5974.47,"max":6046.14,"median":5988.18,"p90":6040.92,"p95":6043.53,"p99":6045.62} ok_rate= 1
2026-02-21 17:47:38.042 [INFO] Wrote results to: results/exp2_d2/B_N/rectgen_d2_N200000_alpha200_seed1/t100000/sjs_enum/ours/enum_sampling/run.csv
	Command being timed: "timeout -k 30s 7200s /home/dhy/PhD/SJS/build/release/sjs_run --dataset_source=binary --dataset=rectgen_d2_N200000_alpha200_seed1 --dim=2 --path_r=data/synthetic/exp2_d2/rectgen_d2_N200000_alpha200_seed1/R.bin --path_s=data/synthetic/exp2_d2/rectgen_d2_N200000_alpha200_seed1/S.bin --method=ours --variant=enum_sampling --t=100000 --seed=1 --repeats=5 --threads=1 --out_dir=results/exp2_d2/B_N/rectgen_d2_N200000_alpha200_seed1/t100000/sjs_enum/ours/enum_sampling --results_file=results/exp2_d2/B_N/rectgen_d2_N200000_alpha200_seed1/t100000/sjs_enum/ours/enum_sampling/run.csv --write_samples=0 --verify=0 --enum_cap=0 --budget=10000000 --w_small=1024 --prefetch=1"
	User time (seconds): 30.10
	System time (seconds): 0.51
	Percent of CPU this job got: 99%
	Elapsed (wall clock) time (h:mm:ss or m:ss): 0:30.64
	Average shared text size (kbytes): 0
	Average unshared data size (kbytes): 0
	Average stack size (kbytes): 0
	Average total size (kbytes): 0
	Maximum resident set size (kbytes): 1331820
	Average resident set size (kbytes): 0
	Major (requiring I/O) page faults: 0
	Minor (reclaiming a frame) page faults: 507424
	Voluntary context switches: 3
	Involuntary context switches: 3246
	Swaps: 0
	File system inputs: 0
	File system outputs: 24
	Socket messages sent: 0
	Socket messages received: 0
	Signals delivered: 0
	Page size (bytes): 4096
	Exit status: 0
