2026-02-21 23:49:51.799 [INFO] Loaded dataset: rectgen_d2_N1000000_alpha200_seed1 Dim= 2 R= 1000000 S= 1000000
2026-02-21 23:49:51.799 [INFO] Baseline: range_tree_sampling method= range_tree variant= sampling Dim= 2
2026-02-21 23:51:10.752 [INFO] Run ok (rep= 0 ) Dim= 2 wall_ms= 78952.4 count= 4.03242e+08 (exact) samples= 1000000
2026-02-21 23:52:29.616 [INFO] Run ok (rep= 1 ) Dim= 2 wall_ms= 78864 count= 4.03242e+08 (exact) samples= 1000000
2026-02-21 23:53:49.097 [INFO] Run ok (rep= 2 ) Dim= 2 wall_ms= 79481.5 count= 4.03242e+08 (exact) samples= 1000000
2026-02-21 23:55:08.492 [INFO] Run ok (rep= 3 ) Dim= 2 wall_ms= 79394.8 count= 4.03242e+08 (exact) samples= 1000000
2026-02-21 23:56:27.427 [INFO] Run ok (rep= 4 ) Dim= 2 wall_ms= 78934.1 count= 4.03242e+08 (exact) samples= 1000000
2026-02-21 23:56:27.427 [INFO] Wall-time summary (ms) [all]: {"n":5,"mean":79125.4,"stdev":289.06,"sem":129.271,"min":78864,"max":79481.5,"median":78952.4,"p90":79446.8,"p95":79464.2,"p99":79478.1}
2026-02-21 23:56:27.427 [INFO] Wall-time summary (ms) [ok-only]: {"n":5,"mean":79125.4,"stdev":289.06,"sem":129.271,"min":78864,"max":79481.5,"median":78952.4,"p90":79446.8,"p95":79464.2,"p99":79478.1} ok_rate= 1
2026-02-21 23:56:27.427 [INFO] Wrote results to: results/exp2_d2/C_t/rectgen_d2_N1000000_alpha200_seed1/t1000000/rt_adaptive/range_tree/sampling/run.csv
	Command being timed: "timeout -k 30s 7200s /home/dhy/PhD/SJS/build/release/sjs_run --dataset_source=binary --dataset=rectgen_d2_N1000000_alpha200_seed1 --dim=2 --path_r=data/synthetic/exp2_d2/rectgen_d2_N1000000_alpha200_seed1/R.bin --path_s=data/synthetic/exp2_d2/rectgen_d2_N1000000_alpha200_seed1/S.bin --method=range_tree --variant=sampling --t=1000000 --seed=1 --repeats=5 --threads=1 --out_dir=results/exp2_d2/C_t/rectgen_d2_N1000000_alpha200_seed1/t1000000/rt_adaptive/range_tree/sampling --results_file=results/exp2_d2/C_t/rectgen_d2_N1000000_alpha200_seed1/t1000000/rt_adaptive/range_tree/sampling/run.csv --write_samples=0 --verify=0 --enum_cap=0 --budget=10000000 --w_small=1024 --prefetch=1"
	User time (seconds): 395.45
	System time (seconds): 0.25
	Percent of CPU this job got: 99%
	Elapsed (wall clock) time (h:mm:ss or m:ss): 6:35.85
	Average shared text size (kbytes): 0
	Average unshared data size (kbytes): 0
	Average stack size (kbytes): 0
	Average total size (kbytes): 0
	Maximum resident set size (kbytes): 755288
	Average resident set size (kbytes): 0
	Major (requiring I/O) page faults: 0
	Minor (reclaiming a frame) page faults: 254281
	Voluntary context switches: 3
	Involuntary context switches: 40910
	Swaps: 0
	File system inputs: 0
	File system outputs: 64
	Socket messages sent: 0
	Socket messages received: 0
	Signals delivered: 0
	Page size (bytes): 4096
	Exit status: 0
