2026-02-21 23:49:51.798 [INFO] Loaded dataset: rectgen_d2_N1000000_alpha200_seed1 Dim= 2 R= 1000000 S= 1000000
2026-02-21 23:49:51.798 [INFO] Baseline: kd_tree_sampling method= kd_tree variant= sampling Dim= 2
2026-02-21 23:49:59.711 [INFO] Run ok (rep= 0 ) Dim= 2 wall_ms= 7912.8 count= 4.03242e+08 (exact) samples= 300000
2026-02-21 23:50:07.604 [INFO] Run ok (rep= 1 ) Dim= 2 wall_ms= 7892.85 count= 4.03242e+08 (exact) samples= 300000
2026-02-21 23:50:15.496 [INFO] Run ok (rep= 2 ) Dim= 2 wall_ms= 7891.51 count= 4.03242e+08 (exact) samples= 300000
2026-02-21 23:50:23.386 [INFO] Run ok (rep= 3 ) Dim= 2 wall_ms= 7890.49 count= 4.03242e+08 (exact) samples= 300000
2026-02-21 23:50:31.277 [INFO] Run ok (rep= 4 ) Dim= 2 wall_ms= 7890.96 count= 4.03242e+08 (exact) samples= 300000
2026-02-21 23:50:31.278 [INFO] Wall-time summary (ms) [all]: {"n":5,"mean":7895.72,"stdev":9.58589,"sem":4.28694,"min":7890.49,"max":7912.8,"median":7891.51,"p90":7904.82,"p95":7908.81,"p99":7912}
2026-02-21 23:50:31.278 [INFO] Wall-time summary (ms) [ok-only]: {"n":5,"mean":7895.72,"stdev":9.58589,"sem":4.28694,"min":7890.49,"max":7912.8,"median":7891.51,"p90":7904.82,"p95":7908.81,"p99":7912} ok_rate= 1
2026-02-21 23:50:31.278 [INFO] Wrote results to: results/exp2_d2/C_t/rectgen_d2_N1000000_alpha200_seed1/t300000/kds_sampling/kd_tree/sampling/run.csv
	Command being timed: "timeout -k 30s 7200s /home/dhy/PhD/SJS/build/release/sjs_run --dataset_source=binary --dataset=rectgen_d2_N1000000_alpha200_seed1 --dim=2 --path_r=data/synthetic/exp2_d2/rectgen_d2_N1000000_alpha200_seed1/R.bin --path_s=data/synthetic/exp2_d2/rectgen_d2_N1000000_alpha200_seed1/S.bin --method=kd_tree --variant=sampling --t=300000 --seed=1 --repeats=5 --threads=1 --out_dir=results/exp2_d2/C_t/rectgen_d2_N1000000_alpha200_seed1/t300000/kds_sampling/kd_tree/sampling --results_file=results/exp2_d2/C_t/rectgen_d2_N1000000_alpha200_seed1/t300000/kds_sampling/kd_tree/sampling/run.csv --write_samples=0 --verify=0 --enum_cap=0 --budget=10000000 --w_small=1024 --prefetch=1"
	User time (seconds): 39.53
	System time (seconds): 0.08
	Percent of CPU this job got: 99%
	Elapsed (wall clock) time (h:mm:ss or m:ss): 0:39.64
	Average shared text size (kbytes): 0
	Average unshared data size (kbytes): 0
	Average stack size (kbytes): 0
	Average total size (kbytes): 0
	Maximum resident set size (kbytes): 165484
	Average resident set size (kbytes): 0
	Major (requiring I/O) page faults: 0
	Minor (reclaiming a frame) page faults: 73366
	Voluntary context switches: 2
	Involuntary context switches: 4070
	Swaps: 0
	File system inputs: 0
	File system outputs: 32
	Socket messages sent: 0
	Socket messages received: 0
	Signals delivered: 0
	Page size (bytes): 4096
	Exit status: 0
