2026-02-21 21:24:33.445 [INFO] Loaded dataset: rectgen_d2_N1000000_alpha200_seed1 Dim= 2 R= 1000000 S= 1000000
2026-02-21 21:24:33.445 [INFO] Baseline: ours_highdims_enum+sampling method= ours variant= enum_sampling Dim= 2
2026-02-21 21:25:21.461 [INFO] Run ok (rep= 0 ) Dim= 2 wall_ms= 48016.6 count= 4.03242e+08 (exact) samples= 300000000
2026-02-21 21:26:10.995 [INFO] Run ok (rep= 1 ) Dim= 2 wall_ms= 49499.5 count= 4.03242e+08 (exact) samples= 300000000
2026-02-21 21:27:00.234 [INFO] Run ok (rep= 2 ) Dim= 2 wall_ms= 49204.3 count= 4.03242e+08 (exact) samples= 300000000
2026-02-21 21:27:49.452 [INFO] Run ok (rep= 3 ) Dim= 2 wall_ms= 49184.7 count= 4.03242e+08 (exact) samples= 300000000
2026-02-21 21:28:38.691 [INFO] Run ok (rep= 4 ) Dim= 2 wall_ms= 49204.2 count= 4.03242e+08 (exact) samples= 300000000
2026-02-21 21:28:38.724 [INFO] Wall-time summary (ms) [all]: {"n":5,"mean":49021.9,"stdev":577.025,"sem":258.053,"min":48016.6,"max":49499.5,"median":49204.2,"p90":49381.4,"p95":49440.5,"p99":49487.7}
2026-02-21 21:28:38.724 [INFO] Wall-time summary (ms) [ok-only]: {"n":5,"mean":49021.9,"stdev":577.025,"sem":258.053,"min":48016.6,"max":49499.5,"median":49204.2,"p90":49381.4,"p95":49440.5,"p99":49487.7} ok_rate= 1
2026-02-21 21:28:38.724 [INFO] Wrote results to: results/exp2_d2/C_t/rectgen_d2_N1000000_alpha200_seed1/t300000000/sjs_enum/ours/enum_sampling/run.csv
	Command being timed: "timeout -k 30s 7200s /home/dhy/PhD/SJS/build/release/sjs_run --dataset_source=binary --dataset=rectgen_d2_N1000000_alpha200_seed1 --dim=2 --path_r=data/synthetic/exp2_d2/rectgen_d2_N1000000_alpha200_seed1/R.bin --path_s=data/synthetic/exp2_d2/rectgen_d2_N1000000_alpha200_seed1/S.bin --method=ours --variant=enum_sampling --t=300000000 --seed=1 --repeats=5 --threads=1 --out_dir=results/exp2_d2/C_t/rectgen_d2_N1000000_alpha200_seed1/t300000000/sjs_enum/ours/enum_sampling --results_file=results/exp2_d2/C_t/rectgen_d2_N1000000_alpha200_seed1/t300000000/sjs_enum/ours/enum_sampling/run.csv --write_samples=0 --verify=0 --enum_cap=0 --budget=10000000 --w_small=1024 --prefetch=1"
	User time (seconds): 244.50
	System time (seconds): 4.13
	Percent of CPU this job got: 99%
	Elapsed (wall clock) time (h:mm:ss or m:ss): 4:08.75
	Average shared text size (kbytes): 0
	Average unshared data size (kbytes): 0
	Average stack size (kbytes): 0
	Average total size (kbytes): 0
	Maximum resident set size (kbytes): 6931120
	Average resident set size (kbytes): 0
	Major (requiring I/O) page faults: 0
	Minor (reclaiming a frame) page faults: 5197994
	Voluntary context switches: 3
	Involuntary context switches: 26088
	Swaps: 0
	File system inputs: 0
	File system outputs: 64
	Socket messages sent: 0
	Socket messages received: 0
	Signals delivered: 0
	Page size (bytes): 4096
	Exit status: 0
