2026-02-21 22:25:04.279 [INFO] Loaded dataset: rectgen_d2_N1000000_alpha3_seed1 Dim= 2 R= 1000000 S= 1000000
2026-02-21 22:25:04.279 [INFO] Baseline: kd_tree_sampling method= kd_tree variant= sampling Dim= 2
2026-02-21 22:25:05.477 [INFO] Run ok (rep= 0 ) Dim= 2 wall_ms= 1198.42 count= 6.03379e+06 (exact) samples= 100000
2026-02-21 22:25:06.663 [INFO] Run ok (rep= 1 ) Dim= 2 wall_ms= 1185.44 count= 6.03379e+06 (exact) samples= 100000
2026-02-21 22:25:07.849 [INFO] Run ok (rep= 2 ) Dim= 2 wall_ms= 1185.83 count= 6.03379e+06 (exact) samples= 100000
2026-02-21 22:25:09.035 [INFO] Run ok (rep= 3 ) Dim= 2 wall_ms= 1186.39 count= 6.03379e+06 (exact) samples= 100000
2026-02-21 22:25:10.221 [INFO] Run ok (rep= 4 ) Dim= 2 wall_ms= 1185.8 count= 6.03379e+06 (exact) samples= 100000
2026-02-21 22:25:10.221 [INFO] Wall-time summary (ms) [all]: {"n":5,"mean":1188.37,"stdev":5.62563,"sem":2.51586,"min":1185.44,"max":1198.42,"median":1185.83,"p90":1193.61,"p95":1196.01,"p99":1197.94}
2026-02-21 22:25:10.221 [INFO] Wall-time summary (ms) [ok-only]: {"n":5,"mean":1188.37,"stdev":5.62563,"sem":2.51586,"min":1185.44,"max":1198.42,"median":1185.83,"p90":1193.61,"p95":1196.01,"p99":1197.94} ok_rate= 1
2026-02-21 22:25:10.221 [INFO] Wrote results to: results/exp2_d2/A_alpha/rectgen_d2_N1000000_alpha3_seed1/t100000/kds_sampling/kd_tree/sampling/run.csv
	Command being timed: "timeout -k 30s 7200s /home/dhy/PhD/SJS/build/release/sjs_run --dataset_source=binary --dataset=rectgen_d2_N1000000_alpha3_seed1 --dim=2 --path_r=data/synthetic/exp2_d2/rectgen_d2_N1000000_alpha3_seed1/R.bin --path_s=data/synthetic/exp2_d2/rectgen_d2_N1000000_alpha3_seed1/S.bin --method=kd_tree --variant=sampling --t=100000 --seed=1 --repeats=5 --threads=1 --out_dir=results/exp2_d2/A_alpha/rectgen_d2_N1000000_alpha3_seed1/t100000/kds_sampling/kd_tree/sampling --results_file=results/exp2_d2/A_alpha/rectgen_d2_N1000000_alpha3_seed1/t100000/kds_sampling/kd_tree/sampling/run.csv --write_samples=0 --verify=0 --enum_cap=0 --budget=10000000 --w_small=1024 --prefetch=1"
	User time (seconds): 6.04
	System time (seconds): 0.05
	Percent of CPU this job got: 99%
	Elapsed (wall clock) time (h:mm:ss or m:ss): 0:06.10
	Average shared text size (kbytes): 0
	Average unshared data size (kbytes): 0
	Average stack size (kbytes): 0
	Average total size (kbytes): 0
	Maximum resident set size (kbytes): 163988
	Average resident set size (kbytes): 0
	Major (requiring I/O) page faults: 0
	Minor (reclaiming a frame) page faults: 72383
	Voluntary context switches: 3
	Involuntary context switches: 613
	Swaps: 0
	File system inputs: 0
	File system outputs: 24
	Socket messages sent: 0
	Socket messages received: 0
	Signals delivered: 0
	Page size (bytes): 4096
	Exit status: 0
