2026-02-21 22:44:50.160 [INFO] Loaded dataset: rectgen_d2_N500000_alpha200_seed1 Dim= 2 R= 500000 S= 500000
2026-02-21 22:44:50.160 [INFO] Baseline: range_tree_sampling method= range_tree variant= sampling Dim= 2
2026-02-21 22:45:19.014 [INFO] Run ok (rep= 0 ) Dim= 2 wall_ms= 28853.7 count= 1.98605e+08 (exact) samples= 100000
2026-02-21 22:45:47.944 [INFO] Run ok (rep= 1 ) Dim= 2 wall_ms= 28930.7 count= 1.98605e+08 (exact) samples= 100000
2026-02-21 22:46:16.620 [INFO] Run ok (rep= 2 ) Dim= 2 wall_ms= 28675.1 count= 1.98605e+08 (exact) samples= 100000
2026-02-21 22:46:45.304 [INFO] Run ok (rep= 3 ) Dim= 2 wall_ms= 28684.7 count= 1.98605e+08 (exact) samples= 100000
2026-02-21 22:47:14.540 [INFO] Run ok (rep= 4 ) Dim= 2 wall_ms= 29235.7 count= 1.98605e+08 (exact) samples= 100000
2026-02-21 22:47:14.540 [INFO] Wall-time summary (ms) [all]: {"n":5,"mean":28876,"stdev":229.028,"sem":102.425,"min":28675.1,"max":29235.7,"median":28853.7,"p90":29113.7,"p95":29174.7,"p99":29223.5}
2026-02-21 22:47:14.540 [INFO] Wall-time summary (ms) [ok-only]: {"n":5,"mean":28876,"stdev":229.028,"sem":102.425,"min":28675.1,"max":29235.7,"median":28853.7,"p90":29113.7,"p95":29174.7,"p99":29223.5} ok_rate= 1
2026-02-21 22:47:14.540 [INFO] Wrote results to: results/exp2_d2/B_N/rectgen_d2_N500000_alpha200_seed1/t100000/rt_adaptive/range_tree/sampling/run.csv
	Command being timed: "timeout -k 30s 7200s /home/dhy/PhD/SJS/build/release/sjs_run --dataset_source=binary --dataset=rectgen_d2_N500000_alpha200_seed1 --dim=2 --path_r=data/synthetic/exp2_d2/rectgen_d2_N500000_alpha200_seed1/R.bin --path_s=data/synthetic/exp2_d2/rectgen_d2_N500000_alpha200_seed1/S.bin --method=range_tree --variant=sampling --t=100000 --seed=1 --repeats=5 --threads=1 --out_dir=results/exp2_d2/B_N/rectgen_d2_N500000_alpha200_seed1/t100000/rt_adaptive/range_tree/sampling --results_file=results/exp2_d2/B_N/rectgen_d2_N500000_alpha200_seed1/t100000/rt_adaptive/range_tree/sampling/run.csv --write_samples=0 --verify=0 --enum_cap=0 --budget=10000000 --w_small=1024 --prefetch=1"
	User time (seconds): 144.32
	System time (seconds): 0.11
	Percent of CPU this job got: 99%
	Elapsed (wall clock) time (h:mm:ss or m:ss): 2:24.49
	Average shared text size (kbytes): 0
	Average unshared data size (kbytes): 0
	Average stack size (kbytes): 0
	Average total size (kbytes): 0
	Maximum resident set size (kbytes): 336500
	Average resident set size (kbytes): 0
	Major (requiring I/O) page faults: 0
	Minor (reclaiming a frame) page faults: 122462
	Voluntary context switches: 3
	Involuntary context switches: 14144
	Swaps: 0
	File system inputs: 0
	File system outputs: 40
	Socket messages sent: 0
	Socket messages received: 0
	Signals delivered: 0
	Page size (bytes): 4096
	Exit status: 0
