2026-02-21 22:19:08.145 [INFO] Loaded dataset: rectgen_d2_N1000000_alpha0p1_seed1 Dim= 2 R= 1000000 S= 1000000
2026-02-21 22:19:08.145 [INFO] Baseline: range_tree_sampling method= range_tree variant= sampling Dim= 2
2026-02-21 22:19:34.152 [INFO] Run ok (rep= 0 ) Dim= 2 wall_ms= 26007.2 count= 199476 (exact) samples= 100000
2026-02-21 22:20:00.929 [INFO] Run ok (rep= 1 ) Dim= 2 wall_ms= 26777.2 count= 199476 (exact) samples= 100000
2026-02-21 22:20:27.046 [INFO] Run ok (rep= 2 ) Dim= 2 wall_ms= 26115.9 count= 199476 (exact) samples= 100000
2026-02-21 22:20:53.281 [INFO] Run ok (rep= 3 ) Dim= 2 wall_ms= 26234.8 count= 199476 (exact) samples= 100000
2026-02-21 22:21:19.557 [INFO] Run ok (rep= 4 ) Dim= 2 wall_ms= 26276.5 count= 199476 (exact) samples= 100000
2026-02-21 22:21:19.557 [INFO] Wall-time summary (ms) [all]: {"n":5,"mean":26282.3,"stdev":296.044,"sem":132.395,"min":26007.2,"max":26777.2,"median":26234.8,"p90":26576.9,"p95":26677.1,"p99":26757.2}
2026-02-21 22:21:19.557 [INFO] Wall-time summary (ms) [ok-only]: {"n":5,"mean":26282.3,"stdev":296.044,"sem":132.395,"min":26007.2,"max":26777.2,"median":26234.8,"p90":26576.9,"p95":26677.1,"p99":26757.2} ok_rate= 1
2026-02-21 22:21:19.557 [INFO] Wrote results to: results/exp2_d2/A_alpha/rectgen_d2_N1000000_alpha0p1_seed1/t100000/rt_adaptive/range_tree/sampling/run.csv
	Command being timed: "timeout -k 30s 7200s /home/dhy/PhD/SJS/build/release/sjs_run --dataset_source=binary --dataset=rectgen_d2_N1000000_alpha0p1_seed1 --dim=2 --path_r=data/synthetic/exp2_d2/rectgen_d2_N1000000_alpha0p1_seed1/R.bin --path_s=data/synthetic/exp2_d2/rectgen_d2_N1000000_alpha0p1_seed1/S.bin --method=range_tree --variant=sampling --t=100000 --seed=1 --repeats=5 --threads=1 --out_dir=results/exp2_d2/A_alpha/rectgen_d2_N1000000_alpha0p1_seed1/t100000/rt_adaptive/range_tree/sampling --results_file=results/exp2_d2/A_alpha/rectgen_d2_N1000000_alpha0p1_seed1/t100000/rt_adaptive/range_tree/sampling/run.csv --write_samples=0 --verify=0 --enum_cap=0 --budget=10000000 --w_small=1024 --prefetch=1"
	User time (seconds): 130.99
	System time (seconds): 0.60
	Percent of CPU this job got: 99%
	Elapsed (wall clock) time (h:mm:ss or m:ss): 2:11.64
	Average shared text size (kbytes): 0
	Average unshared data size (kbytes): 0
	Average stack size (kbytes): 0
	Average total size (kbytes): 0
	Maximum resident set size (kbytes): 578896
	Average resident set size (kbytes): 0
	Major (requiring I/O) page faults: 0
	Minor (reclaiming a frame) page faults: 361250
	Voluntary context switches: 3
	Involuntary context switches: 13339
	Swaps: 0
	File system inputs: 0
	File system outputs: 40
	Socket messages sent: 0
	Socket messages received: 0
	Signals delivered: 0
	Page size (bytes): 4096
	Exit status: 0
