2026-02-21 22:44:37.632 [INFO] Loaded dataset: rectgen_d2_N200000_alpha200_seed1 Dim= 2 R= 200000 S= 200000
2026-02-21 22:44:37.632 [INFO] Baseline: ours_highdims_sampling method= ours variant= sampling Dim= 2
2026-02-21 22:44:44.430 [INFO] Run ok (rep= 0 ) Dim= 2 wall_ms= 6798.46 count= 8.00296e+07 (exact) samples= 100000
2026-02-21 22:44:52.145 [INFO] Run ok (rep= 1 ) Dim= 2 wall_ms= 7714.85 count= 8.00296e+07 (exact) samples= 100000
2026-02-21 22:44:59.604 [INFO] Run ok (rep= 2 ) Dim= 2 wall_ms= 7458.14 count= 8.00296e+07 (exact) samples= 100000
2026-02-21 22:45:06.888 [INFO] Run ok (rep= 3 ) Dim= 2 wall_ms= 7283.88 count= 8.00296e+07 (exact) samples= 100000
2026-02-21 22:45:14.175 [INFO] Run ok (rep= 4 ) Dim= 2 wall_ms= 7287.26 count= 8.00296e+07 (exact) samples= 100000
2026-02-21 22:45:14.175 [INFO] Wall-time summary (ms) [all]: {"n":5,"mean":7308.52,"stdev":334.93,"sem":149.785,"min":6798.46,"max":7714.85,"median":7287.26,"p90":7612.17,"p95":7663.51,"p99":7704.58}
2026-02-21 22:45:14.175 [INFO] Wall-time summary (ms) [ok-only]: {"n":5,"mean":7308.52,"stdev":334.93,"sem":149.785,"min":6798.46,"max":7714.85,"median":7287.26,"p90":7612.17,"p95":7663.51,"p99":7704.58} ok_rate= 1
2026-02-21 22:45:14.175 [INFO] Wrote results to: results/exp2_d2/B_N/rectgen_d2_N200000_alpha200_seed1/t100000/sjs_adaptive/ours/sampling/run.csv
	Command being timed: "timeout -k 30s 7200s /home/dhy/PhD/SJS/build/release/sjs_run --dataset_source=binary --dataset=rectgen_d2_N200000_alpha200_seed1 --dim=2 --path_r=data/synthetic/exp2_d2/rectgen_d2_N200000_alpha200_seed1/R.bin --path_s=data/synthetic/exp2_d2/rectgen_d2_N200000_alpha200_seed1/S.bin --method=ours --variant=sampling --t=100000 --seed=1 --repeats=5 --threads=1 --out_dir=results/exp2_d2/B_N/rectgen_d2_N200000_alpha200_seed1/t100000/sjs_adaptive/ours/sampling --results_file=results/exp2_d2/B_N/rectgen_d2_N200000_alpha200_seed1/t100000/sjs_adaptive/ours/sampling/run.csv --write_samples=0 --verify=0 --enum_cap=0 --budget=10000000 --w_small=1024 --prefetch=1"
	User time (seconds): 36.79
	System time (seconds): 0.34
	Percent of CPU this job got: 99%
	Elapsed (wall clock) time (h:mm:ss or m:ss): 0:37.15
	Average shared text size (kbytes): 0
	Average unshared data size (kbytes): 0
	Average stack size (kbytes): 0
	Average total size (kbytes): 0
	Maximum resident set size (kbytes): 326808
	Average resident set size (kbytes): 0
	Major (requiring I/O) page faults: 0
	Minor (reclaiming a frame) page faults: 181777
	Voluntary context switches: 3
	Involuntary context switches: 3701
	Swaps: 0
	File system inputs: 0
	File system outputs: 32
	Socket messages sent: 0
	Socket messages received: 0
	Signals delivered: 0
	Page size (bytes): 4096
	Exit status: 0
