2026-02-21 20:33:24.386 [INFO] Loaded dataset: rectgen_d2_N1000000_alpha200_seed1 Dim= 2 R= 1000000 S= 1000000
2026-02-21 20:33:24.386 [INFO] Baseline: range_tree_adaptive method= range_tree variant= adaptive Dim= 2
2026-02-21 20:35:00.171 [INFO] Run ok (rep= 0 ) Dim= 2 wall_ms= 95784.8 count= 4.03242e+08 (exact) samples= 30000000
2026-02-21 20:36:35.936 [INFO] Run ok (rep= 1 ) Dim= 2 wall_ms= 95761.1 count= 4.03242e+08 (exact) samples= 30000000
2026-02-21 20:38:10.507 [INFO] Run ok (rep= 2 ) Dim= 2 wall_ms= 94566.5 count= 4.03242e+08 (exact) samples= 30000000
2026-02-21 20:39:45.130 [INFO] Run ok (rep= 3 ) Dim= 2 wall_ms= 94617.8 count= 4.03242e+08 (exact) samples= 30000000
2026-02-21 20:41:20.464 [INFO] Run ok (rep= 4 ) Dim= 2 wall_ms= 95329.8 count= 4.03242e+08 (exact) samples= 30000000
2026-02-21 20:41:20.468 [INFO] Wall-time summary (ms) [all]: {"n":5,"mean":95212,"stdev":594.4,"sem":265.824,"min":94566.5,"max":95784.8,"median":95329.8,"p90":95775.3,"p95":95780.1,"p99":95783.9}
2026-02-21 20:41:20.468 [INFO] Wall-time summary (ms) [ok-only]: {"n":5,"mean":95212,"stdev":594.4,"sem":265.824,"min":94566.5,"max":95784.8,"median":95329.8,"p90":95775.3,"p95":95780.1,"p99":95783.9} ok_rate= 1
2026-02-21 20:41:20.468 [INFO] Wrote results to: results/exp2_d2/C_t/rectgen_d2_N1000000_alpha200_seed1/t30000000/rt_sampling/range_tree/adaptive/run.csv
	Command being timed: "timeout -k 30s 7200s /home/dhy/PhD/SJS/build/release/sjs_run --dataset_source=binary --dataset=rectgen_d2_N1000000_alpha200_seed1 --dim=2 --path_r=data/synthetic/exp2_d2/rectgen_d2_N1000000_alpha200_seed1/R.bin --path_s=data/synthetic/exp2_d2/rectgen_d2_N1000000_alpha200_seed1/S.bin --method=range_tree --variant=adaptive --t=30000000 --seed=1 --repeats=5 --threads=1 --out_dir=results/exp2_d2/C_t/rectgen_d2_N1000000_alpha200_seed1/t30000000/rt_sampling/range_tree/adaptive --results_file=results/exp2_d2/C_t/rectgen_d2_N1000000_alpha200_seed1/t30000000/rt_sampling/range_tree/adaptive/run.csv --write_samples=0 --verify=0 --enum_cap=0 --budget=10000000 --w_small=1024 --prefetch=1"
	User time (seconds): 472.53
	System time (seconds): 3.60
	Percent of CPU this job got: 99%
	Elapsed (wall clock) time (h:mm:ss or m:ss): 7:56.32
	Average shared text size (kbytes): 0
	Average unshared data size (kbytes): 0
	Average stack size (kbytes): 0
	Average total size (kbytes): 0
	Maximum resident set size (kbytes): 1385732
	Average resident set size (kbytes): 0
	Major (requiring I/O) page faults: 0
	Minor (reclaiming a frame) page faults: 866860
	Voluntary context switches: 3
	Involuntary context switches: 49978
	Swaps: 0
	File system inputs: 0
	File system outputs: 64
	Socket messages sent: 0
	Socket messages received: 0
	Signals delivered: 0
	Page size (bytes): 4096
	Exit status: 0
