2026-02-21 22:33:19.642 [INFO] Loaded dataset: rectgen_d2_N1000000_alpha300_seed1 Dim= 2 R= 1000000 S= 1000000
2026-02-21 22:33:19.642 [INFO] Baseline: kd_tree_sampling method= kd_tree variant= sampling Dim= 2
2026-02-21 22:33:28.145 [INFO] Run ok (rep= 0 ) Dim= 2 wall_ms= 8503 count= 6.05877e+08 (exact) samples= 100000
2026-02-21 22:33:36.641 [INFO] Run ok (rep= 1 ) Dim= 2 wall_ms= 8495.55 count= 6.05877e+08 (exact) samples= 100000
2026-02-21 22:33:45.137 [INFO] Run ok (rep= 2 ) Dim= 2 wall_ms= 8496.16 count= 6.05877e+08 (exact) samples= 100000
2026-02-21 22:33:53.643 [INFO] Run ok (rep= 3 ) Dim= 2 wall_ms= 8506.32 count= 6.05877e+08 (exact) samples= 100000
2026-02-21 22:34:02.134 [INFO] Run ok (rep= 4 ) Dim= 2 wall_ms= 8490.84 count= 6.05877e+08 (exact) samples= 100000
2026-02-21 22:34:02.134 [INFO] Wall-time summary (ms) [all]: {"n":5,"mean":8498.37,"stdev":6.2079,"sem":2.77626,"min":8490.84,"max":8506.32,"median":8496.16,"p90":8504.99,"p95":8505.65,"p99":8506.19}
2026-02-21 22:34:02.134 [INFO] Wall-time summary (ms) [ok-only]: {"n":5,"mean":8498.37,"stdev":6.2079,"sem":2.77626,"min":8490.84,"max":8506.32,"median":8496.16,"p90":8504.99,"p95":8505.65,"p99":8506.19} ok_rate= 1
2026-02-21 22:34:02.134 [INFO] Wrote results to: results/exp2_d2/A_alpha/rectgen_d2_N1000000_alpha300_seed1/t100000/kds_sampling/kd_tree/sampling/run.csv
	Command being timed: "timeout -k 30s 7200s /home/dhy/PhD/SJS/build/release/sjs_run --dataset_source=binary --dataset=rectgen_d2_N1000000_alpha300_seed1 --dim=2 --path_r=data/synthetic/exp2_d2/rectgen_d2_N1000000_alpha300_seed1/R.bin --path_s=data/synthetic/exp2_d2/rectgen_d2_N1000000_alpha300_seed1/S.bin --method=kd_tree --variant=sampling --t=100000 --seed=1 --repeats=5 --threads=1 --out_dir=results/exp2_d2/A_alpha/rectgen_d2_N1000000_alpha300_seed1/t100000/kds_sampling/kd_tree/sampling --results_file=results/exp2_d2/A_alpha/rectgen_d2_N1000000_alpha300_seed1/t100000/kds_sampling/kd_tree/sampling/run.csv --write_samples=0 --verify=0 --enum_cap=0 --budget=10000000 --w_small=1024 --prefetch=1"
	User time (seconds): 42.51
	System time (seconds): 0.09
	Percent of CPU this job got: 99%
	Elapsed (wall clock) time (h:mm:ss or m:ss): 0:42.64
	Average shared text size (kbytes): 0
	Average unshared data size (kbytes): 0
	Average stack size (kbytes): 0
	Average total size (kbytes): 0
	Maximum resident set size (kbytes): 163788
	Average resident set size (kbytes): 0
	Major (requiring I/O) page faults: 0
	Minor (reclaiming a frame) page faults: 72384
	Voluntary context switches: 3
	Involuntary context switches: 4308
	Swaps: 0
	File system inputs: 0
	File system outputs: 32
	Socket messages sent: 0
	Socket messages received: 0
	Signals delivered: 0
	Page size (bytes): 4096
	Exit status: 0
