2026-02-21 22:49:52.041 [INFO] Loaded dataset: rectgen_d2_N2000000_alpha200_seed1 Dim= 2 R= 2000000 S= 2000000
2026-02-21 22:49:52.041 [INFO] Baseline: range_tree_adaptive method= range_tree variant= adaptive Dim= 2
2026-02-21 22:53:04.761 [INFO] Run ok (rep= 0 ) Dim= 2 wall_ms= 192720 count= 8.04064e+08 (exact) samples= 100000
2026-02-21 22:56:12.658 [INFO] Run ok (rep= 1 ) Dim= 2 wall_ms= 187897 count= 8.04064e+08 (exact) samples= 100000
2026-02-21 22:59:19.328 [INFO] Run ok (rep= 2 ) Dim= 2 wall_ms= 186670 count= 8.04064e+08 (exact) samples= 100000
2026-02-21 23:02:25.705 [INFO] Run ok (rep= 3 ) Dim= 2 wall_ms= 186377 count= 8.04064e+08 (exact) samples= 100000
2026-02-21 23:05:32.310 [INFO] Run ok (rep= 4 ) Dim= 2 wall_ms= 186605 count= 8.04064e+08 (exact) samples= 100000
2026-02-21 23:05:32.310 [INFO] Wall-time summary (ms) [all]: {"n":5,"mean":188054,"stdev":2674.98,"sem":1196.29,"min":186377,"max":192720,"median":186670,"p90":190791,"p95":191755,"p99":192527}
2026-02-21 23:05:32.310 [INFO] Wall-time summary (ms) [ok-only]: {"n":5,"mean":188054,"stdev":2674.98,"sem":1196.29,"min":186377,"max":192720,"median":186670,"p90":190791,"p95":191755,"p99":192527} ok_rate= 1
2026-02-21 23:05:32.310 [INFO] Wrote results to: results/exp2_d2/B_N/rectgen_d2_N2000000_alpha200_seed1/t100000/rt_sampling/range_tree/adaptive/run.csv
	Command being timed: "timeout -k 30s 7200s /home/dhy/PhD/SJS/build/release/sjs_run --dataset_source=binary --dataset=rectgen_d2_N2000000_alpha200_seed1 --dim=2 --path_r=data/synthetic/exp2_d2/rectgen_d2_N2000000_alpha200_seed1/R.bin --path_s=data/synthetic/exp2_d2/rectgen_d2_N2000000_alpha200_seed1/S.bin --method=range_tree --variant=adaptive --t=100000 --seed=1 --repeats=5 --threads=1 --out_dir=results/exp2_d2/B_N/rectgen_d2_N2000000_alpha200_seed1/t100000/rt_sampling/range_tree/adaptive --results_file=results/exp2_d2/B_N/rectgen_d2_N2000000_alpha200_seed1/t100000/rt_sampling/range_tree/adaptive/run.csv --write_samples=0 --verify=0 --enum_cap=0 --budget=10000000 --w_small=1024 --prefetch=1"
	User time (seconds): 934.00
	System time (seconds): 6.34
	Percent of CPU this job got: 99%
	Elapsed (wall clock) time (h:mm:ss or m:ss): 15:40.71
	Average shared text size (kbytes): 0
	Average unshared data size (kbytes): 0
	Average stack size (kbytes): 0
	Average total size (kbytes): 0
	Maximum resident set size (kbytes): 1528504
	Average resident set size (kbytes): 0
	Major (requiring I/O) page faults: 0
	Minor (reclaiming a frame) page faults: 661236
	Voluntary context switches: 3
	Involuntary context switches: 93197
	Swaps: 0
	File system inputs: 0
	File system outputs: 64
	Socket messages sent: 0
	Socket messages received: 0
	Signals delivered: 0
	Page size (bytes): 4096
	Exit status: 0
