2026-02-21 17:16:04.207 [INFO] Loaded dataset: rectgen_d2_N1000000_alpha100_seed1 Dim= 2 R= 1000000 S= 1000000
2026-02-21 17:16:04.207 [INFO] Baseline: range_tree_enum+sampling method= range_tree variant= enum_sampling Dim= 2
2026-02-21 17:16:49.361 [INFO] Run ok (rep= 0 ) Dim= 2 wall_ms= 45153.5 count= 2.01242e+08 (exact) samples= 100000
2026-02-21 17:17:33.197 [INFO] Run ok (rep= 1 ) Dim= 2 wall_ms= 43836.2 count= 2.01242e+08 (exact) samples= 100000
2026-02-21 17:18:17.055 [INFO] Run ok (rep= 2 ) Dim= 2 wall_ms= 43857.8 count= 2.01242e+08 (exact) samples= 100000
2026-02-21 17:19:01.054 [INFO] Run ok (rep= 3 ) Dim= 2 wall_ms= 43998.6 count= 2.01242e+08 (exact) samples= 100000
2026-02-21 17:19:44.564 [INFO] Run ok (rep= 4 ) Dim= 2 wall_ms= 43510.2 count= 2.01242e+08 (exact) samples= 100000
2026-02-21 17:19:44.564 [INFO] Wall-time summary (ms) [all]: {"n":5,"mean":44071.3,"stdev":630.912,"sem":282.152,"min":43510.2,"max":45153.5,"median":43857.8,"p90":44691.5,"p95":44922.5,"p99":45107.3}
2026-02-21 17:19:44.564 [INFO] Wall-time summary (ms) [ok-only]: {"n":5,"mean":44071.3,"stdev":630.912,"sem":282.152,"min":43510.2,"max":45153.5,"median":43857.8,"p90":44691.5,"p95":44922.5,"p99":45107.3} ok_rate= 1
2026-02-21 17:19:44.564 [INFO] Wrote results to: results/exp2_d2/A_alpha/rectgen_d2_N1000000_alpha100_seed1/t100000/rt_enum/range_tree/enum_sampling/run.csv
	Command being timed: "timeout -k 30s 7200s /home/dhy/PhD/SJS/build/release/sjs_run --dataset_source=binary --dataset=rectgen_d2_N1000000_alpha100_seed1 --dim=2 --path_r=data/synthetic/exp2_d2/rectgen_d2_N1000000_alpha100_seed1/R.bin --path_s=data/synthetic/exp2_d2/rectgen_d2_N1000000_alpha100_seed1/S.bin --method=range_tree --variant=enum_sampling --t=100000 --seed=1 --repeats=5 --threads=1 --out_dir=results/exp2_d2/A_alpha/rectgen_d2_N1000000_alpha100_seed1/t100000/rt_enum/range_tree/enum_sampling --results_file=results/exp2_d2/A_alpha/rectgen_d2_N1000000_alpha100_seed1/t100000/rt_enum/range_tree/enum_sampling/run.csv --write_samples=0 --verify=0 --enum_cap=0 --budget=10000000 --w_small=1024 --prefetch=1"
	User time (seconds): 219.00
	System time (seconds): 1.50
	Percent of CPU this job got: 99%
	Elapsed (wall clock) time (h:mm:ss or m:ss): 3:40.61
	Average shared text size (kbytes): 0
	Average unshared data size (kbytes): 0
	Average stack size (kbytes): 0
	Average total size (kbytes): 0
	Maximum resident set size (kbytes): 2586172
	Average resident set size (kbytes): 0
	Major (requiring I/O) page faults: 0
	Minor (reclaiming a frame) page faults: 1178082
	Voluntary context switches: 3
	Involuntary context switches: 22789
	Swaps: 0
	File system inputs: 0
	File system outputs: 64
	Socket messages sent: 0
	Socket messages received: 0
	Signals delivered: 0
	Page size (bytes): 4096
	Exit status: 0
