2026-02-21 18:44:39.875 [INFO] Loaded dataset: rectgen_d2_N5000000_alpha200_seed1 Dim= 2 R= 5000000 S= 5000000
2026-02-21 18:44:39.876 [INFO] Baseline: range_tree_enum+sampling method= range_tree variant= enum_sampling Dim= 2
2026-02-21 18:52:39.027 [INFO] Run ok (rep= 0 ) Dim= 2 wall_ms= 479151 count= 2.00523e+09 (exact) samples= 100000
2026-02-21 19:00:29.604 [INFO] Run ok (rep= 1 ) Dim= 2 wall_ms= 470577 count= 2.00523e+09 (exact) samples= 100000
2026-02-21 19:08:20.543 [INFO] Run ok (rep= 2 ) Dim= 2 wall_ms= 470939 count= 2.00523e+09 (exact) samples= 100000
2026-02-21 19:16:11.303 [INFO] Run ok (rep= 3 ) Dim= 2 wall_ms= 470760 count= 2.00523e+09 (exact) samples= 100000
2026-02-21 19:24:00.751 [INFO] Run ok (rep= 4 ) Dim= 2 wall_ms= 469447 count= 2.00523e+09 (exact) samples= 100000
2026-02-21 19:24:00.751 [INFO] Wall-time summary (ms) [all]: {"n":5,"mean":472175,"stdev":3943.15,"sem":1763.43,"min":469447,"max":479151,"median":470760,"p90":475866,"p95":477509,"p99":478823}
2026-02-21 19:24:00.751 [INFO] Wall-time summary (ms) [ok-only]: {"n":5,"mean":472175,"stdev":3943.15,"sem":1763.43,"min":469447,"max":479151,"median":470760,"p90":475866,"p95":477509,"p99":478823} ok_rate= 1
2026-02-21 19:24:00.751 [INFO] Wrote results to: results/exp2_d2/B_N/rectgen_d2_N5000000_alpha200_seed1/t100000/rt_enum/range_tree/enum_sampling/run.csv
	Command being timed: "timeout -k 30s 7200s /home/dhy/PhD/SJS/build/release/sjs_run --dataset_source=binary --dataset=rectgen_d2_N5000000_alpha200_seed1 --dim=2 --path_r=data/synthetic/exp2_d2/rectgen_d2_N5000000_alpha200_seed1/R.bin --path_s=data/synthetic/exp2_d2/rectgen_d2_N5000000_alpha200_seed1/S.bin --method=range_tree --variant=enum_sampling --t=100000 --seed=1 --repeats=5 --threads=1 --out_dir=results/exp2_d2/B_N/rectgen_d2_N5000000_alpha200_seed1/t100000/rt_enum/range_tree/enum_sampling --results_file=results/exp2_d2/B_N/rectgen_d2_N5000000_alpha200_seed1/t100000/rt_enum/range_tree/enum_sampling/run.csv --write_samples=0 --verify=0 --enum_cap=0 --budget=10000000 --w_small=1024 --prefetch=1"
	User time (seconds): 2350.34
	System time (seconds): 10.70
	Percent of CPU this job got: 99%
	Elapsed (wall clock) time (h:mm:ss or m:ss): 39:22.11
	Average shared text size (kbytes): 0
	Average unshared data size (kbytes): 0
	Average stack size (kbytes): 0
	Average total size (kbytes): 0
	Maximum resident set size (kbytes): 19170024
	Average resident set size (kbytes): 0
	Major (requiring I/O) page faults: 0
	Minor (reclaiming a frame) page faults: 10814879
	Voluntary context switches: 3
	Involuntary context switches: 247548
	Swaps: 0
	File system inputs: 0
	File system outputs: 64
	Socket messages sent: 0
	Socket messages received: 0
	Signals delivered: 0
	Page size (bytes): 4096
	Exit status: 0
