2026-02-21 17:10:13.817 [INFO] Loaded dataset: rectgen_d2_N1000000_alpha30_seed1 Dim= 2 R= 1000000 S= 1000000
2026-02-21 17:10:13.817 [INFO] Baseline: range_tree_enum+sampling method= range_tree variant= enum_sampling Dim= 2
2026-02-21 17:10:46.137 [INFO] Run ok (rep= 0 ) Dim= 2 wall_ms= 32319.8 count= 6.02803e+07 (exact) samples= 100000
2026-02-21 17:11:18.168 [INFO] Run ok (rep= 1 ) Dim= 2 wall_ms= 32031.4 count= 6.02803e+07 (exact) samples= 100000
2026-02-21 17:11:50.060 [INFO] Run ok (rep= 2 ) Dim= 2 wall_ms= 31892.1 count= 6.02803e+07 (exact) samples= 100000
2026-02-21 17:12:21.875 [INFO] Run ok (rep= 3 ) Dim= 2 wall_ms= 31814.6 count= 6.02803e+07 (exact) samples= 100000
2026-02-21 17:12:53.754 [INFO] Run ok (rep= 4 ) Dim= 2 wall_ms= 31879 count= 6.02803e+07 (exact) samples= 100000
2026-02-21 17:12:53.754 [INFO] Wall-time summary (ms) [all]: {"n":5,"mean":31987.4,"stdev":201.924,"sem":90.3031,"min":31814.6,"max":32319.8,"median":31892.1,"p90":32204.4,"p95":32262.1,"p99":32308.2}
2026-02-21 17:12:53.754 [INFO] Wall-time summary (ms) [ok-only]: {"n":5,"mean":31987.4,"stdev":201.924,"sem":90.3031,"min":31814.6,"max":32319.8,"median":31892.1,"p90":32204.4,"p95":32262.1,"p99":32308.2} ok_rate= 1
2026-02-21 17:12:53.754 [INFO] Wrote results to: results/exp2_d2/A_alpha/rectgen_d2_N1000000_alpha30_seed1/t100000/rt_enum/range_tree/enum_sampling/run.csv
	Command being timed: "timeout -k 30s 7200s /home/dhy/PhD/SJS/build/release/sjs_run --dataset_source=binary --dataset=rectgen_d2_N1000000_alpha30_seed1 --dim=2 --path_r=data/synthetic/exp2_d2/rectgen_d2_N1000000_alpha30_seed1/R.bin --path_s=data/synthetic/exp2_d2/rectgen_d2_N1000000_alpha30_seed1/S.bin --method=range_tree --variant=enum_sampling --t=100000 --seed=1 --repeats=5 --threads=1 --out_dir=results/exp2_d2/A_alpha/rectgen_d2_N1000000_alpha30_seed1/t100000/rt_enum/range_tree/enum_sampling --results_file=results/exp2_d2/A_alpha/rectgen_d2_N1000000_alpha30_seed1/t100000/rt_enum/range_tree/enum_sampling/run.csv --write_samples=0 --verify=0 --enum_cap=0 --budget=10000000 --w_small=1024 --prefetch=1"
	User time (seconds): 158.77
	System time (seconds): 1.32
	Percent of CPU this job got: 99%
	Elapsed (wall clock) time (h:mm:ss or m:ss): 2:40.17
	Average shared text size (kbytes): 0
	Average unshared data size (kbytes): 0
	Average stack size (kbytes): 0
	Average total size (kbytes): 0
	Maximum resident set size (kbytes): 1137692
	Average resident set size (kbytes): 0
	Major (requiring I/O) page faults: 0
	Minor (reclaiming a frame) page faults: 463286
	Voluntary context switches: 3
	Involuntary context switches: 16599
	Swaps: 0
	File system inputs: 0
	File system outputs: 56
	Socket messages sent: 0
	Socket messages received: 0
	Signals delivered: 0
	Page size (bytes): 4096
	Exit status: 0
