2026-02-21 23:54:17.169 [INFO] Loaded dataset: rectgen_d2_N1000000_alpha200_seed1 Dim= 2 R= 1000000 S= 1000000
2026-02-21 23:54:17.169 [INFO] Baseline: kd_tree_sampling method= kd_tree variant= sampling Dim= 2
2026-02-21 23:54:28.168 [INFO] Run ok (rep= 0 ) Dim= 2 wall_ms= 10999.5 count= 4.03242e+08 (exact) samples= 1000000
2026-02-21 23:54:39.122 [INFO] Run ok (rep= 1 ) Dim= 2 wall_ms= 10953.9 count= 4.03242e+08 (exact) samples= 1000000
2026-02-21 23:54:50.103 [INFO] Run ok (rep= 2 ) Dim= 2 wall_ms= 10981.1 count= 4.03242e+08 (exact) samples= 1000000
2026-02-21 23:55:01.071 [INFO] Run ok (rep= 3 ) Dim= 2 wall_ms= 10967.7 count= 4.03242e+08 (exact) samples= 1000000
2026-02-21 23:55:12.032 [INFO] Run ok (rep= 4 ) Dim= 2 wall_ms= 10960.7 count= 4.03242e+08 (exact) samples= 1000000
2026-02-21 23:55:12.032 [INFO] Wall-time summary (ms) [all]: {"n":5,"mean":10972.6,"stdev":18.1002,"sem":8.09467,"min":10953.9,"max":10999.5,"median":10967.7,"p90":10992.1,"p95":10995.8,"p99":10998.8}
2026-02-21 23:55:12.032 [INFO] Wall-time summary (ms) [ok-only]: {"n":5,"mean":10972.6,"stdev":18.1002,"sem":8.09467,"min":10953.9,"max":10999.5,"median":10967.7,"p90":10992.1,"p95":10995.8,"p99":10998.8} ok_rate= 1
2026-02-21 23:55:12.032 [INFO] Wrote results to: results/exp2_d2/C_t/rectgen_d2_N1000000_alpha200_seed1/t1000000/kds_sampling/kd_tree/sampling/run.csv
	Command being timed: "timeout -k 30s 7200s /home/dhy/PhD/SJS/build/release/sjs_run --dataset_source=binary --dataset=rectgen_d2_N1000000_alpha200_seed1 --dim=2 --path_r=data/synthetic/exp2_d2/rectgen_d2_N1000000_alpha200_seed1/R.bin --path_s=data/synthetic/exp2_d2/rectgen_d2_N1000000_alpha200_seed1/S.bin --method=kd_tree --variant=sampling --t=1000000 --seed=1 --repeats=5 --threads=1 --out_dir=results/exp2_d2/C_t/rectgen_d2_N1000000_alpha200_seed1/t1000000/kds_sampling/kd_tree/sampling --results_file=results/exp2_d2/C_t/rectgen_d2_N1000000_alpha200_seed1/t1000000/kds_sampling/kd_tree/sampling/run.csv --write_samples=0 --verify=0 --enum_cap=0 --budget=10000000 --w_small=1024 --prefetch=1"
	User time (seconds): 54.89
	System time (seconds): 0.07
	Percent of CPU this job got: 99%
	Elapsed (wall clock) time (h:mm:ss or m:ss): 0:55.00
	Average shared text size (kbytes): 0
	Average unshared data size (kbytes): 0
	Average stack size (kbytes): 0
	Average total size (kbytes): 0
	Maximum resident set size (kbytes): 171004
	Average resident set size (kbytes): 0
	Major (requiring I/O) page faults: 0
	Minor (reclaiming a frame) page faults: 76780
	Voluntary context switches: 3
	Involuntary context switches: 5755
	Swaps: 0
	File system inputs: 0
	File system outputs: 32
	Socket messages sent: 0
	Socket messages received: 0
	Signals delivered: 0
	Page size (bytes): 4096
	Exit status: 0
