2026-02-21 22:44:50.116 [INFO] Loaded dataset: rectgen_d2_N200000_alpha200_seed1 Dim= 2 R= 200000 S= 200000
2026-02-21 22:44:50.116 [INFO] Baseline: range_tree_sampling method= range_tree variant= sampling Dim= 2
2026-02-21 22:44:58.670 [INFO] Run ok (rep= 0 ) Dim= 2 wall_ms= 8553.53 count= 8.00296e+07 (exact) samples= 100000
2026-02-21 22:45:07.177 [INFO] Run ok (rep= 1 ) Dim= 2 wall_ms= 8506.66 count= 8.00296e+07 (exact) samples= 100000
2026-02-21 22:45:15.715 [INFO] Run ok (rep= 2 ) Dim= 2 wall_ms= 8537.9 count= 8.00296e+07 (exact) samples= 100000
2026-02-21 22:45:24.180 [INFO] Run ok (rep= 3 ) Dim= 2 wall_ms= 8465.35 count= 8.00296e+07 (exact) samples= 100000
2026-02-21 22:45:32.738 [INFO] Run ok (rep= 4 ) Dim= 2 wall_ms= 8557.82 count= 8.00296e+07 (exact) samples= 100000
2026-02-21 22:45:32.738 [INFO] Wall-time summary (ms) [all]: {"n":5,"mean":8524.25,"stdev":38.5685,"sem":17.2484,"min":8465.35,"max":8557.82,"median":8537.9,"p90":8556.11,"p95":8556.96,"p99":8557.65}
2026-02-21 22:45:32.738 [INFO] Wall-time summary (ms) [ok-only]: {"n":5,"mean":8524.25,"stdev":38.5685,"sem":17.2484,"min":8465.35,"max":8557.82,"median":8537.9,"p90":8556.11,"p95":8556.96,"p99":8557.65} ok_rate= 1
2026-02-21 22:45:32.738 [INFO] Wrote results to: results/exp2_d2/B_N/rectgen_d2_N200000_alpha200_seed1/t100000/rt_adaptive/range_tree/sampling/run.csv
	Command being timed: "timeout -k 30s 7200s /home/dhy/PhD/SJS/build/release/sjs_run --dataset_source=binary --dataset=rectgen_d2_N200000_alpha200_seed1 --dim=2 --path_r=data/synthetic/exp2_d2/rectgen_d2_N200000_alpha200_seed1/R.bin --path_s=data/synthetic/exp2_d2/rectgen_d2_N200000_alpha200_seed1/S.bin --method=range_tree --variant=sampling --t=100000 --seed=1 --repeats=5 --threads=1 --out_dir=results/exp2_d2/B_N/rectgen_d2_N200000_alpha200_seed1/t100000/rt_adaptive/range_tree/sampling --results_file=results/exp2_d2/B_N/rectgen_d2_N200000_alpha200_seed1/t100000/rt_adaptive/range_tree/sampling/run.csv --write_samples=0 --verify=0 --enum_cap=0 --budget=10000000 --w_small=1024 --prefetch=1"
	User time (seconds): 42.63
	System time (seconds): 0.02
	Percent of CPU this job got: 99%
	Elapsed (wall clock) time (h:mm:ss or m:ss): 0:42.67
	Average shared text size (kbytes): 0
	Average unshared data size (kbytes): 0
	Average stack size (kbytes): 0
	Average total size (kbytes): 0
	Maximum resident set size (kbytes): 151388
	Average resident set size (kbytes): 0
	Major (requiring I/O) page faults: 0
	Minor (reclaiming a frame) page faults: 44347
	Voluntary context switches: 3
	Involuntary context switches: 4161
	Swaps: 0
	File system inputs: 0
	File system outputs: 32
	Socket messages sent: 0
	Socket messages received: 0
	Signals delivered: 0
	Page size (bytes): 4096
	Exit status: 0
