2026-02-21 17:07:23.628 [INFO] Loaded dataset: rectgen_d2_N1000000_alpha30_seed1 Dim= 2 R= 1000000 S= 1000000
2026-02-21 17:07:23.628 [INFO] Baseline: ours_highdims_enum+sampling method= ours variant= enum_sampling Dim= 2
2026-02-21 17:07:54.838 [INFO] Run ok (rep= 0 ) Dim= 2 wall_ms= 31209.3 count= 6.02803e+07 (exact) samples= 100000
2026-02-21 17:08:28.659 [INFO] Run ok (rep= 1 ) Dim= 2 wall_ms= 33821.4 count= 6.02803e+07 (exact) samples= 100000
2026-02-21 17:09:02.738 [INFO] Run ok (rep= 2 ) Dim= 2 wall_ms= 34078.7 count= 6.02803e+07 (exact) samples= 100000
2026-02-21 17:09:36.686 [INFO] Run ok (rep= 3 ) Dim= 2 wall_ms= 33948 count= 6.02803e+07 (exact) samples= 100000
2026-02-21 17:10:10.504 [INFO] Run ok (rep= 4 ) Dim= 2 wall_ms= 33818 count= 6.02803e+07 (exact) samples= 100000
2026-02-21 17:10:10.504 [INFO] Wall-time summary (ms) [all]: {"n":5,"mean":33375.1,"stdev":1215.45,"sem":543.567,"min":31209.3,"max":34078.7,"median":33821.4,"p90":34026.4,"p95":34052.5,"p99":34073.4}
2026-02-21 17:10:10.504 [INFO] Wall-time summary (ms) [ok-only]: {"n":5,"mean":33375.1,"stdev":1215.45,"sem":543.567,"min":31209.3,"max":34078.7,"median":33821.4,"p90":34026.4,"p95":34052.5,"p99":34073.4} ok_rate= 1
2026-02-21 17:10:10.504 [INFO] Wrote results to: results/exp2_d2/A_alpha/rectgen_d2_N1000000_alpha30_seed1/t100000/sjs_enum/ours/enum_sampling/run.csv
	Command being timed: "timeout -k 30s 7200s /home/dhy/PhD/SJS/build/release/sjs_run --dataset_source=binary --dataset=rectgen_d2_N1000000_alpha30_seed1 --dim=2 --path_r=data/synthetic/exp2_d2/rectgen_d2_N1000000_alpha30_seed1/R.bin --path_s=data/synthetic/exp2_d2/rectgen_d2_N1000000_alpha30_seed1/S.bin --method=ours --variant=enum_sampling --t=100000 --seed=1 --repeats=5 --threads=1 --out_dir=results/exp2_d2/A_alpha/rectgen_d2_N1000000_alpha30_seed1/t100000/sjs_enum/ours/enum_sampling --results_file=results/exp2_d2/A_alpha/rectgen_d2_N1000000_alpha30_seed1/t100000/sjs_enum/ours/enum_sampling/run.csv --write_samples=0 --verify=0 --enum_cap=0 --budget=10000000 --w_small=1024 --prefetch=1"
	User time (seconds): 168.62
	System time (seconds): 1.47
	Percent of CPU this job got: 99%
	Elapsed (wall clock) time (h:mm:ss or m:ss): 2:50.17
	Average shared text size (kbytes): 0
	Average unshared data size (kbytes): 0
	Average stack size (kbytes): 0
	Average total size (kbytes): 0
	Maximum resident set size (kbytes): 1887540
	Average resident set size (kbytes): 0
	Major (requiring I/O) page faults: 0
	Minor (reclaiming a frame) page faults: 698566
	Voluntary context switches: 3
	Involuntary context switches: 17584
	Swaps: 0
	File system inputs: 0
	File system outputs: 56
	Socket messages sent: 0
	Socket messages received: 0
	Signals delivered: 0
	Page size (bytes): 4096
	Exit status: 0
